Archive member included because of file (symbol)

c:/altera/13.1/nios2eds/bin/gnu/h-i686-mingw32/bin/../lib/gcc/nios2-elf/4.7.3/mno-hw-mul\libgcc.a(lib2-mul.o)
                              obj/default/main.o (__mulsi3)
c:/altera/13.1/nios2eds/bin/gnu/h-i686-mingw32/bin/../lib/gcc/nios2-elf/4.7.3/../../../../../H-i686-mingw32/nios2-elf/lib/mno-hw-mul\libsmallc.a(lib_a-printf.o)
                              obj/default/main.o (printf)
c:/altera/13.1/nios2eds/bin/gnu/h-i686-mingw32/bin/../lib/gcc/nios2-elf/4.7.3/../../../../../H-i686-mingw32/nios2-elf/lib/mno-hw-mul\libsmallc.a(lib_a-putchar.o)
                              obj/default/main.o (putchar)
c:/altera/13.1/nios2eds/bin/gnu/h-i686-mingw32/bin/../lib/gcc/nios2-elf/4.7.3/../../../../../H-i686-mingw32/nios2-elf/lib/mno-hw-mul\libsmallc.a(lib_a-puts.o)
                              obj/default/main.o (puts)
c:/altera/13.1/nios2eds/bin/gnu/h-i686-mingw32/bin/../lib/gcc/nios2-elf/4.7.3/../../../../../H-i686-mingw32/nios2-elf/lib/mno-hw-mul\libsmallc.a(lib_a-strlen.o)
                              c:/altera/13.1/nios2eds/bin/gnu/h-i686-mingw32/bin/../lib/gcc/nios2-elf/4.7.3/../../../../../H-i686-mingw32/nios2-elf/lib/mno-hw-mul\libsmallc.a(lib_a-puts.o) (strlen)
c:/altera/13.1/nios2eds/bin/gnu/h-i686-mingw32/bin/../lib/gcc/nios2-elf/4.7.3/../../../../../H-i686-mingw32/nios2-elf/lib/mno-hw-mul\libsmallc.a(lib_a-vfprintf.o)
                              c:/altera/13.1/nios2eds/bin/gnu/h-i686-mingw32/bin/../lib/gcc/nios2-elf/4.7.3/../../../../../H-i686-mingw32/nios2-elf/lib/mno-hw-mul\libsmallc.a(lib_a-printf.o) (___vfprintf_internal_r)
c:/altera/13.1/nios2eds/bin/gnu/h-i686-mingw32/bin/../lib/gcc/nios2-elf/4.7.3/../../../../../H-i686-mingw32/nios2-elf/lib/mno-hw-mul\libsmallc.a(lib_a-fvwrite_small_dev.o)
                              c:/altera/13.1/nios2eds/bin/gnu/h-i686-mingw32/bin/../lib/gcc/nios2-elf/4.7.3/../../../../../H-i686-mingw32/nios2-elf/lib/mno-hw-mul\libsmallc.a(lib_a-printf.o) (__sfvwrite_small_dev)
c:/altera/13.1/nios2eds/bin/gnu/h-i686-mingw32/bin/../lib/gcc/nios2-elf/4.7.3/../../../../../H-i686-mingw32/nios2-elf/lib/mno-hw-mul\libsmallc.a(lib_a-impure.o)
                              c:/altera/13.1/nios2eds/bin/gnu/h-i686-mingw32/bin/../lib/gcc/nios2-elf/4.7.3/../../../../../H-i686-mingw32/nios2-elf/lib/mno-hw-mul\libsmallc.a(lib_a-printf.o) (_impure_ptr)
c:/altera/13.1/nios2eds/bin/gnu/h-i686-mingw32/bin/../lib/gcc/nios2-elf/4.7.3/../../../../../H-i686-mingw32/nios2-elf/lib/mno-hw-mul\libsmallc.a(lib_a-putc.o)
                              c:/altera/13.1/nios2eds/bin/gnu/h-i686-mingw32/bin/../lib/gcc/nios2-elf/4.7.3/../../../../../H-i686-mingw32/nios2-elf/lib/mno-hw-mul\libsmallc.a(lib_a-putchar.o) (_putc_r)
c:/altera/13.1/nios2eds/bin/gnu/h-i686-mingw32/bin/../lib/gcc/nios2-elf/4.7.3/../../../../../H-i686-mingw32/nios2-elf/lib/mno-hw-mul\libsmallc.a(lib_a-writer.o)
                              c:/altera/13.1/nios2eds/bin/gnu/h-i686-mingw32/bin/../lib/gcc/nios2-elf/4.7.3/../../../../../H-i686-mingw32/nios2-elf/lib/mno-hw-mul\libsmallc.a(lib_a-fvwrite_small_dev.o) (_write_r)
c:/altera/13.1/nios2eds/bin/gnu/h-i686-mingw32/bin/../lib/gcc/nios2-elf/4.7.3/../../../../../H-i686-mingw32/nios2-elf/lib/mno-hw-mul\libsmallc.a(lib_a-int_errno.o)
                              c:/altera/13.1/nios2eds/bin/gnu/h-i686-mingw32/bin/../lib/gcc/nios2-elf/4.7.3/../../../../../H-i686-mingw32/nios2-elf/lib/mno-hw-mul\libsmallc.a(lib_a-writer.o) (errno)
c:/altera/13.1/nios2eds/bin/gnu/h-i686-mingw32/bin/../lib/gcc/nios2-elf/4.7.3/mno-hw-mul\libgcc.a(lib2-divmod.o)
                              c:/altera/13.1/nios2eds/bin/gnu/h-i686-mingw32/bin/../lib/gcc/nios2-elf/4.7.3/../../../../../H-i686-mingw32/nios2-elf/lib/mno-hw-mul\libsmallc.a(lib_a-vfprintf.o) (__udivsi3)
../stage2_bsp/\libhal_bsp.a(alt_load.o)
                              ../stage2_bsp//obj/HAL/src/crt0.o (alt_load)
../stage2_bsp/\libhal_bsp.a(alt_main.o)
                              ../stage2_bsp//obj/HAL/src/crt0.o (alt_main)
../stage2_bsp/\libhal_bsp.a(alt_write.o)
                              c:/altera/13.1/nios2eds/bin/gnu/h-i686-mingw32/bin/../lib/gcc/nios2-elf/4.7.3/../../../../../H-i686-mingw32/nios2-elf/lib/mno-hw-mul\libsmallc.a(lib_a-writer.o) (write)
../stage2_bsp/\libhal_bsp.a(alt_sys_init.o)
                              ../stage2_bsp/\libhal_bsp.a(alt_main.o) (alt_irq_init)
../stage2_bsp/\libhal_bsp.a(altera_avalon_jtag_uart_fd.o)
                              ../stage2_bsp/\libhal_bsp.a(alt_sys_init.o) (altera_avalon_jtag_uart_read_fd)
../stage2_bsp/\libhal_bsp.a(altera_avalon_jtag_uart_read.o)
                              ../stage2_bsp/\libhal_bsp.a(altera_avalon_jtag_uart_fd.o) (altera_avalon_jtag_uart_read)
../stage2_bsp/\libhal_bsp.a(altera_avalon_jtag_uart_write.o)
                              ../stage2_bsp/\libhal_bsp.a(altera_avalon_jtag_uart_fd.o) (altera_avalon_jtag_uart_write)
../stage2_bsp/\libhal_bsp.a(altera_avalon_timer_sc.o)
                              ../stage2_bsp/\libhal_bsp.a(alt_sys_init.o) (alt_avalon_timer_sc_init)
../stage2_bsp/\libhal_bsp.a(alt_close.o)
                              ../stage2_bsp/\libhal_bsp.a(alt_main.o) (close)
../stage2_bsp/\libhal_bsp.a(alt_dcache_flush_all.o)
                              ../stage2_bsp/\libhal_bsp.a(alt_load.o) (alt_dcache_flush_all)
../stage2_bsp/\libhal_bsp.a(alt_dev.o)
                              ../stage2_bsp/\libhal_bsp.a(alt_sys_init.o) (alt_dev_list)
../stage2_bsp/\libhal_bsp.a(alt_dev_llist_insert.o)
                              ../stage2_bsp/\libhal_bsp.a(alt_sys_init.o) (alt_dev_llist_insert)
../stage2_bsp/\libhal_bsp.a(alt_do_ctors.o)
                              ../stage2_bsp/\libhal_bsp.a(alt_main.o) (_do_ctors)
../stage2_bsp/\libhal_bsp.a(alt_do_dtors.o)
                              ../stage2_bsp/\libhal_bsp.a(alt_main.o) (_do_dtors)
../stage2_bsp/\libhal_bsp.a(alt_errno.o)
                              ../stage2_bsp/\libhal_bsp.a(alt_write.o) (alt_errno)
../stage2_bsp/\libhal_bsp.a(alt_icache_flush_all.o)
                              ../stage2_bsp/\libhal_bsp.a(alt_load.o) (alt_icache_flush_all)
../stage2_bsp/\libhal_bsp.a(alt_iic.o)
                              ../stage2_bsp/\libhal_bsp.a(altera_avalon_timer_sc.o) (alt_ic_isr_register)
../stage2_bsp/\libhal_bsp.a(alt_iic_isr_register.o)
                              ../stage2_bsp/\libhal_bsp.a(alt_iic.o) (alt_iic_isr_register)
../stage2_bsp/\libhal_bsp.a(alt_io_redirect.o)
                              ../stage2_bsp/\libhal_bsp.a(alt_main.o) (alt_io_redirect)
../stage2_bsp/\libhal_bsp.a(alt_irq_entry.o)
                              ../stage2_bsp/\libhal_bsp.a(alt_iic_isr_register.o) (alt_irq_entry)
../stage2_bsp/\libhal_bsp.a(alt_irq_handler.o)
                              ../stage2_bsp/\libhal_bsp.a(alt_iic_isr_register.o) (alt_irq)
../stage2_bsp/\libhal_bsp.a(alt_irq_vars.o)
                              ../stage2_bsp/\libhal_bsp.a(alt_iic.o) (alt_irq_active)
../stage2_bsp/\libhal_bsp.a(alt_open.o)
                              ../stage2_bsp/\libhal_bsp.a(alt_io_redirect.o) (open)
../stage2_bsp/\libhal_bsp.a(alt_release_fd.o)
                              ../stage2_bsp/\libhal_bsp.a(alt_close.o) (alt_release_fd)
../stage2_bsp/\libhal_bsp.a(alt_tick.o)
                              ../stage2_bsp/\libhal_bsp.a(altera_avalon_timer_sc.o) (_alt_tick_rate)
../stage2_bsp/\libhal_bsp.a(altera_nios2_qsys_irq.o)
                              ../stage2_bsp/\libhal_bsp.a(alt_sys_init.o) (altera_nios2_qsys_irq_init)
../stage2_bsp/\libhal_bsp.a(alt_exception_entry.o)
                              ../stage2_bsp/\libhal_bsp.a(alt_irq_entry.o) (alt_exception)
../stage2_bsp/\libhal_bsp.a(alt_find_dev.o)
                              ../stage2_bsp/\libhal_bsp.a(alt_open.o) (alt_find_dev)
../stage2_bsp/\libhal_bsp.a(alt_find_file.o)
                              ../stage2_bsp/\libhal_bsp.a(alt_open.o) (alt_find_file)
../stage2_bsp/\libhal_bsp.a(alt_get_fd.o)
                              ../stage2_bsp/\libhal_bsp.a(alt_open.o) (alt_get_fd)
c:/altera/13.1/nios2eds/bin/gnu/h-i686-mingw32/bin/../lib/gcc/nios2-elf/4.7.3/../../../../../H-i686-mingw32/nios2-elf/lib/mno-hw-mul\libsmallc.a(lib_a-atexit.o)
                              ../stage2_bsp/\libhal_bsp.a(alt_main.o) (atexit)
c:/altera/13.1/nios2eds/bin/gnu/h-i686-mingw32/bin/../lib/gcc/nios2-elf/4.7.3/../../../../../H-i686-mingw32/nios2-elf/lib/mno-hw-mul\libsmallc.a(lib_a-exit.o)
                              ../stage2_bsp/\libhal_bsp.a(alt_main.o) (exit)
c:/altera/13.1/nios2eds/bin/gnu/h-i686-mingw32/bin/../lib/gcc/nios2-elf/4.7.3/../../../../../H-i686-mingw32/nios2-elf/lib/mno-hw-mul\libsmallc.a(lib_a-memcmp.o)
                              ../stage2_bsp/\libhal_bsp.a(alt_find_dev.o) (memcmp)
c:/altera/13.1/nios2eds/bin/gnu/h-i686-mingw32/bin/../lib/gcc/nios2-elf/4.7.3/../../../../../H-i686-mingw32/nios2-elf/lib/mno-hw-mul\libsmallc.a(lib_a-__atexit.o)
                              c:/altera/13.1/nios2eds/bin/gnu/h-i686-mingw32/bin/../lib/gcc/nios2-elf/4.7.3/../../../../../H-i686-mingw32/nios2-elf/lib/mno-hw-mul\libsmallc.a(lib_a-atexit.o) (__register_exitproc)
c:/altera/13.1/nios2eds/bin/gnu/h-i686-mingw32/bin/../lib/gcc/nios2-elf/4.7.3/../../../../../H-i686-mingw32/nios2-elf/lib/mno-hw-mul\libsmallc.a(lib_a-__call_atexit.o)
                              c:/altera/13.1/nios2eds/bin/gnu/h-i686-mingw32/bin/../lib/gcc/nios2-elf/4.7.3/../../../../../H-i686-mingw32/nios2-elf/lib/mno-hw-mul\libsmallc.a(lib_a-exit.o) (__call_exitprocs)
../stage2_bsp/\libhal_bsp.a(alt_exit.o)
                              c:/altera/13.1/nios2eds/bin/gnu/h-i686-mingw32/bin/../lib/gcc/nios2-elf/4.7.3/../../../../../H-i686-mingw32/nios2-elf/lib/mno-hw-mul\libsmallc.a(lib_a-exit.o) (_exit)

Allocating common symbols
Common symbol       size              file

alt_irq             0x100             ../stage2_bsp/\libhal_bsp.a(alt_irq_handler.o)
errno               0x4               c:/altera/13.1/nios2eds/bin/gnu/h-i686-mingw32/bin/../lib/gcc/nios2-elf/4.7.3/../../../../../H-i686-mingw32/nios2-elf/lib/mno-hw-mul\libsmallc.a(lib_a-int_errno.o)
_atexit0            0x8c              c:/altera/13.1/nios2eds/bin/gnu/h-i686-mingw32/bin/../lib/gcc/nios2-elf/4.7.3/../../../../../H-i686-mingw32/nios2-elf/lib/mno-hw-mul\libsmallc.a(lib_a-atexit.o)

Memory Configuration

Name             Origin             Length             Attributes
reset            0x00010000         0x00000020
mem_2            0x00010020         0x0000bb60
*default*        0x00000000         0xffffffff

Linker script and memory map

LOAD ../stage2_bsp//obj/HAL/src/crt0.o
LOAD obj/default/levelshift.o
LOAD obj/default/main.o
LOAD obj/default/nios2_common/fifo_io.o
LOAD c:/altera/13.1/nios2eds/bin/gnu/h-i686-mingw32/bin/../lib/gcc/nios2-elf/4.7.3/../../../../../H-i686-mingw32/nios2-elf/lib/mno-hw-mul\libstdc++.a
LOAD c:/altera/13.1/nios2eds/bin/gnu/h-i686-mingw32/bin/../lib/gcc/nios2-elf/4.7.3/../../../../../H-i686-mingw32/nios2-elf/lib/mno-hw-mul\libm.a
LOAD c:/altera/13.1/nios2eds/bin/gnu/h-i686-mingw32/bin/../lib/gcc/nios2-elf/4.7.3/mno-hw-mul\libgcc.a
START GROUP
LOAD c:/altera/13.1/nios2eds/bin/gnu/h-i686-mingw32/bin/../lib/gcc/nios2-elf/4.7.3/../../../../../H-i686-mingw32/nios2-elf/lib/mno-hw-mul\libsmallc.a
LOAD c:/altera/13.1/nios2eds/bin/gnu/h-i686-mingw32/bin/../lib/gcc/nios2-elf/4.7.3/mno-hw-mul\libgcc.a
LOAD ../stage2_bsp/\libhal_bsp.a
END GROUP
LOAD c:/altera/13.1/nios2eds/bin/gnu/h-i686-mingw32/bin/../lib/gcc/nios2-elf/4.7.3/mno-hw-mul\libgcc.a
                0x00010000                __alt_mem_mem_2 = 0x10000

.entry          0x00010000       0x20
 *(.entry)
 .entry         0x00010000       0x20 ../stage2_bsp//obj/HAL/src/crt0.o
                0x00010000                __reset

.exceptions     0x00010020      0x198
                0x00010020                PROVIDE (__ram_exceptions_start, ABSOLUTE (.))
                0x00010020                . = ALIGN (0x20)
 *(.irq)
 *(.exceptions.entry.label)
 .exceptions.entry.label
                0x00010020        0x0 ../stage2_bsp/\libhal_bsp.a(alt_irq_entry.o)
                0x00010020                alt_irq_entry
 .exceptions.entry.label
                0x00010020        0x0 ../stage2_bsp/\libhal_bsp.a(alt_exception_entry.o)
                0x00010020                alt_exception
 *(.exceptions.entry.user)
 *(.exceptions.entry.ecc_fatal)
 *(.exceptions.entry)
 .exceptions.entry
                0x00010020       0x54 ../stage2_bsp/\libhal_bsp.a(alt_exception_entry.o)
 *(.exceptions.irqtest.user)
 *(.exceptions.irqtest)
 .exceptions.irqtest
                0x00010074       0x10 ../stage2_bsp/\libhal_bsp.a(alt_irq_entry.o)
 *(.exceptions.irqhandler.user)
 *(.exceptions.irqhandler)
 .exceptions.irqhandler
                0x00010084        0x4 ../stage2_bsp/\libhal_bsp.a(alt_irq_entry.o)
 *(.exceptions.irqreturn.user)
 *(.exceptions.irqreturn)
 .exceptions.irqreturn
                0x00010088        0x4 ../stage2_bsp/\libhal_bsp.a(alt_irq_entry.o)
 *(.exceptions.notirq.label)
 .exceptions.notirq.label
                0x0001008c        0x0 ../stage2_bsp/\libhal_bsp.a(alt_irq_entry.o)
 *(.exceptions.notirq.user)
 *(.exceptions.notirq)
 .exceptions.notirq
                0x0001008c        0x8 ../stage2_bsp/\libhal_bsp.a(alt_exception_entry.o)
 *(.exceptions.soft.user)
 *(.exceptions.soft)
 *(.exceptions.unknown.user)
 *(.exceptions.unknown)
 .exceptions.unknown
                0x00010094        0x4 ../stage2_bsp/\libhal_bsp.a(alt_exception_entry.o)
 *(.exceptions.exit.label)
 .exceptions.exit.label
                0x00010098        0x0 ../stage2_bsp/\libhal_bsp.a(alt_irq_entry.o)
 .exceptions.exit.label
                0x00010098        0x0 ../stage2_bsp/\libhal_bsp.a(alt_exception_entry.o)
 *(.exceptions.exit.user)
 *(.exceptions.exit)
 .exceptions.exit
                0x00010098       0x54 ../stage2_bsp/\libhal_bsp.a(alt_exception_entry.o)
 *(.exceptions)
 .exceptions    0x000100ec       0xcc ../stage2_bsp/\libhal_bsp.a(alt_irq_handler.o)
                0x000100ec                alt_irq_handler
                0x000101b8                PROVIDE (__ram_exceptions_end, ABSOLUTE (.))
                0x00010020                PROVIDE (__flash_exceptions_start, LOADADDR (.exceptions))

.text           0x000101b8     0x29c0
                0x000101b8                PROVIDE (stext, ABSOLUTE (.))
 *(.interp)
 *(.hash)
 *(.dynsym)
 *(.dynstr)
 *(.gnu.version)
 *(.gnu.version_d)
 *(.gnu.version_r)
 *(.rel.init)
 *(.rela.init)
 *(.rel.text .rel.text.* .rel.gnu.linkonce.t.*)
 *(.rela.text .rela.text.* .rela.gnu.linkonce.t.*)
 *(.rel.fini)
 *(.rela.fini)
 *(.rel.rodata .rel.rodata.* .rel.gnu.linkonce.r.*)
 *(.rela.rodata .rela.rodata.* .rela.gnu.linkonce.r.*)
 *(.rel.data .rel.data.* .rel.gnu.linkonce.d.*)
 *(.rela.data .rela.data.* .rela.gnu.linkonce.d.*)
 *(.rel.tdata .rel.tdata.* .rel.gnu.linkonce.td.*)
 *(.rela.tdata .rela.tdata.* .rela.gnu.linkonce.td.*)
 *(.rel.tbss .rel.tbss.* .rel.gnu.linkonce.tb.*)
 *(.rela.tbss .rela.tbss.* .rela.gnu.linkonce.tb.*)
 *(.rel.ctors)
 *(.rela.ctors)
 *(.rel.dtors)
 *(.rela.dtors)
 *(.rel.got)
 *(.rela.got)
 *(.rel.sdata .rel.sdata.* .rel.gnu.linkonce.s.*)
 *(.rela.sdata .rela.sdata.* .rela.gnu.linkonce.s.*)
 *(.rel.sbss .rel.sbss.* .rel.gnu.linkonce.sb.*)
 *(.rela.sbss .rela.sbss.* .rela.gnu.linkonce.sb.*)
 *(.rel.sdata2 .rel.sdata2.* .rel.gnu.linkonce.s2.*)
 *(.rela.sdata2 .rela.sdata2.* .rela.gnu.linkonce.s2.*)
 *(.rel.sbss2 .rel.sbss2.* .rel.gnu.linkonce.sb2.*)
 *(.rela.sbss2 .rela.sbss2.* .rela.gnu.linkonce.sb2.*)
 *(.rel.bss .rel.bss.* .rel.gnu.linkonce.b.*)
 *(.rela.bss .rela.bss.* .rela.gnu.linkonce.b.*)
 *(.rel.plt)
 *(.rela.plt)
 *(.rel.dyn)
 *(.init)
 *(.plt)
 *(.text .stub .text.* .gnu.linkonce.t.*)
 .text          0x000101b8       0x3c ../stage2_bsp//obj/HAL/src/crt0.o
                0x000101b8                _start
 .text          0x000101f4       0x6c obj/default/levelshift.o
                0x000101f4                levelshift
 .text          0x00010260      0x264 obj/default/main.o
                0x00010260                main
 .text          0x000104c4      0x13c obj/default/nios2_common/fifo_io.o
                0x000104c4                fifo_init
                0x000104f4                fifo_read_block
                0x00010574                fifo_write_block
 .text          0x00010600       0x28 c:/altera/13.1/nios2eds/bin/gnu/h-i686-mingw32/bin/../lib/gcc/nios2-elf/4.7.3/mno-hw-mul\libgcc.a(lib2-mul.o)
                0x00010600                __mulsi3
 .text          0x00010628       0x88 c:/altera/13.1/nios2eds/bin/gnu/h-i686-mingw32/bin/../lib/gcc/nios2-elf/4.7.3/../../../../../H-i686-mingw32/nios2-elf/lib/mno-hw-mul\libsmallc.a(lib_a-printf.o)
                0x00010628                _printf_r
                0x00010664                printf
 .text          0x000106b0       0x24 c:/altera/13.1/nios2eds/bin/gnu/h-i686-mingw32/bin/../lib/gcc/nios2-elf/4.7.3/../../../../../H-i686-mingw32/nios2-elf/lib/mno-hw-mul\libsmallc.a(lib_a-putchar.o)
                0x000106b0                _putchar_r
                0x000106b8                putchar
 .text          0x000106d4       0x94 c:/altera/13.1/nios2eds/bin/gnu/h-i686-mingw32/bin/../lib/gcc/nios2-elf/4.7.3/../../../../../H-i686-mingw32/nios2-elf/lib/mno-hw-mul\libsmallc.a(lib_a-puts.o)
                0x000106d4                _puts_r
                0x00010754                puts
 .text          0x00010768       0x28 c:/altera/13.1/nios2eds/bin/gnu/h-i686-mingw32/bin/../lib/gcc/nios2-elf/4.7.3/../../../../../H-i686-mingw32/nios2-elf/lib/mno-hw-mul\libsmallc.a(lib_a-strlen.o)
                0x00010768                strlen
 .text          0x00010790      0x758 c:/altera/13.1/nios2eds/bin/gnu/h-i686-mingw32/bin/../lib/gcc/nios2-elf/4.7.3/../../../../../H-i686-mingw32/nios2-elf/lib/mno-hw-mul\libsmallc.a(lib_a-vfprintf.o)
                0x00010790                ___vfprintf_internal_r
                0x00010ec4                __vfprintf_internal
 .text          0x00010ee8       0xe0 c:/altera/13.1/nios2eds/bin/gnu/h-i686-mingw32/bin/../lib/gcc/nios2-elf/4.7.3/../../../../../H-i686-mingw32/nios2-elf/lib/mno-hw-mul\libsmallc.a(lib_a-fvwrite_small_dev.o)
                0x00010ee8                __sfvwrite_small_dev
 .text          0x00010fc8        0x0 c:/altera/13.1/nios2eds/bin/gnu/h-i686-mingw32/bin/../lib/gcc/nios2-elf/4.7.3/../../../../../H-i686-mingw32/nios2-elf/lib/mno-hw-mul\libsmallc.a(lib_a-impure.o)
 .text          0x00010fc8       0xbc c:/altera/13.1/nios2eds/bin/gnu/h-i686-mingw32/bin/../lib/gcc/nios2-elf/4.7.3/../../../../../H-i686-mingw32/nios2-elf/lib/mno-hw-mul\libsmallc.a(lib_a-putc.o)
                0x00010fc8                putc
                0x00011024                _putc_r
 .text          0x00011084       0x6c c:/altera/13.1/nios2eds/bin/gnu/h-i686-mingw32/bin/../lib/gcc/nios2-elf/4.7.3/../../../../../H-i686-mingw32/nios2-elf/lib/mno-hw-mul\libsmallc.a(lib_a-writer.o)
                0x00011084                _write_r
 .text          0x000110f0        0x0 c:/altera/13.1/nios2eds/bin/gnu/h-i686-mingw32/bin/../lib/gcc/nios2-elf/4.7.3/../../../../../H-i686-mingw32/nios2-elf/lib/mno-hw-mul\libsmallc.a(lib_a-int_errno.o)
 .text          0x000110f0      0x130 c:/altera/13.1/nios2eds/bin/gnu/h-i686-mingw32/bin/../lib/gcc/nios2-elf/4.7.3/mno-hw-mul\libgcc.a(lib2-divmod.o)
                0x00011164                __divsi3
                0x000111b4                __modsi3
                0x00011210                __udivsi3
                0x00011218                __umodsi3
 .text          0x00011220       0xec ../stage2_bsp/\libhal_bsp.a(alt_load.o)
                0x0001128c                alt_load
 .text          0x0001130c       0x78 ../stage2_bsp/\libhal_bsp.a(alt_main.o)
                0x0001130c                alt_main
 .text          0x00011384      0x140 ../stage2_bsp/\libhal_bsp.a(alt_write.o)
                0x000113d4                write
 .text          0x000114c4       0xc0 ../stage2_bsp/\libhal_bsp.a(alt_sys_init.o)
                0x000114fc                alt_irq_init
                0x00011530                alt_sys_init
 .text          0x00011584       0xc0 ../stage2_bsp/\libhal_bsp.a(altera_avalon_jtag_uart_fd.o)
                0x00011584                altera_avalon_jtag_uart_read_fd
                0x000115e4                altera_avalon_jtag_uart_write_fd
 .text          0x00011644       0xf4 ../stage2_bsp/\libhal_bsp.a(altera_avalon_jtag_uart_read.o)
                0x00011644                altera_avalon_jtag_uart_read
 .text          0x00011738       0x98 ../stage2_bsp/\libhal_bsp.a(altera_avalon_jtag_uart_write.o)
                0x00011738                altera_avalon_jtag_uart_write
 .text          0x000117d0       0xfc ../stage2_bsp/\libhal_bsp.a(altera_avalon_timer_sc.o)
                0x00011844                alt_avalon_timer_sc_init
 .text          0x000118cc      0x11c ../stage2_bsp/\libhal_bsp.a(alt_close.o)
                0x0001191c                close
 .text          0x000119e8       0x1c ../stage2_bsp/\libhal_bsp.a(alt_dcache_flush_all.o)
                0x000119e8                alt_dcache_flush_all
 .text          0x00011a04       0x2c ../stage2_bsp/\libhal_bsp.a(alt_dev.o)
 .text          0x00011a30       0xf0 ../stage2_bsp/\libhal_bsp.a(alt_dev_llist_insert.o)
                0x00011a80                alt_dev_llist_insert
 .text          0x00011b20       0x5c ../stage2_bsp/\libhal_bsp.a(alt_do_ctors.o)
                0x00011b20                _do_ctors
 .text          0x00011b7c       0x5c ../stage2_bsp/\libhal_bsp.a(alt_do_dtors.o)
                0x00011b7c                _do_dtors
 .text          0x00011bd8        0x0 ../stage2_bsp/\libhal_bsp.a(alt_errno.o)
 .text          0x00011bd8       0x1c ../stage2_bsp/\libhal_bsp.a(alt_icache_flush_all.o)
                0x00011bd8                alt_icache_flush_all
 .text          0x00011bf4      0x1d8 ../stage2_bsp/\libhal_bsp.a(alt_iic.o)
                0x00011bf4                alt_ic_isr_register
                0x00011c44                alt_ic_irq_enable
                0x00011ce0                alt_ic_irq_disable
                0x00011d80                alt_ic_irq_enabled
 .text          0x00011dcc       0xf0 ../stage2_bsp/\libhal_bsp.a(alt_iic_isr_register.o)
                0x00011dcc                alt_iic_isr_register
 .text          0x00011ebc      0x158 ../stage2_bsp/\libhal_bsp.a(alt_io_redirect.o)
                0x00011f9c                alt_io_redirect
 .text          0x00012014        0x0 ../stage2_bsp/\libhal_bsp.a(alt_irq_entry.o)
 .text          0x00012014        0x0 ../stage2_bsp/\libhal_bsp.a(alt_irq_handler.o)
 .text          0x00012014        0x0 ../stage2_bsp/\libhal_bsp.a(alt_irq_vars.o)
 .text          0x00012014      0x298 ../stage2_bsp/\libhal_bsp.a(alt_open.o)
                0x00012154                open
 .text          0x000122ac       0x80 ../stage2_bsp/\libhal_bsp.a(alt_release_fd.o)
                0x000122ac                alt_release_fd
 .text          0x0001232c      0x19c ../stage2_bsp/\libhal_bsp.a(alt_tick.o)
                0x0001232c                alt_alarm_stop
                0x000123c4                alt_tick
 .text          0x000124c8       0x20 ../stage2_bsp/\libhal_bsp.a(altera_nios2_qsys_irq.o)
                0x000124c8                altera_nios2_qsys_irq_init
 .text          0x000124e8        0x0 ../stage2_bsp/\libhal_bsp.a(alt_exception_entry.o)
 .text          0x000124e8       0x90 ../stage2_bsp/\libhal_bsp.a(alt_find_dev.o)
                0x000124e8                alt_find_dev
 .text          0x00012578      0x114 ../stage2_bsp/\libhal_bsp.a(alt_find_file.o)
                0x00012578                alt_find_file
 .text          0x0001268c       0xd4 ../stage2_bsp/\libhal_bsp.a(alt_get_fd.o)
                0x0001268c                alt_get_fd
 .text          0x00012760       0x14 c:/altera/13.1/nios2eds/bin/gnu/h-i686-mingw32/bin/../lib/gcc/nios2-elf/4.7.3/../../../../../H-i686-mingw32/nios2-elf/lib/mno-hw-mul\libsmallc.a(lib_a-atexit.o)
                0x00012760                atexit
 .text          0x00012774       0x20 c:/altera/13.1/nios2eds/bin/gnu/h-i686-mingw32/bin/../lib/gcc/nios2-elf/4.7.3/../../../../../H-i686-mingw32/nios2-elf/lib/mno-hw-mul\libsmallc.a(lib_a-exit.o)
                0x00012774                exit
 .text          0x00012794       0x48 c:/altera/13.1/nios2eds/bin/gnu/h-i686-mingw32/bin/../lib/gcc/nios2-elf/4.7.3/../../../../../H-i686-mingw32/nios2-elf/lib/mno-hw-mul\libsmallc.a(lib_a-memcmp.o)
                0x00012794                memcmp
 .text          0x000127dc      0x188 c:/altera/13.1/nios2eds/bin/gnu/h-i686-mingw32/bin/../lib/gcc/nios2-elf/4.7.3/../../../../../H-i686-mingw32/nios2-elf/lib/mno-hw-mul\libsmallc.a(lib_a-__atexit.o)
                0x000127dc                __register_exitproc
 .text          0x00012964      0x1d8 c:/altera/13.1/nios2eds/bin/gnu/h-i686-mingw32/bin/../lib/gcc/nios2-elf/4.7.3/../../../../../H-i686-mingw32/nios2-elf/lib/mno-hw-mul\libsmallc.a(lib_a-__call_atexit.o)
                0x00012964                __call_exitprocs
 .text          0x00012b3c       0x3c ../stage2_bsp/\libhal_bsp.a(alt_exit.o)
                0x00012b3c                _exit
 *(.gnu.warning.*)
 *(.fini)
                0x00012b78                PROVIDE (__etext, ABSOLUTE (.))
                0x00012b78                PROVIDE (_etext, ABSOLUTE (.))
                0x00012b78                PROVIDE (etext, ABSOLUTE (.))
 *(.eh_frame_hdr)
                0x00012b78                . = ALIGN (0x4)
                0x00012b78                PROVIDE (__preinit_array_start, ABSOLUTE (.))
 *(.preinit_array)
                0x00012b78                PROVIDE (__preinit_array_end, ABSOLUTE (.))
                0x00012b78                PROVIDE (__init_array_start, ABSOLUTE (.))
 *(.init_array)
                0x00012b78                PROVIDE (__init_array_end, ABSOLUTE (.))
                0x00012b78                PROVIDE (__fini_array_start, ABSOLUTE (.))
 *(.fini_array)
                0x00012b78                PROVIDE (__fini_array_end, ABSOLUTE (.))
 *(.eh_frame)
 *(.gcc_except_table .gcc_except_table.*)
 *(.dynamic)
                0x00012b78                PROVIDE (__CTOR_LIST__, ABSOLUTE (.))
 *(.ctors)
 *(SORT(.ctors.*))
                0x00012b78                PROVIDE (__CTOR_END__, ABSOLUTE (.))
                0x00012b78                PROVIDE (__DTOR_LIST__, ABSOLUTE (.))
 *(.dtors)
 *(SORT(.dtors.*))
                0x00012b78                PROVIDE (__DTOR_END__, ABSOLUTE (.))
 *(.jcr)
                0x00012b78                . = ALIGN (0x4)

.rodata         0x00012b78       0x94
                0x00012b78                PROVIDE (__ram_rodata_start, ABSOLUTE (.))
                0x00012b78                . = ALIGN (0x4)
 *(.rodata .rodata.* .gnu.linkonce.r.*)
 .rodata        0x00012b78       0x5c obj/default/main.o
 .rodata.str1.4
                0x00012bd4        0x4 c:/altera/13.1/nios2eds/bin/gnu/h-i686-mingw32/bin/../lib/gcc/nios2-elf/4.7.3/../../../../../H-i686-mingw32/nios2-elf/lib/mno-hw-mul\libsmallc.a(lib_a-puts.o)
 .rodata        0x00012bd8       0x14 ../stage2_bsp/\libhal_bsp.a(alt_main.o)
 .rodata        0x00012bec       0x14 ../stage2_bsp/\libhal_bsp.a(alt_sys_init.o)
 .rodata        0x00012c00        0xc ../stage2_bsp/\libhal_bsp.a(alt_dev.o)
 *(.rodata1)
                0x00012c0c                . = ALIGN (0x4)
                0x00012c0c                PROVIDE (__ram_rodata_end, ABSOLUTE (.))
                0x00012b78                PROVIDE (__flash_rodata_start, LOADADDR (.rodata))

.rwdata         0x00012c0c      0x2e0 load address 0x00012eec
                0x00012c0c                PROVIDE (__ram_rwdata_start, ABSOLUTE (.))
                0x00012c0c                . = ALIGN (0x4)
 *(.got.plt)
 *(.got)
 *(.data1)
 *(.data .data.* .gnu.linkonce.d.*)
 .data          0x00012c0c        0x0 ../stage2_bsp//obj/HAL/src/crt0.o
 .data          0x00012c0c        0x0 obj/default/levelshift.o
 .data          0x00012c0c        0x0 obj/default/main.o
 .data          0x00012c0c        0x0 obj/default/nios2_common/fifo_io.o
 .data          0x00012c0c        0x0 c:/altera/13.1/nios2eds/bin/gnu/h-i686-mingw32/bin/../lib/gcc/nios2-elf/4.7.3/mno-hw-mul\libgcc.a(lib2-mul.o)
 .data          0x00012c0c        0x0 c:/altera/13.1/nios2eds/bin/gnu/h-i686-mingw32/bin/../lib/gcc/nios2-elf/4.7.3/../../../../../H-i686-mingw32/nios2-elf/lib/mno-hw-mul\libsmallc.a(lib_a-printf.o)
 .data          0x00012c0c        0x0 c:/altera/13.1/nios2eds/bin/gnu/h-i686-mingw32/bin/../lib/gcc/nios2-elf/4.7.3/../../../../../H-i686-mingw32/nios2-elf/lib/mno-hw-mul\libsmallc.a(lib_a-putchar.o)
 .data          0x00012c0c        0x0 c:/altera/13.1/nios2eds/bin/gnu/h-i686-mingw32/bin/../lib/gcc/nios2-elf/4.7.3/../../../../../H-i686-mingw32/nios2-elf/lib/mno-hw-mul\libsmallc.a(lib_a-puts.o)
 .data          0x00012c0c        0x0 c:/altera/13.1/nios2eds/bin/gnu/h-i686-mingw32/bin/../lib/gcc/nios2-elf/4.7.3/../../../../../H-i686-mingw32/nios2-elf/lib/mno-hw-mul\libsmallc.a(lib_a-strlen.o)
 .data          0x00012c0c        0x0 c:/altera/13.1/nios2eds/bin/gnu/h-i686-mingw32/bin/../lib/gcc/nios2-elf/4.7.3/../../../../../H-i686-mingw32/nios2-elf/lib/mno-hw-mul\libsmallc.a(lib_a-vfprintf.o)
 .data          0x00012c0c        0x0 c:/altera/13.1/nios2eds/bin/gnu/h-i686-mingw32/bin/../lib/gcc/nios2-elf/4.7.3/../../../../../H-i686-mingw32/nios2-elf/lib/mno-hw-mul\libsmallc.a(lib_a-fvwrite_small_dev.o)
 .data          0x00012c0c       0xe0 c:/altera/13.1/nios2eds/bin/gnu/h-i686-mingw32/bin/../lib/gcc/nios2-elf/4.7.3/../../../../../H-i686-mingw32/nios2-elf/lib/mno-hw-mul\libsmallc.a(lib_a-impure.o)
 .data          0x00012cec        0x0 c:/altera/13.1/nios2eds/bin/gnu/h-i686-mingw32/bin/../lib/gcc/nios2-elf/4.7.3/../../../../../H-i686-mingw32/nios2-elf/lib/mno-hw-mul\libsmallc.a(lib_a-putc.o)
 .data          0x00012cec        0x0 c:/altera/13.1/nios2eds/bin/gnu/h-i686-mingw32/bin/../lib/gcc/nios2-elf/4.7.3/../../../../../H-i686-mingw32/nios2-elf/lib/mno-hw-mul\libsmallc.a(lib_a-writer.o)
 .data          0x00012cec        0x0 c:/altera/13.1/nios2eds/bin/gnu/h-i686-mingw32/bin/../lib/gcc/nios2-elf/4.7.3/../../../../../H-i686-mingw32/nios2-elf/lib/mno-hw-mul\libsmallc.a(lib_a-int_errno.o)
 .data          0x00012cec        0x0 c:/altera/13.1/nios2eds/bin/gnu/h-i686-mingw32/bin/../lib/gcc/nios2-elf/4.7.3/mno-hw-mul\libgcc.a(lib2-divmod.o)
 .data          0x00012cec        0x0 ../stage2_bsp/\libhal_bsp.a(alt_load.o)
 .data          0x00012cec        0x0 ../stage2_bsp/\libhal_bsp.a(alt_main.o)
 .data          0x00012cec        0x0 ../stage2_bsp/\libhal_bsp.a(alt_write.o)
 .data          0x00012cec       0x2c ../stage2_bsp/\libhal_bsp.a(alt_sys_init.o)
 .data          0x00012d18        0x0 ../stage2_bsp/\libhal_bsp.a(altera_avalon_jtag_uart_fd.o)
 .data          0x00012d18        0x0 ../stage2_bsp/\libhal_bsp.a(altera_avalon_jtag_uart_read.o)
 .data          0x00012d18        0x0 ../stage2_bsp/\libhal_bsp.a(altera_avalon_jtag_uart_write.o)
 .data          0x00012d18        0x0 ../stage2_bsp/\libhal_bsp.a(altera_avalon_timer_sc.o)
 .data          0x00012d18        0x0 ../stage2_bsp/\libhal_bsp.a(alt_close.o)
 .data          0x00012d18        0x0 ../stage2_bsp/\libhal_bsp.a(alt_dcache_flush_all.o)
 .data          0x00012d18      0x1a8 ../stage2_bsp/\libhal_bsp.a(alt_dev.o)
                0x00012d18                alt_dev_null
                0x00012d40                alt_fd_list
 .data          0x00012ec0        0x0 ../stage2_bsp/\libhal_bsp.a(alt_dev_llist_insert.o)
 .data          0x00012ec0        0x0 ../stage2_bsp/\libhal_bsp.a(alt_do_ctors.o)
 .data          0x00012ec0        0x0 ../stage2_bsp/\libhal_bsp.a(alt_do_dtors.o)
 .data          0x00012ec0        0x0 ../stage2_bsp/\libhal_bsp.a(alt_errno.o)
 .data          0x00012ec0        0x0 ../stage2_bsp/\libhal_bsp.a(alt_icache_flush_all.o)
 .data          0x00012ec0        0x0 ../stage2_bsp/\libhal_bsp.a(alt_iic.o)
 .data          0x00012ec0        0x0 ../stage2_bsp/\libhal_bsp.a(alt_iic_isr_register.o)
 .data          0x00012ec0        0x0 ../stage2_bsp/\libhal_bsp.a(alt_io_redirect.o)
 .data          0x00012ec0        0x0 ../stage2_bsp/\libhal_bsp.a(alt_irq_entry.o)
 .data          0x00012ec0        0x0 ../stage2_bsp/\libhal_bsp.a(alt_irq_handler.o)
 .data          0x00012ec0        0x0 ../stage2_bsp/\libhal_bsp.a(alt_irq_vars.o)
 .data          0x00012ec0        0x0 ../stage2_bsp/\libhal_bsp.a(alt_open.o)
 .data          0x00012ec0        0x0 ../stage2_bsp/\libhal_bsp.a(alt_release_fd.o)
 .data          0x00012ec0        0x0 ../stage2_bsp/\libhal_bsp.a(alt_tick.o)
 .data          0x00012ec0        0x0 ../stage2_bsp/\libhal_bsp.a(altera_nios2_qsys_irq.o)
 .data          0x00012ec0        0x0 ../stage2_bsp/\libhal_bsp.a(alt_exception_entry.o)
 .data          0x00012ec0        0x0 ../stage2_bsp/\libhal_bsp.a(alt_find_dev.o)
 .data          0x00012ec0        0x0 ../stage2_bsp/\libhal_bsp.a(alt_find_file.o)
 .data          0x00012ec0        0x0 ../stage2_bsp/\libhal_bsp.a(alt_get_fd.o)
 .data          0x00012ec0        0x0 c:/altera/13.1/nios2eds/bin/gnu/h-i686-mingw32/bin/../lib/gcc/nios2-elf/4.7.3/../../../../../H-i686-mingw32/nios2-elf/lib/mno-hw-mul\libsmallc.a(lib_a-atexit.o)
 .data          0x00012ec0        0x0 c:/altera/13.1/nios2eds/bin/gnu/h-i686-mingw32/bin/../lib/gcc/nios2-elf/4.7.3/../../../../../H-i686-mingw32/nios2-elf/lib/mno-hw-mul\libsmallc.a(lib_a-exit.o)
 .data          0x00012ec0        0x0 c:/altera/13.1/nios2eds/bin/gnu/h-i686-mingw32/bin/../lib/gcc/nios2-elf/4.7.3/../../../../../H-i686-mingw32/nios2-elf/lib/mno-hw-mul\libsmallc.a(lib_a-memcmp.o)
 .data          0x00012ec0        0x0 c:/altera/13.1/nios2eds/bin/gnu/h-i686-mingw32/bin/../lib/gcc/nios2-elf/4.7.3/../../../../../H-i686-mingw32/nios2-elf/lib/mno-hw-mul\libsmallc.a(lib_a-__atexit.o)
 .data          0x00012ec0        0x0 c:/altera/13.1/nios2eds/bin/gnu/h-i686-mingw32/bin/../lib/gcc/nios2-elf/4.7.3/../../../../../H-i686-mingw32/nios2-elf/lib/mno-hw-mul\libsmallc.a(lib_a-__call_atexit.o)
 .data          0x00012ec0        0x0 ../stage2_bsp/\libhal_bsp.a(alt_exit.o)
                0x0001aec0                _gp = ABSOLUTE ((. + 0x8000))
                0x0001aec0                PROVIDE (gp, _gp)
 *(.rwdata .rwdata.*)
 *(.sdata .sdata.* .gnu.linkonce.s.*)
 .sdata         0x00012ec0        0x8 c:/altera/13.1/nios2eds/bin/gnu/h-i686-mingw32/bin/../lib/gcc/nios2-elf/4.7.3/../../../../../H-i686-mingw32/nios2-elf/lib/mno-hw-mul\libsmallc.a(lib_a-impure.o)
                0x00012ec0                _global_impure_ptr
                0x00012ec4                _impure_ptr
 .sdata         0x00012ec8       0x14 ../stage2_bsp/\libhal_bsp.a(alt_dev.o)
                0x00012ec8                alt_fs_list
                0x00012ed0                alt_dev_list
                0x00012ed8                alt_max_fd
 .sdata         0x00012edc        0x4 ../stage2_bsp/\libhal_bsp.a(alt_errno.o)
                0x00012edc                alt_errno
 .sdata         0x00012ee0        0x4 ../stage2_bsp/\libhal_bsp.a(alt_irq_vars.o)
                0x00012ee0                alt_priority_mask
 .sdata         0x00012ee4        0x8 ../stage2_bsp/\libhal_bsp.a(alt_tick.o)
                0x00012ee4                alt_alarm_list
 *(.sdata2 .sdata2.* .gnu.linkonce.s2.*)
                0x00012eec                . = ALIGN (0x4)
                0x00012eec                _edata = ABSOLUTE (.)
                0x00012eec                PROVIDE (edata, ABSOLUTE (.))
                0x00012eec                PROVIDE (__ram_rwdata_end, ABSOLUTE (.))
                0x00012eec                PROVIDE (__flash_rwdata_start, LOADADDR (.rwdata))

.bss            0x000131cc      0x1a8
                0x000131cc                __bss_start = ABSOLUTE (.)
                0x000131cc                PROVIDE (__sbss_start, ABSOLUTE (.))
                0x000131cc                PROVIDE (___sbss_start, ABSOLUTE (.))
 *(.dynsbss)
 *(.sbss .sbss.* .gnu.linkonce.sb.*)
 .sbss          0x000131cc        0x4 c:/altera/13.1/nios2eds/bin/gnu/h-i686-mingw32/bin/../lib/gcc/nios2-elf/4.7.3/../../../../../H-i686-mingw32/nios2-elf/lib/mno-hw-mul\libsmallc.a(lib_a-int_errno.o)
                0x000131cc                errno
 .sbss          0x000131d0        0xc ../stage2_bsp/\libhal_bsp.a(alt_main.o)
                0x000131d0                alt_argc
                0x000131d4                alt_argv
                0x000131d8                alt_envp
 .sbss          0x000131dc        0x4 ../stage2_bsp/\libhal_bsp.a(alt_irq_vars.o)
                0x000131dc                alt_irq_active
 .sbss          0x000131e0        0x8 ../stage2_bsp/\libhal_bsp.a(alt_tick.o)
                0x000131e0                _alt_tick_rate
                0x000131e4                _alt_nticks
 *(.sbss2 .sbss2.* .gnu.linkonce.sb2.*)
 *(.scommon)
                0x000131e8                PROVIDE (__sbss_end, ABSOLUTE (.))
                0x000131e8                PROVIDE (___sbss_end, ABSOLUTE (.))
 *(.dynbss)
 *(.bss .bss.* .gnu.linkonce.b.*)
 .bss           0x000131e8        0x0 ../stage2_bsp//obj/HAL/src/crt0.o
 .bss           0x000131e8        0x0 obj/default/levelshift.o
 .bss           0x000131e8        0x0 obj/default/main.o
 .bss           0x000131e8        0x0 obj/default/nios2_common/fifo_io.o
 .bss           0x000131e8        0x0 c:/altera/13.1/nios2eds/bin/gnu/h-i686-mingw32/bin/../lib/gcc/nios2-elf/4.7.3/mno-hw-mul\libgcc.a(lib2-mul.o)
 .bss           0x000131e8        0x0 c:/altera/13.1/nios2eds/bin/gnu/h-i686-mingw32/bin/../lib/gcc/nios2-elf/4.7.3/../../../../../H-i686-mingw32/nios2-elf/lib/mno-hw-mul\libsmallc.a(lib_a-printf.o)
 .bss           0x000131e8        0x0 c:/altera/13.1/nios2eds/bin/gnu/h-i686-mingw32/bin/../lib/gcc/nios2-elf/4.7.3/../../../../../H-i686-mingw32/nios2-elf/lib/mno-hw-mul\libsmallc.a(lib_a-putchar.o)
 .bss           0x000131e8        0x0 c:/altera/13.1/nios2eds/bin/gnu/h-i686-mingw32/bin/../lib/gcc/nios2-elf/4.7.3/../../../../../H-i686-mingw32/nios2-elf/lib/mno-hw-mul\libsmallc.a(lib_a-puts.o)
 .bss           0x000131e8        0x0 c:/altera/13.1/nios2eds/bin/gnu/h-i686-mingw32/bin/../lib/gcc/nios2-elf/4.7.3/../../../../../H-i686-mingw32/nios2-elf/lib/mno-hw-mul\libsmallc.a(lib_a-strlen.o)
 .bss           0x000131e8        0x0 c:/altera/13.1/nios2eds/bin/gnu/h-i686-mingw32/bin/../lib/gcc/nios2-elf/4.7.3/../../../../../H-i686-mingw32/nios2-elf/lib/mno-hw-mul\libsmallc.a(lib_a-vfprintf.o)
 .bss           0x000131e8        0x0 c:/altera/13.1/nios2eds/bin/gnu/h-i686-mingw32/bin/../lib/gcc/nios2-elf/4.7.3/../../../../../H-i686-mingw32/nios2-elf/lib/mno-hw-mul\libsmallc.a(lib_a-fvwrite_small_dev.o)
 .bss           0x000131e8        0x0 c:/altera/13.1/nios2eds/bin/gnu/h-i686-mingw32/bin/../lib/gcc/nios2-elf/4.7.3/../../../../../H-i686-mingw32/nios2-elf/lib/mno-hw-mul\libsmallc.a(lib_a-impure.o)
 .bss           0x000131e8        0x0 c:/altera/13.1/nios2eds/bin/gnu/h-i686-mingw32/bin/../lib/gcc/nios2-elf/4.7.3/../../../../../H-i686-mingw32/nios2-elf/lib/mno-hw-mul\libsmallc.a(lib_a-putc.o)
 .bss           0x000131e8        0x0 c:/altera/13.1/nios2eds/bin/gnu/h-i686-mingw32/bin/../lib/gcc/nios2-elf/4.7.3/../../../../../H-i686-mingw32/nios2-elf/lib/mno-hw-mul\libsmallc.a(lib_a-writer.o)
 .bss           0x000131e8        0x0 c:/altera/13.1/nios2eds/bin/gnu/h-i686-mingw32/bin/../lib/gcc/nios2-elf/4.7.3/../../../../../H-i686-mingw32/nios2-elf/lib/mno-hw-mul\libsmallc.a(lib_a-int_errno.o)
 .bss           0x000131e8        0x0 c:/altera/13.1/nios2eds/bin/gnu/h-i686-mingw32/bin/../lib/gcc/nios2-elf/4.7.3/mno-hw-mul\libgcc.a(lib2-divmod.o)
 .bss           0x000131e8        0x0 ../stage2_bsp/\libhal_bsp.a(alt_load.o)
 .bss           0x000131e8        0x0 ../stage2_bsp/\libhal_bsp.a(alt_main.o)
 .bss           0x000131e8        0x0 ../stage2_bsp/\libhal_bsp.a(alt_write.o)
 .bss           0x000131e8        0x0 ../stage2_bsp/\libhal_bsp.a(alt_sys_init.o)
 .bss           0x000131e8        0x0 ../stage2_bsp/\libhal_bsp.a(altera_avalon_jtag_uart_fd.o)
 .bss           0x000131e8        0x0 ../stage2_bsp/\libhal_bsp.a(altera_avalon_jtag_uart_read.o)
 .bss           0x000131e8        0x0 ../stage2_bsp/\libhal_bsp.a(altera_avalon_jtag_uart_write.o)
 .bss           0x000131e8        0x0 ../stage2_bsp/\libhal_bsp.a(altera_avalon_timer_sc.o)
 .bss           0x000131e8        0x0 ../stage2_bsp/\libhal_bsp.a(alt_close.o)
 .bss           0x000131e8        0x0 ../stage2_bsp/\libhal_bsp.a(alt_dcache_flush_all.o)
 .bss           0x000131e8        0x0 ../stage2_bsp/\libhal_bsp.a(alt_dev.o)
 .bss           0x000131e8        0x0 ../stage2_bsp/\libhal_bsp.a(alt_dev_llist_insert.o)
 .bss           0x000131e8        0x0 ../stage2_bsp/\libhal_bsp.a(alt_do_ctors.o)
 .bss           0x000131e8        0x0 ../stage2_bsp/\libhal_bsp.a(alt_do_dtors.o)
 .bss           0x000131e8        0x0 ../stage2_bsp/\libhal_bsp.a(alt_errno.o)
 .bss           0x000131e8        0x0 ../stage2_bsp/\libhal_bsp.a(alt_icache_flush_all.o)
 .bss           0x000131e8        0x0 ../stage2_bsp/\libhal_bsp.a(alt_iic.o)
 .bss           0x000131e8        0x0 ../stage2_bsp/\libhal_bsp.a(alt_iic_isr_register.o)
 .bss           0x000131e8        0x0 ../stage2_bsp/\libhal_bsp.a(alt_io_redirect.o)
 .bss           0x000131e8        0x0 ../stage2_bsp/\libhal_bsp.a(alt_irq_entry.o)
 .bss           0x000131e8        0x0 ../stage2_bsp/\libhal_bsp.a(alt_irq_handler.o)
 .bss           0x000131e8        0x0 ../stage2_bsp/\libhal_bsp.a(alt_irq_vars.o)
 .bss           0x000131e8        0x0 ../stage2_bsp/\libhal_bsp.a(alt_open.o)
 .bss           0x000131e8        0x0 ../stage2_bsp/\libhal_bsp.a(alt_release_fd.o)
 .bss           0x000131e8        0x0 ../stage2_bsp/\libhal_bsp.a(alt_tick.o)
 .bss           0x000131e8        0x0 ../stage2_bsp/\libhal_bsp.a(altera_nios2_qsys_irq.o)
 .bss           0x000131e8        0x0 ../stage2_bsp/\libhal_bsp.a(alt_exception_entry.o)
 .bss           0x000131e8        0x0 ../stage2_bsp/\libhal_bsp.a(alt_find_dev.o)
 .bss           0x000131e8        0x0 ../stage2_bsp/\libhal_bsp.a(alt_find_file.o)
 .bss           0x000131e8        0x0 ../stage2_bsp/\libhal_bsp.a(alt_get_fd.o)
 .bss           0x000131e8        0x0 c:/altera/13.1/nios2eds/bin/gnu/h-i686-mingw32/bin/../lib/gcc/nios2-elf/4.7.3/../../../../../H-i686-mingw32/nios2-elf/lib/mno-hw-mul\libsmallc.a(lib_a-atexit.o)
 .bss           0x000131e8        0x0 c:/altera/13.1/nios2eds/bin/gnu/h-i686-mingw32/bin/../lib/gcc/nios2-elf/4.7.3/../../../../../H-i686-mingw32/nios2-elf/lib/mno-hw-mul\libsmallc.a(lib_a-exit.o)
 .bss           0x000131e8        0x0 c:/altera/13.1/nios2eds/bin/gnu/h-i686-mingw32/bin/../lib/gcc/nios2-elf/4.7.3/../../../../../H-i686-mingw32/nios2-elf/lib/mno-hw-mul\libsmallc.a(lib_a-memcmp.o)
 .bss           0x000131e8        0x0 c:/altera/13.1/nios2eds/bin/gnu/h-i686-mingw32/bin/../lib/gcc/nios2-elf/4.7.3/../../../../../H-i686-mingw32/nios2-elf/lib/mno-hw-mul\libsmallc.a(lib_a-__atexit.o)
 .bss           0x000131e8        0x0 c:/altera/13.1/nios2eds/bin/gnu/h-i686-mingw32/bin/../lib/gcc/nios2-elf/4.7.3/../../../../../H-i686-mingw32/nios2-elf/lib/mno-hw-mul\libsmallc.a(lib_a-__call_atexit.o)
 .bss           0x000131e8        0x0 ../stage2_bsp/\libhal_bsp.a(alt_exit.o)
 *(COMMON)
 COMMON         0x000131e8      0x100 ../stage2_bsp/\libhal_bsp.a(alt_irq_handler.o)
                0x000131e8                alt_irq
 COMMON         0x000132e8       0x8c c:/altera/13.1/nios2eds/bin/gnu/h-i686-mingw32/bin/../lib/gcc/nios2-elf/4.7.3/../../../../../H-i686-mingw32/nios2-elf/lib/mno-hw-mul\libsmallc.a(lib_a-atexit.o)
                0x000132e8                _atexit0
                0x00013374                . = ALIGN (0x4)
                0x00013374                __bss_end = ABSOLUTE (.)

.mem_2          0x00013374        0x0
                0x00013374                PROVIDE (_alt_partition_mem_2_start, ABSOLUTE (.))
 *(.mem_2 .mem_2. mem_2.*)
                0x00013374                . = ALIGN (0x4)
                0x00013374                PROVIDE (_alt_partition_mem_2_end, ABSOLUTE (.))
                0x00013374                _end = ABSOLUTE (.)
                0x00013374                end = ABSOLUTE (.)
                0x00013374                __alt_stack_base = ABSOLUTE (.)
                0x00013374                PROVIDE (_alt_partition_mem_2_load_addr, LOADADDR (.mem_2))

.stab
 *(.stab)

.stabstr
 *(.stabstr)

.stab.excl
 *(.stab.excl)

.stab.exclstr
 *(.stab.exclstr)

.stab.index
 *(.stab.index)

.stab.indexstr
 *(.stab.indexstr)

.comment        0x00000000       0x23
 *(.comment)
 .comment       0x00000000       0x23 obj/default/levelshift.o
                                 0x24 (size before relaxing)
 .comment       0x00000000       0x24 obj/default/main.o
 .comment       0x00000000       0x24 obj/default/nios2_common/fifo_io.o
 .comment       0x00000000       0x24 c:/altera/13.1/nios2eds/bin/gnu/h-i686-mingw32/bin/../lib/gcc/nios2-elf/4.7.3/mno-hw-mul\libgcc.a(lib2-mul.o)
 .comment       0x00000000       0x24 c:/altera/13.1/nios2eds/bin/gnu/h-i686-mingw32/bin/../lib/gcc/nios2-elf/4.7.3/../../../../../H-i686-mingw32/nios2-elf/lib/mno-hw-mul\libsmallc.a(lib_a-printf.o)
 .comment       0x00000000       0x24 c:/altera/13.1/nios2eds/bin/gnu/h-i686-mingw32/bin/../lib/gcc/nios2-elf/4.7.3/../../../../../H-i686-mingw32/nios2-elf/lib/mno-hw-mul\libsmallc.a(lib_a-putchar.o)
 .comment       0x00000000       0x24 c:/altera/13.1/nios2eds/bin/gnu/h-i686-mingw32/bin/../lib/gcc/nios2-elf/4.7.3/../../../../../H-i686-mingw32/nios2-elf/lib/mno-hw-mul\libsmallc.a(lib_a-puts.o)
 .comment       0x00000000       0x24 c:/altera/13.1/nios2eds/bin/gnu/h-i686-mingw32/bin/../lib/gcc/nios2-elf/4.7.3/../../../../../H-i686-mingw32/nios2-elf/lib/mno-hw-mul\libsmallc.a(lib_a-strlen.o)
 .comment       0x00000000       0x24 c:/altera/13.1/nios2eds/bin/gnu/h-i686-mingw32/bin/../lib/gcc/nios2-elf/4.7.3/../../../../../H-i686-mingw32/nios2-elf/lib/mno-hw-mul\libsmallc.a(lib_a-vfprintf.o)
 .comment       0x00000000       0x24 c:/altera/13.1/nios2eds/bin/gnu/h-i686-mingw32/bin/../lib/gcc/nios2-elf/4.7.3/../../../../../H-i686-mingw32/nios2-elf/lib/mno-hw-mul\libsmallc.a(lib_a-fvwrite_small_dev.o)
 .comment       0x00000000       0x24 c:/altera/13.1/nios2eds/bin/gnu/h-i686-mingw32/bin/../lib/gcc/nios2-elf/4.7.3/../../../../../H-i686-mingw32/nios2-elf/lib/mno-hw-mul\libsmallc.a(lib_a-impure.o)
 .comment       0x00000000       0x24 c:/altera/13.1/nios2eds/bin/gnu/h-i686-mingw32/bin/../lib/gcc/nios2-elf/4.7.3/../../../../../H-i686-mingw32/nios2-elf/lib/mno-hw-mul\libsmallc.a(lib_a-putc.o)
 .comment       0x00000000       0x24 c:/altera/13.1/nios2eds/bin/gnu/h-i686-mingw32/bin/../lib/gcc/nios2-elf/4.7.3/../../../../../H-i686-mingw32/nios2-elf/lib/mno-hw-mul\libsmallc.a(lib_a-writer.o)
 .comment       0x00000000       0x24 c:/altera/13.1/nios2eds/bin/gnu/h-i686-mingw32/bin/../lib/gcc/nios2-elf/4.7.3/../../../../../H-i686-mingw32/nios2-elf/lib/mno-hw-mul\libsmallc.a(lib_a-int_errno.o)
 .comment       0x00000000       0x24 c:/altera/13.1/nios2eds/bin/gnu/h-i686-mingw32/bin/../lib/gcc/nios2-elf/4.7.3/mno-hw-mul\libgcc.a(lib2-divmod.o)
 .comment       0x00000000       0x24 ../stage2_bsp/\libhal_bsp.a(alt_load.o)
 .comment       0x00000000       0x24 ../stage2_bsp/\libhal_bsp.a(alt_main.o)
 .comment       0x00000000       0x24 ../stage2_bsp/\libhal_bsp.a(alt_write.o)
 .comment       0x00000000       0x24 ../stage2_bsp/\libhal_bsp.a(alt_sys_init.o)
 .comment       0x00000000       0x24 ../stage2_bsp/\libhal_bsp.a(altera_avalon_jtag_uart_fd.o)
 .comment       0x00000000       0x24 ../stage2_bsp/\libhal_bsp.a(altera_avalon_jtag_uart_read.o)
 .comment       0x00000000       0x24 ../stage2_bsp/\libhal_bsp.a(altera_avalon_jtag_uart_write.o)
 .comment       0x00000000       0x24 ../stage2_bsp/\libhal_bsp.a(altera_avalon_timer_sc.o)
 .comment       0x00000000       0x24 ../stage2_bsp/\libhal_bsp.a(alt_close.o)
 .comment       0x00000000       0x24 ../stage2_bsp/\libhal_bsp.a(alt_dcache_flush_all.o)
 .comment       0x00000000       0x24 ../stage2_bsp/\libhal_bsp.a(alt_dev.o)
 .comment       0x00000000       0x24 ../stage2_bsp/\libhal_bsp.a(alt_dev_llist_insert.o)
 .comment       0x00000000       0x24 ../stage2_bsp/\libhal_bsp.a(alt_do_ctors.o)
 .comment       0x00000000       0x24 ../stage2_bsp/\libhal_bsp.a(alt_do_dtors.o)
 .comment       0x00000000       0x24 ../stage2_bsp/\libhal_bsp.a(alt_errno.o)
 .comment       0x00000000       0x24 ../stage2_bsp/\libhal_bsp.a(alt_icache_flush_all.o)
 .comment       0x00000000       0x24 ../stage2_bsp/\libhal_bsp.a(alt_iic.o)
 .comment       0x00000000       0x24 ../stage2_bsp/\libhal_bsp.a(alt_iic_isr_register.o)
 .comment       0x00000000       0x24 ../stage2_bsp/\libhal_bsp.a(alt_io_redirect.o)
 .comment       0x00000000       0x24 ../stage2_bsp/\libhal_bsp.a(alt_irq_handler.o)
 .comment       0x00000000       0x24 ../stage2_bsp/\libhal_bsp.a(alt_irq_vars.o)
 .comment       0x00000000       0x24 ../stage2_bsp/\libhal_bsp.a(alt_open.o)
 .comment       0x00000000       0x24 ../stage2_bsp/\libhal_bsp.a(alt_release_fd.o)
 .comment       0x00000000       0x24 ../stage2_bsp/\libhal_bsp.a(alt_tick.o)
 .comment       0x00000000       0x24 ../stage2_bsp/\libhal_bsp.a(altera_nios2_qsys_irq.o)
 .comment       0x00000000       0x24 ../stage2_bsp/\libhal_bsp.a(alt_find_dev.o)
 .comment       0x00000000       0x24 ../stage2_bsp/\libhal_bsp.a(alt_find_file.o)
 .comment       0x00000000       0x24 ../stage2_bsp/\libhal_bsp.a(alt_get_fd.o)
 .comment       0x00000000       0x24 c:/altera/13.1/nios2eds/bin/gnu/h-i686-mingw32/bin/../lib/gcc/nios2-elf/4.7.3/../../../../../H-i686-mingw32/nios2-elf/lib/mno-hw-mul\libsmallc.a(lib_a-atexit.o)
 .comment       0x00000000       0x24 c:/altera/13.1/nios2eds/bin/gnu/h-i686-mingw32/bin/../lib/gcc/nios2-elf/4.7.3/../../../../../H-i686-mingw32/nios2-elf/lib/mno-hw-mul\libsmallc.a(lib_a-exit.o)
 .comment       0x00000000       0x24 c:/altera/13.1/nios2eds/bin/gnu/h-i686-mingw32/bin/../lib/gcc/nios2-elf/4.7.3/../../../../../H-i686-mingw32/nios2-elf/lib/mno-hw-mul\libsmallc.a(lib_a-memcmp.o)
 .comment       0x00000000       0x24 c:/altera/13.1/nios2eds/bin/gnu/h-i686-mingw32/bin/../lib/gcc/nios2-elf/4.7.3/../../../../../H-i686-mingw32/nios2-elf/lib/mno-hw-mul\libsmallc.a(lib_a-__atexit.o)
 .comment       0x00000000       0x24 c:/altera/13.1/nios2eds/bin/gnu/h-i686-mingw32/bin/../lib/gcc/nios2-elf/4.7.3/../../../../../H-i686-mingw32/nios2-elf/lib/mno-hw-mul\libsmallc.a(lib_a-__call_atexit.o)
 .comment       0x00000000       0x24 ../stage2_bsp/\libhal_bsp.a(alt_exit.o)

.debug
 *(.debug)

.line
 *(.line)

.debug_srcinfo
 *(.debug_srcinfo)

.debug_sfnames
 *(.debug_sfnames)

.debug_aranges  0x00000000      0x690
 *(.debug_aranges)
 .debug_aranges
                0x00000000       0x28 ../stage2_bsp//obj/HAL/src/crt0.o
 .debug_aranges
                0x00000028       0x20 obj/default/levelshift.o
 .debug_aranges
                0x00000048       0x20 obj/default/main.o
 .debug_aranges
                0x00000068       0x20 obj/default/nios2_common/fifo_io.o
 .debug_aranges
                0x00000088       0x20 c:/altera/13.1/nios2eds/bin/gnu/h-i686-mingw32/bin/../lib/gcc/nios2-elf/4.7.3/mno-hw-mul\libgcc.a(lib2-mul.o)
 .debug_aranges
                0x000000a8       0x20 c:/altera/13.1/nios2eds/bin/gnu/h-i686-mingw32/bin/../lib/gcc/nios2-elf/4.7.3/../../../../../H-i686-mingw32/nios2-elf/lib/mno-hw-mul\libsmallc.a(lib_a-printf.o)
 .debug_aranges
                0x000000c8       0x20 c:/altera/13.1/nios2eds/bin/gnu/h-i686-mingw32/bin/../lib/gcc/nios2-elf/4.7.3/../../../../../H-i686-mingw32/nios2-elf/lib/mno-hw-mul\libsmallc.a(lib_a-putchar.o)
 .debug_aranges
                0x000000e8       0x20 c:/altera/13.1/nios2eds/bin/gnu/h-i686-mingw32/bin/../lib/gcc/nios2-elf/4.7.3/../../../../../H-i686-mingw32/nios2-elf/lib/mno-hw-mul\libsmallc.a(lib_a-puts.o)
 .debug_aranges
                0x00000108       0x20 c:/altera/13.1/nios2eds/bin/gnu/h-i686-mingw32/bin/../lib/gcc/nios2-elf/4.7.3/../../../../../H-i686-mingw32/nios2-elf/lib/mno-hw-mul\libsmallc.a(lib_a-strlen.o)
 .debug_aranges
                0x00000128       0x20 c:/altera/13.1/nios2eds/bin/gnu/h-i686-mingw32/bin/../lib/gcc/nios2-elf/4.7.3/../../../../../H-i686-mingw32/nios2-elf/lib/mno-hw-mul\libsmallc.a(lib_a-vfprintf.o)
 .debug_aranges
                0x00000148       0x20 c:/altera/13.1/nios2eds/bin/gnu/h-i686-mingw32/bin/../lib/gcc/nios2-elf/4.7.3/../../../../../H-i686-mingw32/nios2-elf/lib/mno-hw-mul\libsmallc.a(lib_a-fvwrite_small_dev.o)
 .debug_aranges
                0x00000168       0x18 c:/altera/13.1/nios2eds/bin/gnu/h-i686-mingw32/bin/../lib/gcc/nios2-elf/4.7.3/../../../../../H-i686-mingw32/nios2-elf/lib/mno-hw-mul\libsmallc.a(lib_a-impure.o)
 .debug_aranges
                0x00000180       0x20 c:/altera/13.1/nios2eds/bin/gnu/h-i686-mingw32/bin/../lib/gcc/nios2-elf/4.7.3/../../../../../H-i686-mingw32/nios2-elf/lib/mno-hw-mul\libsmallc.a(lib_a-putc.o)
 .debug_aranges
                0x000001a0       0x20 c:/altera/13.1/nios2eds/bin/gnu/h-i686-mingw32/bin/../lib/gcc/nios2-elf/4.7.3/../../../../../H-i686-mingw32/nios2-elf/lib/mno-hw-mul\libsmallc.a(lib_a-writer.o)
 .debug_aranges
                0x000001c0       0x18 c:/altera/13.1/nios2eds/bin/gnu/h-i686-mingw32/bin/../lib/gcc/nios2-elf/4.7.3/../../../../../H-i686-mingw32/nios2-elf/lib/mno-hw-mul\libsmallc.a(lib_a-int_errno.o)
 .debug_aranges
                0x000001d8       0x20 c:/altera/13.1/nios2eds/bin/gnu/h-i686-mingw32/bin/../lib/gcc/nios2-elf/4.7.3/mno-hw-mul\libgcc.a(lib2-divmod.o)
 .debug_aranges
                0x000001f8       0x20 ../stage2_bsp/\libhal_bsp.a(alt_load.o)
 .debug_aranges
                0x00000218       0x20 ../stage2_bsp/\libhal_bsp.a(alt_main.o)
 .debug_aranges
                0x00000238       0x20 ../stage2_bsp/\libhal_bsp.a(alt_write.o)
 .debug_aranges
                0x00000258       0x20 ../stage2_bsp/\libhal_bsp.a(alt_sys_init.o)
 .debug_aranges
                0x00000278       0x20 ../stage2_bsp/\libhal_bsp.a(altera_avalon_jtag_uart_fd.o)
 .debug_aranges
                0x00000298       0x20 ../stage2_bsp/\libhal_bsp.a(altera_avalon_jtag_uart_read.o)
 .debug_aranges
                0x000002b8       0x20 ../stage2_bsp/\libhal_bsp.a(altera_avalon_jtag_uart_write.o)
 .debug_aranges
                0x000002d8       0x20 ../stage2_bsp/\libhal_bsp.a(altera_avalon_timer_sc.o)
 .debug_aranges
                0x000002f8       0x20 ../stage2_bsp/\libhal_bsp.a(alt_close.o)
 .debug_aranges
                0x00000318       0x20 ../stage2_bsp/\libhal_bsp.a(alt_dcache_flush_all.o)
 .debug_aranges
                0x00000338       0x20 ../stage2_bsp/\libhal_bsp.a(alt_dev.o)
 .debug_aranges
                0x00000358       0x20 ../stage2_bsp/\libhal_bsp.a(alt_dev_llist_insert.o)
 .debug_aranges
                0x00000378       0x20 ../stage2_bsp/\libhal_bsp.a(alt_do_ctors.o)
 .debug_aranges
                0x00000398       0x20 ../stage2_bsp/\libhal_bsp.a(alt_do_dtors.o)
 .debug_aranges
                0x000003b8       0x18 ../stage2_bsp/\libhal_bsp.a(alt_errno.o)
 .debug_aranges
                0x000003d0       0x20 ../stage2_bsp/\libhal_bsp.a(alt_icache_flush_all.o)
 .debug_aranges
                0x000003f0       0x20 ../stage2_bsp/\libhal_bsp.a(alt_iic.o)
 .debug_aranges
                0x00000410       0x20 ../stage2_bsp/\libhal_bsp.a(alt_iic_isr_register.o)
 .debug_aranges
                0x00000430       0x20 ../stage2_bsp/\libhal_bsp.a(alt_io_redirect.o)
 .debug_aranges
                0x00000450       0x30 ../stage2_bsp/\libhal_bsp.a(alt_irq_entry.o)
 .debug_aranges
                0x00000480       0x20 ../stage2_bsp/\libhal_bsp.a(alt_irq_handler.o)
 .debug_aranges
                0x000004a0       0x18 ../stage2_bsp/\libhal_bsp.a(alt_irq_vars.o)
 .debug_aranges
                0x000004b8       0x20 ../stage2_bsp/\libhal_bsp.a(alt_open.o)
 .debug_aranges
                0x000004d8       0x20 ../stage2_bsp/\libhal_bsp.a(alt_release_fd.o)
 .debug_aranges
                0x000004f8       0x20 ../stage2_bsp/\libhal_bsp.a(alt_tick.o)
 .debug_aranges
                0x00000518       0x20 ../stage2_bsp/\libhal_bsp.a(altera_nios2_qsys_irq.o)
 .debug_aranges
                0x00000538       0x38 ../stage2_bsp/\libhal_bsp.a(alt_exception_entry.o)
 .debug_aranges
                0x00000570       0x20 ../stage2_bsp/\libhal_bsp.a(alt_find_dev.o)
 .debug_aranges
                0x00000590       0x20 ../stage2_bsp/\libhal_bsp.a(alt_find_file.o)
 .debug_aranges
                0x000005b0       0x20 ../stage2_bsp/\libhal_bsp.a(alt_get_fd.o)
 .debug_aranges
                0x000005d0       0x20 c:/altera/13.1/nios2eds/bin/gnu/h-i686-mingw32/bin/../lib/gcc/nios2-elf/4.7.3/../../../../../H-i686-mingw32/nios2-elf/lib/mno-hw-mul\libsmallc.a(lib_a-atexit.o)
 .debug_aranges
                0x000005f0       0x20 c:/altera/13.1/nios2eds/bin/gnu/h-i686-mingw32/bin/../lib/gcc/nios2-elf/4.7.3/../../../../../H-i686-mingw32/nios2-elf/lib/mno-hw-mul\libsmallc.a(lib_a-exit.o)
 .debug_aranges
                0x00000610       0x20 c:/altera/13.1/nios2eds/bin/gnu/h-i686-mingw32/bin/../lib/gcc/nios2-elf/4.7.3/../../../../../H-i686-mingw32/nios2-elf/lib/mno-hw-mul\libsmallc.a(lib_a-memcmp.o)
 .debug_aranges
                0x00000630       0x20 c:/altera/13.1/nios2eds/bin/gnu/h-i686-mingw32/bin/../lib/gcc/nios2-elf/4.7.3/../../../../../H-i686-mingw32/nios2-elf/lib/mno-hw-mul\libsmallc.a(lib_a-__atexit.o)
 .debug_aranges
                0x00000650       0x20 c:/altera/13.1/nios2eds/bin/gnu/h-i686-mingw32/bin/../lib/gcc/nios2-elf/4.7.3/../../../../../H-i686-mingw32/nios2-elf/lib/mno-hw-mul\libsmallc.a(lib_a-__call_atexit.o)
 .debug_aranges
                0x00000670       0x20 ../stage2_bsp/\libhal_bsp.a(alt_exit.o)

.debug_pubnames
 *(.debug_pubnames)

.debug_info     0x00000000     0x99cc
 *(.debug_info .gnu.linkonce.wi.*)
 .debug_info    0x00000000       0x64 ../stage2_bsp//obj/HAL/src/crt0.o
 .debug_info    0x00000064       0x96 obj/default/levelshift.o
 .debug_info    0x000000fa      0x14c obj/default/main.o
 .debug_info    0x00000246      0x172 obj/default/nios2_common/fifo_io.o
 .debug_info    0x000003b8       0xb8 c:/altera/13.1/nios2eds/bin/gnu/h-i686-mingw32/bin/../lib/gcc/nios2-elf/4.7.3/mno-hw-mul\libgcc.a(lib2-mul.o)
 .debug_info    0x00000470      0x765 c:/altera/13.1/nios2eds/bin/gnu/h-i686-mingw32/bin/../lib/gcc/nios2-elf/4.7.3/../../../../../H-i686-mingw32/nios2-elf/lib/mno-hw-mul\libsmallc.a(lib_a-printf.o)
 .debug_info    0x00000bd5      0x6d0 c:/altera/13.1/nios2eds/bin/gnu/h-i686-mingw32/bin/../lib/gcc/nios2-elf/4.7.3/../../../../../H-i686-mingw32/nios2-elf/lib/mno-hw-mul\libsmallc.a(lib_a-putchar.o)
 .debug_info    0x000012a5      0x6f4 c:/altera/13.1/nios2eds/bin/gnu/h-i686-mingw32/bin/../lib/gcc/nios2-elf/4.7.3/../../../../../H-i686-mingw32/nios2-elf/lib/mno-hw-mul\libsmallc.a(lib_a-puts.o)
 .debug_info    0x00001999       0xc6 c:/altera/13.1/nios2eds/bin/gnu/h-i686-mingw32/bin/../lib/gcc/nios2-elf/4.7.3/../../../../../H-i686-mingw32/nios2-elf/lib/mno-hw-mul\libsmallc.a(lib_a-strlen.o)
 .debug_info    0x00001a5f      0xc69 c:/altera/13.1/nios2eds/bin/gnu/h-i686-mingw32/bin/../lib/gcc/nios2-elf/4.7.3/../../../../../H-i686-mingw32/nios2-elf/lib/mno-hw-mul\libsmallc.a(lib_a-vfprintf.o)
 .debug_info    0x000026c8      0x6d9 c:/altera/13.1/nios2eds/bin/gnu/h-i686-mingw32/bin/../lib/gcc/nios2-elf/4.7.3/../../../../../H-i686-mingw32/nios2-elf/lib/mno-hw-mul\libsmallc.a(lib_a-fvwrite_small_dev.o)
 .debug_info    0x00002da1      0x631 c:/altera/13.1/nios2eds/bin/gnu/h-i686-mingw32/bin/../lib/gcc/nios2-elf/4.7.3/../../../../../H-i686-mingw32/nios2-elf/lib/mno-hw-mul\libsmallc.a(lib_a-impure.o)
 .debug_info    0x000033d2      0x6ec c:/altera/13.1/nios2eds/bin/gnu/h-i686-mingw32/bin/../lib/gcc/nios2-elf/4.7.3/../../../../../H-i686-mingw32/nios2-elf/lib/mno-hw-mul\libsmallc.a(lib_a-putc.o)
 .debug_info    0x00003abe      0x6cb c:/altera/13.1/nios2eds/bin/gnu/h-i686-mingw32/bin/../lib/gcc/nios2-elf/4.7.3/../../../../../H-i686-mingw32/nios2-elf/lib/mno-hw-mul\libsmallc.a(lib_a-writer.o)
 .debug_info    0x00004189       0x84 c:/altera/13.1/nios2eds/bin/gnu/h-i686-mingw32/bin/../lib/gcc/nios2-elf/4.7.3/../../../../../H-i686-mingw32/nios2-elf/lib/mno-hw-mul\libsmallc.a(lib_a-int_errno.o)
 .debug_info    0x0000420d      0x289 c:/altera/13.1/nios2eds/bin/gnu/h-i686-mingw32/bin/../lib/gcc/nios2-elf/4.7.3/mno-hw-mul\libgcc.a(lib2-divmod.o)
 .debug_info    0x00004496      0x135 ../stage2_bsp/\libhal_bsp.a(alt_load.o)
 .debug_info    0x000045cb      0x139 ../stage2_bsp/\libhal_bsp.a(alt_main.o)
 .debug_info    0x00004704      0x507 ../stage2_bsp/\libhal_bsp.a(alt_write.o)
 .debug_info    0x00004c0b      0x420 ../stage2_bsp/\libhal_bsp.a(alt_sys_init.o)
 .debug_info    0x0000502b      0x3da ../stage2_bsp/\libhal_bsp.a(altera_avalon_jtag_uart_fd.o)
 .debug_info    0x00005405      0x1bc ../stage2_bsp/\libhal_bsp.a(altera_avalon_jtag_uart_read.o)
 .debug_info    0x000055c1      0x19f ../stage2_bsp/\libhal_bsp.a(altera_avalon_jtag_uart_write.o)
 .debug_info    0x00005760      0x235 ../stage2_bsp/\libhal_bsp.a(altera_avalon_timer_sc.o)
 .debug_info    0x00005995      0x350 ../stage2_bsp/\libhal_bsp.a(alt_close.o)
 .debug_info    0x00005ce5       0x90 ../stage2_bsp/\libhal_bsp.a(alt_dcache_flush_all.o)
 .debug_info    0x00005d75      0x4e3 ../stage2_bsp/\libhal_bsp.a(alt_dev.o)
 .debug_info    0x00006258      0x1b9 ../stage2_bsp/\libhal_bsp.a(alt_dev_llist_insert.o)
 .debug_info    0x00006411       0x8d ../stage2_bsp/\libhal_bsp.a(alt_do_ctors.o)
 .debug_info    0x0000649e       0x8d ../stage2_bsp/\libhal_bsp.a(alt_do_dtors.o)
 .debug_info    0x0000652b       0xa3 ../stage2_bsp/\libhal_bsp.a(alt_errno.o)
 .debug_info    0x000065ce       0x90 ../stage2_bsp/\libhal_bsp.a(alt_icache_flush_all.o)
 .debug_info    0x0000665e      0x364 ../stage2_bsp/\libhal_bsp.a(alt_iic.o)
 .debug_info    0x000069c2      0x1f6 ../stage2_bsp/\libhal_bsp.a(alt_iic_isr_register.o)
 .debug_info    0x00006bb8      0x4f0 ../stage2_bsp/\libhal_bsp.a(alt_io_redirect.o)
 .debug_info    0x000070a8       0x6d ../stage2_bsp/\libhal_bsp.a(alt_irq_entry.o)
 .debug_info    0x00007115      0x190 ../stage2_bsp/\libhal_bsp.a(alt_irq_handler.o)
 .debug_info    0x000072a5       0x8a ../stage2_bsp/\libhal_bsp.a(alt_irq_vars.o)
 .debug_info    0x0000732f      0x3f0 ../stage2_bsp/\libhal_bsp.a(alt_open.o)
 .debug_info    0x0000771f      0x2dd ../stage2_bsp/\libhal_bsp.a(alt_release_fd.o)
 .debug_info    0x000079fc      0x2b1 ../stage2_bsp/\libhal_bsp.a(alt_tick.o)
 .debug_info    0x00007cad       0x90 ../stage2_bsp/\libhal_bsp.a(altera_nios2_qsys_irq.o)
 .debug_info    0x00007d3d       0x73 ../stage2_bsp/\libhal_bsp.a(alt_exception_entry.o)
 .debug_info    0x00007db0      0x30d ../stage2_bsp/\libhal_bsp.a(alt_find_dev.o)
 .debug_info    0x000080bd      0x30c ../stage2_bsp/\libhal_bsp.a(alt_find_file.o)
 .debug_info    0x000083c9      0x339 ../stage2_bsp/\libhal_bsp.a(alt_get_fd.o)
 .debug_info    0x00008702      0x1eb c:/altera/13.1/nios2eds/bin/gnu/h-i686-mingw32/bin/../lib/gcc/nios2-elf/4.7.3/../../../../../H-i686-mingw32/nios2-elf/lib/mno-hw-mul\libsmallc.a(lib_a-atexit.o)
 .debug_info    0x000088ed       0xf8 c:/altera/13.1/nios2eds/bin/gnu/h-i686-mingw32/bin/../lib/gcc/nios2-elf/4.7.3/../../../../../H-i686-mingw32/nios2-elf/lib/mno-hw-mul\libsmallc.a(lib_a-exit.o)
 .debug_info    0x000089e5       0xf1 c:/altera/13.1/nios2eds/bin/gnu/h-i686-mingw32/bin/../lib/gcc/nios2-elf/4.7.3/../../../../../H-i686-mingw32/nios2-elf/lib/mno-hw-mul\libsmallc.a(lib_a-memcmp.o)
 .debug_info    0x00008ad6      0x6fc c:/altera/13.1/nios2eds/bin/gnu/h-i686-mingw32/bin/../lib/gcc/nios2-elf/4.7.3/../../../../../H-i686-mingw32/nios2-elf/lib/mno-hw-mul\libsmallc.a(lib_a-__atexit.o)
 .debug_info    0x000091d2      0x70e c:/altera/13.1/nios2eds/bin/gnu/h-i686-mingw32/bin/../lib/gcc/nios2-elf/4.7.3/../../../../../H-i686-mingw32/nios2-elf/lib/mno-hw-mul\libsmallc.a(lib_a-__call_atexit.o)
 .debug_info    0x000098e0       0xec ../stage2_bsp/\libhal_bsp.a(alt_exit.o)

.debug_abbrev   0x00000000     0x31c0
 *(.debug_abbrev)
 .debug_abbrev  0x00000000       0x12 ../stage2_bsp//obj/HAL/src/crt0.o
 .debug_abbrev  0x00000012       0x78 obj/default/levelshift.o
 .debug_abbrev  0x0000008a       0x91 obj/default/main.o
 .debug_abbrev  0x0000011b       0x90 obj/default/nios2_common/fifo_io.o
 .debug_abbrev  0x000001ab       0x6f c:/altera/13.1/nios2eds/bin/gnu/h-i686-mingw32/bin/../lib/gcc/nios2-elf/4.7.3/mno-hw-mul\libgcc.a(lib2-mul.o)
 .debug_abbrev  0x0000021a      0x1e2 c:/altera/13.1/nios2eds/bin/gnu/h-i686-mingw32/bin/../lib/gcc/nios2-elf/4.7.3/../../../../../H-i686-mingw32/nios2-elf/lib/mno-hw-mul\libsmallc.a(lib_a-printf.o)
 .debug_abbrev  0x000003fc      0x1a6 c:/altera/13.1/nios2eds/bin/gnu/h-i686-mingw32/bin/../lib/gcc/nios2-elf/4.7.3/../../../../../H-i686-mingw32/nios2-elf/lib/mno-hw-mul\libsmallc.a(lib_a-putchar.o)
 .debug_abbrev  0x000005a2      0x1d4 c:/altera/13.1/nios2eds/bin/gnu/h-i686-mingw32/bin/../lib/gcc/nios2-elf/4.7.3/../../../../../H-i686-mingw32/nios2-elf/lib/mno-hw-mul\libsmallc.a(lib_a-puts.o)
 .debug_abbrev  0x00000776       0x7f c:/altera/13.1/nios2eds/bin/gnu/h-i686-mingw32/bin/../lib/gcc/nios2-elf/4.7.3/../../../../../H-i686-mingw32/nios2-elf/lib/mno-hw-mul\libsmallc.a(lib_a-strlen.o)
 .debug_abbrev  0x000007f5      0x2db c:/altera/13.1/nios2eds/bin/gnu/h-i686-mingw32/bin/../lib/gcc/nios2-elf/4.7.3/../../../../../H-i686-mingw32/nios2-elf/lib/mno-hw-mul\libsmallc.a(lib_a-vfprintf.o)
 .debug_abbrev  0x00000ad0      0x1a8 c:/altera/13.1/nios2eds/bin/gnu/h-i686-mingw32/bin/../lib/gcc/nios2-elf/4.7.3/../../../../../H-i686-mingw32/nios2-elf/lib/mno-hw-mul\libsmallc.a(lib_a-fvwrite_small_dev.o)
 .debug_abbrev  0x00000c78      0x13b c:/altera/13.1/nios2eds/bin/gnu/h-i686-mingw32/bin/../lib/gcc/nios2-elf/4.7.3/../../../../../H-i686-mingw32/nios2-elf/lib/mno-hw-mul\libsmallc.a(lib_a-impure.o)
 .debug_abbrev  0x00000db3      0x19b c:/altera/13.1/nios2eds/bin/gnu/h-i686-mingw32/bin/../lib/gcc/nios2-elf/4.7.3/../../../../../H-i686-mingw32/nios2-elf/lib/mno-hw-mul\libsmallc.a(lib_a-putc.o)
 .debug_abbrev  0x00000f4e      0x199 c:/altera/13.1/nios2eds/bin/gnu/h-i686-mingw32/bin/../lib/gcc/nios2-elf/4.7.3/../../../../../H-i686-mingw32/nios2-elf/lib/mno-hw-mul\libsmallc.a(lib_a-writer.o)
 .debug_abbrev  0x000010e7       0x37 c:/altera/13.1/nios2eds/bin/gnu/h-i686-mingw32/bin/../lib/gcc/nios2-elf/4.7.3/../../../../../H-i686-mingw32/nios2-elf/lib/mno-hw-mul\libsmallc.a(lib_a-int_errno.o)
 .debug_abbrev  0x0000111e      0x112 c:/altera/13.1/nios2eds/bin/gnu/h-i686-mingw32/bin/../lib/gcc/nios2-elf/4.7.3/mno-hw-mul\libgcc.a(lib2-divmod.o)
 .debug_abbrev  0x00001230       0x9d ../stage2_bsp/\libhal_bsp.a(alt_load.o)
 .debug_abbrev  0x000012cd       0xba ../stage2_bsp/\libhal_bsp.a(alt_main.o)
 .debug_abbrev  0x00001387      0x133 ../stage2_bsp/\libhal_bsp.a(alt_write.o)
 .debug_abbrev  0x000014ba      0x155 ../stage2_bsp/\libhal_bsp.a(alt_sys_init.o)
 .debug_abbrev  0x0000160f       0xf7 ../stage2_bsp/\libhal_bsp.a(altera_avalon_jtag_uart_fd.o)
 .debug_abbrev  0x00001706       0xd5 ../stage2_bsp/\libhal_bsp.a(altera_avalon_jtag_uart_read.o)
 .debug_abbrev  0x000017db       0xd5 ../stage2_bsp/\libhal_bsp.a(altera_avalon_jtag_uart_write.o)
 .debug_abbrev  0x000018b0      0x155 ../stage2_bsp/\libhal_bsp.a(altera_avalon_timer_sc.o)
 .debug_abbrev  0x00001a05      0x11f ../stage2_bsp/\libhal_bsp.a(alt_close.o)
 .debug_abbrev  0x00001b24       0x42 ../stage2_bsp/\libhal_bsp.a(alt_dcache_flush_all.o)
 .debug_abbrev  0x00001b66       0xd9 ../stage2_bsp/\libhal_bsp.a(alt_dev.o)
 .debug_abbrev  0x00001c3f      0x114 ../stage2_bsp/\libhal_bsp.a(alt_dev_llist_insert.o)
 .debug_abbrev  0x00001d53       0x79 ../stage2_bsp/\libhal_bsp.a(alt_do_ctors.o)
 .debug_abbrev  0x00001dcc       0x79 ../stage2_bsp/\libhal_bsp.a(alt_do_dtors.o)
 .debug_abbrev  0x00001e45       0x5a ../stage2_bsp/\libhal_bsp.a(alt_errno.o)
 .debug_abbrev  0x00001e9f       0x42 ../stage2_bsp/\libhal_bsp.a(alt_icache_flush_all.o)
 .debug_abbrev  0x00001ee1      0x16a ../stage2_bsp/\libhal_bsp.a(alt_iic.o)
 .debug_abbrev  0x0000204b      0x169 ../stage2_bsp/\libhal_bsp.a(alt_iic_isr_register.o)
 .debug_abbrev  0x000021b4      0x114 ../stage2_bsp/\libhal_bsp.a(alt_io_redirect.o)
 .debug_abbrev  0x000022c8       0x12 ../stage2_bsp/\libhal_bsp.a(alt_irq_entry.o)
 .debug_abbrev  0x000022da      0x124 ../stage2_bsp/\libhal_bsp.a(alt_irq_handler.o)
 .debug_abbrev  0x000023fe       0x40 ../stage2_bsp/\libhal_bsp.a(alt_irq_vars.o)
 .debug_abbrev  0x0000243e      0x148 ../stage2_bsp/\libhal_bsp.a(alt_open.o)
 .debug_abbrev  0x00002586       0xde ../stage2_bsp/\libhal_bsp.a(alt_release_fd.o)
 .debug_abbrev  0x00002664      0x15a ../stage2_bsp/\libhal_bsp.a(alt_tick.o)
 .debug_abbrev  0x000027be       0x42 ../stage2_bsp/\libhal_bsp.a(altera_nios2_qsys_irq.o)
 .debug_abbrev  0x00002800       0x12 ../stage2_bsp/\libhal_bsp.a(alt_exception_entry.o)
 .debug_abbrev  0x00002812       0xf0 ../stage2_bsp/\libhal_bsp.a(alt_find_dev.o)
 .debug_abbrev  0x00002902       0xf0 ../stage2_bsp/\libhal_bsp.a(alt_find_file.o)
 .debug_abbrev  0x000029f2      0x10d ../stage2_bsp/\libhal_bsp.a(alt_get_fd.o)
 .debug_abbrev  0x00002aff      0x115 c:/altera/13.1/nios2eds/bin/gnu/h-i686-mingw32/bin/../lib/gcc/nios2-elf/4.7.3/../../../../../H-i686-mingw32/nios2-elf/lib/mno-hw-mul\libsmallc.a(lib_a-atexit.o)
 .debug_abbrev  0x00002c14       0xa9 c:/altera/13.1/nios2eds/bin/gnu/h-i686-mingw32/bin/../lib/gcc/nios2-elf/4.7.3/../../../../../H-i686-mingw32/nios2-elf/lib/mno-hw-mul\libsmallc.a(lib_a-exit.o)
 .debug_abbrev  0x00002cbd       0x7f c:/altera/13.1/nios2eds/bin/gnu/h-i686-mingw32/bin/../lib/gcc/nios2-elf/4.7.3/../../../../../H-i686-mingw32/nios2-elf/lib/mno-hw-mul\libsmallc.a(lib_a-memcmp.o)
 .debug_abbrev  0x00002d3c      0x1f5 c:/altera/13.1/nios2eds/bin/gnu/h-i686-mingw32/bin/../lib/gcc/nios2-elf/4.7.3/../../../../../H-i686-mingw32/nios2-elf/lib/mno-hw-mul\libsmallc.a(lib_a-__atexit.o)
 .debug_abbrev  0x00002f31      0x1e9 c:/altera/13.1/nios2eds/bin/gnu/h-i686-mingw32/bin/../lib/gcc/nios2-elf/4.7.3/../../../../../H-i686-mingw32/nios2-elf/lib/mno-hw-mul\libsmallc.a(lib_a-__call_atexit.o)
 .debug_abbrev  0x0000311a       0xa6 ../stage2_bsp/\libhal_bsp.a(alt_exit.o)

.debug_line     0x00000000     0x38e9
 *(.debug_line)
 .debug_line    0x00000000       0x66 ../stage2_bsp//obj/HAL/src/crt0.o
 .debug_line    0x00000066       0x6a obj/default/levelshift.o
 .debug_line    0x000000d0       0x94 obj/default/main.o
 .debug_line    0x00000164       0xab obj/default/nios2_common/fifo_io.o
 .debug_line    0x0000020f       0x80 c:/altera/13.1/nios2eds/bin/gnu/h-i686-mingw32/bin/../lib/gcc/nios2-elf/4.7.3/mno-hw-mul\libgcc.a(lib2-mul.o)
 .debug_line    0x0000028f      0x219 c:/altera/13.1/nios2eds/bin/gnu/h-i686-mingw32/bin/../lib/gcc/nios2-elf/4.7.3/../../../../../H-i686-mingw32/nios2-elf/lib/mno-hw-mul\libsmallc.a(lib_a-printf.o)
 .debug_line    0x000004a8      0x1fc c:/altera/13.1/nios2eds/bin/gnu/h-i686-mingw32/bin/../lib/gcc/nios2-elf/4.7.3/../../../../../H-i686-mingw32/nios2-elf/lib/mno-hw-mul\libsmallc.a(lib_a-putchar.o)
 .debug_line    0x000006a4      0x212 c:/altera/13.1/nios2eds/bin/gnu/h-i686-mingw32/bin/../lib/gcc/nios2-elf/4.7.3/../../../../../H-i686-mingw32/nios2-elf/lib/mno-hw-mul\libsmallc.a(lib_a-puts.o)
 .debug_line    0x000008b6      0x174 c:/altera/13.1/nios2eds/bin/gnu/h-i686-mingw32/bin/../lib/gcc/nios2-elf/4.7.3/../../../../../H-i686-mingw32/nios2-elf/lib/mno-hw-mul\libsmallc.a(lib_a-strlen.o)
 .debug_line    0x00000a2a      0x40e c:/altera/13.1/nios2eds/bin/gnu/h-i686-mingw32/bin/../lib/gcc/nios2-elf/4.7.3/../../../../../H-i686-mingw32/nios2-elf/lib/mno-hw-mul\libsmallc.a(lib_a-vfprintf.o)
 .debug_line    0x00000e38      0x225 c:/altera/13.1/nios2eds/bin/gnu/h-i686-mingw32/bin/../lib/gcc/nios2-elf/4.7.3/../../../../../H-i686-mingw32/nios2-elf/lib/mno-hw-mul\libsmallc.a(lib_a-fvwrite_small_dev.o)
 .debug_line    0x0000105d      0x16c c:/altera/13.1/nios2eds/bin/gnu/h-i686-mingw32/bin/../lib/gcc/nios2-elf/4.7.3/../../../../../H-i686-mingw32/nios2-elf/lib/mno-hw-mul\libsmallc.a(lib_a-impure.o)
 .debug_line    0x000011c9      0x20c c:/altera/13.1/nios2eds/bin/gnu/h-i686-mingw32/bin/../lib/gcc/nios2-elf/4.7.3/../../../../../H-i686-mingw32/nios2-elf/lib/mno-hw-mul\libsmallc.a(lib_a-putc.o)
 .debug_line    0x000013d5      0x20c c:/altera/13.1/nios2eds/bin/gnu/h-i686-mingw32/bin/../lib/gcc/nios2-elf/4.7.3/../../../../../H-i686-mingw32/nios2-elf/lib/mno-hw-mul\libsmallc.a(lib_a-writer.o)
 .debug_line    0x000015e1       0x60 c:/altera/13.1/nios2eds/bin/gnu/h-i686-mingw32/bin/../lib/gcc/nios2-elf/4.7.3/../../../../../H-i686-mingw32/nios2-elf/lib/mno-hw-mul\libsmallc.a(lib_a-int_errno.o)
 .debug_line    0x00001641       0xd6 c:/altera/13.1/nios2eds/bin/gnu/h-i686-mingw32/bin/../lib/gcc/nios2-elf/4.7.3/mno-hw-mul\libgcc.a(lib2-divmod.o)
 .debug_line    0x00001717       0x92 ../stage2_bsp/\libhal_bsp.a(alt_load.o)
 .debug_line    0x000017a9       0xa4 ../stage2_bsp/\libhal_bsp.a(alt_main.o)
 .debug_line    0x0000184d      0x1f8 ../stage2_bsp/\libhal_bsp.a(alt_write.o)
 .debug_line    0x00001a45      0x144 ../stage2_bsp/\libhal_bsp.a(alt_sys_init.o)
 .debug_line    0x00001b89      0x114 ../stage2_bsp/\libhal_bsp.a(altera_avalon_jtag_uart_fd.o)
 .debug_line    0x00001c9d      0x101 ../stage2_bsp/\libhal_bsp.a(altera_avalon_jtag_uart_read.o)
 .debug_line    0x00001d9e       0xf8 ../stage2_bsp/\libhal_bsp.a(altera_avalon_jtag_uart_write.o)
 .debug_line    0x00001e96       0xfd ../stage2_bsp/\libhal_bsp.a(altera_avalon_timer_sc.o)
 .debug_line    0x00001f93      0x186 ../stage2_bsp/\libhal_bsp.a(alt_close.o)
 .debug_line    0x00002119       0x51 ../stage2_bsp/\libhal_bsp.a(alt_dcache_flush_all.o)
 .debug_line    0x0000216a      0x119 ../stage2_bsp/\libhal_bsp.a(alt_dev.o)
 .debug_line    0x00002283       0xd0 ../stage2_bsp/\libhal_bsp.a(alt_dev_llist_insert.o)
 .debug_line    0x00002353       0x59 ../stage2_bsp/\libhal_bsp.a(alt_do_ctors.o)
 .debug_line    0x000023ac       0x59 ../stage2_bsp/\libhal_bsp.a(alt_do_dtors.o)
 .debug_line    0x00002405       0x51 ../stage2_bsp/\libhal_bsp.a(alt_errno.o)
 .debug_line    0x00002456       0x4f ../stage2_bsp/\libhal_bsp.a(alt_icache_flush_all.o)
 .debug_line    0x000024a5       0xed ../stage2_bsp/\libhal_bsp.a(alt_iic.o)
 .debug_line    0x00002592       0xdb ../stage2_bsp/\libhal_bsp.a(alt_iic_isr_register.o)
 .debug_line    0x0000266d      0x156 ../stage2_bsp/\libhal_bsp.a(alt_io_redirect.o)
 .debug_line    0x000027c3       0x6b ../stage2_bsp/\libhal_bsp.a(alt_irq_entry.o)
 .debug_line    0x0000282e       0xae ../stage2_bsp/\libhal_bsp.a(alt_irq_handler.o)
 .debug_line    0x000028dc       0x50 ../stage2_bsp/\libhal_bsp.a(alt_irq_vars.o)
 .debug_line    0x0000292c      0x128 ../stage2_bsp/\libhal_bsp.a(alt_open.o)
 .debug_line    0x00002a54       0xb0 ../stage2_bsp/\libhal_bsp.a(alt_release_fd.o)
 .debug_line    0x00002b04      0x102 ../stage2_bsp/\libhal_bsp.a(alt_tick.o)
 .debug_line    0x00002c06       0x51 ../stage2_bsp/\libhal_bsp.a(altera_nios2_qsys_irq.o)
 .debug_line    0x00002c57       0xab ../stage2_bsp/\libhal_bsp.a(alt_exception_entry.o)
 .debug_line    0x00002d02       0xb9 ../stage2_bsp/\libhal_bsp.a(alt_find_dev.o)
 .debug_line    0x00002dbb       0xd5 ../stage2_bsp/\libhal_bsp.a(alt_find_file.o)
 .debug_line    0x00002e90       0xd4 ../stage2_bsp/\libhal_bsp.a(alt_get_fd.o)
 .debug_line    0x00002f64      0x170 c:/altera/13.1/nios2eds/bin/gnu/h-i686-mingw32/bin/../lib/gcc/nios2-elf/4.7.3/../../../../../H-i686-mingw32/nios2-elf/lib/mno-hw-mul\libsmallc.a(lib_a-atexit.o)
 .debug_line    0x000030d4      0x170 c:/altera/13.1/nios2eds/bin/gnu/h-i686-mingw32/bin/../lib/gcc/nios2-elf/4.7.3/../../../../../H-i686-mingw32/nios2-elf/lib/mno-hw-mul\libsmallc.a(lib_a-exit.o)
 .debug_line    0x00003244      0x17f c:/altera/13.1/nios2eds/bin/gnu/h-i686-mingw32/bin/../lib/gcc/nios2-elf/4.7.3/../../../../../H-i686-mingw32/nios2-elf/lib/mno-hw-mul\libsmallc.a(lib_a-memcmp.o)
 .debug_line    0x000033c3      0x24e c:/altera/13.1/nios2eds/bin/gnu/h-i686-mingw32/bin/../lib/gcc/nios2-elf/4.7.3/../../../../../H-i686-mingw32/nios2-elf/lib/mno-hw-mul\libsmallc.a(lib_a-__atexit.o)
 .debug_line    0x00003611      0x267 c:/altera/13.1/nios2eds/bin/gnu/h-i686-mingw32/bin/../lib/gcc/nios2-elf/4.7.3/../../../../../H-i686-mingw32/nios2-elf/lib/mno-hw-mul\libsmallc.a(lib_a-__call_atexit.o)
 .debug_line    0x00003878       0x71 ../stage2_bsp/\libhal_bsp.a(alt_exit.o)

.debug_frame    0x00000000      0xa30
 *(.debug_frame)
 .debug_frame   0x00000000       0x2c obj/default/levelshift.o
 .debug_frame   0x0000002c       0x30 obj/default/main.o
 .debug_frame   0x0000005c       0x64 obj/default/nios2_common/fifo_io.o
 .debug_frame   0x000000c0       0x20 c:/altera/13.1/nios2eds/bin/gnu/h-i686-mingw32/bin/../lib/gcc/nios2-elf/4.7.3/mno-hw-mul\libgcc.a(lib2-mul.o)
 .debug_frame   0x000000e0       0x40 c:/altera/13.1/nios2eds/bin/gnu/h-i686-mingw32/bin/../lib/gcc/nios2-elf/4.7.3/../../../../../H-i686-mingw32/nios2-elf/lib/mno-hw-mul\libsmallc.a(lib_a-printf.o)
 .debug_frame   0x00000120       0x30 c:/altera/13.1/nios2eds/bin/gnu/h-i686-mingw32/bin/../lib/gcc/nios2-elf/4.7.3/../../../../../H-i686-mingw32/nios2-elf/lib/mno-hw-mul\libsmallc.a(lib_a-putchar.o)
 .debug_frame   0x00000150       0x3c c:/altera/13.1/nios2eds/bin/gnu/h-i686-mingw32/bin/../lib/gcc/nios2-elf/4.7.3/../../../../../H-i686-mingw32/nios2-elf/lib/mno-hw-mul\libsmallc.a(lib_a-puts.o)
 .debug_frame   0x0000018c       0x20 c:/altera/13.1/nios2eds/bin/gnu/h-i686-mingw32/bin/../lib/gcc/nios2-elf/4.7.3/../../../../../H-i686-mingw32/nios2-elf/lib/mno-hw-mul\libsmallc.a(lib_a-strlen.o)
 .debug_frame   0x000001ac       0x4c c:/altera/13.1/nios2eds/bin/gnu/h-i686-mingw32/bin/../lib/gcc/nios2-elf/4.7.3/../../../../../H-i686-mingw32/nios2-elf/lib/mno-hw-mul\libsmallc.a(lib_a-vfprintf.o)
 .debug_frame   0x000001f8       0x30 c:/altera/13.1/nios2eds/bin/gnu/h-i686-mingw32/bin/../lib/gcc/nios2-elf/4.7.3/../../../../../H-i686-mingw32/nios2-elf/lib/mno-hw-mul\libsmallc.a(lib_a-fvwrite_small_dev.o)
 .debug_frame   0x00000228       0x44 c:/altera/13.1/nios2eds/bin/gnu/h-i686-mingw32/bin/../lib/gcc/nios2-elf/4.7.3/../../../../../H-i686-mingw32/nios2-elf/lib/mno-hw-mul\libsmallc.a(lib_a-putc.o)
 .debug_frame   0x0000026c       0x2c c:/altera/13.1/nios2eds/bin/gnu/h-i686-mingw32/bin/../lib/gcc/nios2-elf/4.7.3/../../../../../H-i686-mingw32/nios2-elf/lib/mno-hw-mul\libsmallc.a(lib_a-writer.o)
 .debug_frame   0x00000298       0x70 c:/altera/13.1/nios2eds/bin/gnu/h-i686-mingw32/bin/../lib/gcc/nios2-elf/4.7.3/mno-hw-mul\libgcc.a(lib2-divmod.o)
 .debug_frame   0x00000308       0x48 ../stage2_bsp/\libhal_bsp.a(alt_load.o)
 .debug_frame   0x00000350       0x2c ../stage2_bsp/\libhal_bsp.a(alt_main.o)
 .debug_frame   0x0000037c       0x48 ../stage2_bsp/\libhal_bsp.a(alt_write.o)
 .debug_frame   0x000003c4       0x64 ../stage2_bsp/\libhal_bsp.a(alt_sys_init.o)
 .debug_frame   0x00000428       0x48 ../stage2_bsp/\libhal_bsp.a(altera_avalon_jtag_uart_fd.o)
 .debug_frame   0x00000470       0x2c ../stage2_bsp/\libhal_bsp.a(altera_avalon_jtag_uart_read.o)
 .debug_frame   0x0000049c       0x2c ../stage2_bsp/\libhal_bsp.a(altera_avalon_jtag_uart_write.o)
 .debug_frame   0x000004c8       0x48 ../stage2_bsp/\libhal_bsp.a(altera_avalon_timer_sc.o)
 .debug_frame   0x00000510       0x48 ../stage2_bsp/\libhal_bsp.a(alt_close.o)
 .debug_frame   0x00000558       0x2c ../stage2_bsp/\libhal_bsp.a(alt_dcache_flush_all.o)
 .debug_frame   0x00000584       0x2c ../stage2_bsp/\libhal_bsp.a(alt_dev.o)
 .debug_frame   0x000005b0       0x48 ../stage2_bsp/\libhal_bsp.a(alt_dev_llist_insert.o)
 .debug_frame   0x000005f8       0x2c ../stage2_bsp/\libhal_bsp.a(alt_do_ctors.o)
 .debug_frame   0x00000624       0x2c ../stage2_bsp/\libhal_bsp.a(alt_do_dtors.o)
 .debug_frame   0x00000650       0x2c ../stage2_bsp/\libhal_bsp.a(alt_icache_flush_all.o)
 .debug_frame   0x0000067c       0x80 ../stage2_bsp/\libhal_bsp.a(alt_iic.o)
 .debug_frame   0x000006fc       0x2c ../stage2_bsp/\libhal_bsp.a(alt_iic_isr_register.o)
 .debug_frame   0x00000728       0x4c ../stage2_bsp/\libhal_bsp.a(alt_io_redirect.o)
 .debug_frame   0x00000774       0x2c ../stage2_bsp/\libhal_bsp.a(alt_irq_handler.o)
 .debug_frame   0x000007a0       0x68 ../stage2_bsp/\libhal_bsp.a(alt_open.o)
 .debug_frame   0x00000808       0x30 ../stage2_bsp/\libhal_bsp.a(alt_release_fd.o)
 .debug_frame   0x00000838       0x48 ../stage2_bsp/\libhal_bsp.a(alt_tick.o)
 .debug_frame   0x00000880       0x2c ../stage2_bsp/\libhal_bsp.a(altera_nios2_qsys_irq.o)
 .debug_frame   0x000008ac       0x2c ../stage2_bsp/\libhal_bsp.a(alt_find_dev.o)
 .debug_frame   0x000008d8       0x2c ../stage2_bsp/\libhal_bsp.a(alt_find_file.o)
 .debug_frame   0x00000904       0x30 ../stage2_bsp/\libhal_bsp.a(alt_get_fd.o)
 .debug_frame   0x00000934       0x20 c:/altera/13.1/nios2eds/bin/gnu/h-i686-mingw32/bin/../lib/gcc/nios2-elf/4.7.3/../../../../../H-i686-mingw32/nios2-elf/lib/mno-hw-mul\libsmallc.a(lib_a-atexit.o)
 .debug_frame   0x00000954       0x28 c:/altera/13.1/nios2eds/bin/gnu/h-i686-mingw32/bin/../lib/gcc/nios2-elf/4.7.3/../../../../../H-i686-mingw32/nios2-elf/lib/mno-hw-mul\libsmallc.a(lib_a-exit.o)
 .debug_frame   0x0000097c       0x20 c:/altera/13.1/nios2eds/bin/gnu/h-i686-mingw32/bin/../lib/gcc/nios2-elf/4.7.3/../../../../../H-i686-mingw32/nios2-elf/lib/mno-hw-mul\libsmallc.a(lib_a-memcmp.o)
 .debug_frame   0x0000099c       0x30 c:/altera/13.1/nios2eds/bin/gnu/h-i686-mingw32/bin/../lib/gcc/nios2-elf/4.7.3/../../../../../H-i686-mingw32/nios2-elf/lib/mno-hw-mul\libsmallc.a(lib_a-__atexit.o)
 .debug_frame   0x000009cc       0x38 c:/altera/13.1/nios2eds/bin/gnu/h-i686-mingw32/bin/../lib/gcc/nios2-elf/4.7.3/../../../../../H-i686-mingw32/nios2-elf/lib/mno-hw-mul\libsmallc.a(lib_a-__call_atexit.o)
 .debug_frame   0x00000a04       0x2c ../stage2_bsp/\libhal_bsp.a(alt_exit.o)

.debug_str      0x00000000     0x1951
 *(.debug_str)
 .debug_str     0x00000000       0x81 obj/default/levelshift.o
                                 0x99 (size before relaxing)
 .debug_str     0x00000081       0x6b obj/default/main.o
                                0x11f (size before relaxing)
 .debug_str     0x000000ec       0x78 obj/default/nios2_common/fifo_io.o
                                0x13f (size before relaxing)
 .debug_str     0x00000164       0xd3 c:/altera/13.1/nios2eds/bin/gnu/h-i686-mingw32/bin/../lib/gcc/nios2-elf/4.7.3/mno-hw-mul\libgcc.a(lib2-mul.o)
                                0x12a (size before relaxing)
 .debug_str     0x00000237      0x3d4 c:/altera/13.1/nios2eds/bin/gnu/h-i686-mingw32/bin/../lib/gcc/nios2-elf/4.7.3/../../../../../H-i686-mingw32/nios2-elf/lib/mno-hw-mul\libsmallc.a(lib_a-printf.o)
                                0x4b4 (size before relaxing)
 .debug_str     0x0000060b       0x59 c:/altera/13.1/nios2eds/bin/gnu/h-i686-mingw32/bin/../lib/gcc/nios2-elf/4.7.3/../../../../../H-i686-mingw32/nios2-elf/lib/mno-hw-mul\libsmallc.a(lib_a-putchar.o)
                                0x46b (size before relaxing)
 .debug_str     0x00000664       0x4f c:/altera/13.1/nios2eds/bin/gnu/h-i686-mingw32/bin/../lib/gcc/nios2-elf/4.7.3/../../../../../H-i686-mingw32/nios2-elf/lib/mno-hw-mul\libsmallc.a(lib_a-puts.o)
                                0x463 (size before relaxing)
 .debug_str     0x000006b3       0xde c:/altera/13.1/nios2eds/bin/gnu/h-i686-mingw32/bin/../lib/gcc/nios2-elf/4.7.3/../../../../../H-i686-mingw32/nios2-elf/lib/mno-hw-mul\libsmallc.a(lib_a-strlen.o)
                                0x190 (size before relaxing)
 .debug_str     0x00000791      0x196 c:/altera/13.1/nios2eds/bin/gnu/h-i686-mingw32/bin/../lib/gcc/nios2-elf/4.7.3/../../../../../H-i686-mingw32/nios2-elf/lib/mno-hw-mul\libsmallc.a(lib_a-vfprintf.o)
                                0x634 (size before relaxing)
 .debug_str     0x00000927       0x82 c:/altera/13.1/nios2eds/bin/gnu/h-i686-mingw32/bin/../lib/gcc/nios2-elf/4.7.3/../../../../../H-i686-mingw32/nios2-elf/lib/mno-hw-mul\libsmallc.a(lib_a-fvwrite_small_dev.o)
                                0x48f (size before relaxing)
 .debug_str     0x000009a9       0xfb c:/altera/13.1/nios2eds/bin/gnu/h-i686-mingw32/bin/../lib/gcc/nios2-elf/4.7.3/../../../../../H-i686-mingw32/nios2-elf/lib/mno-hw-mul\libsmallc.a(lib_a-impure.o)
                                0x469 (size before relaxing)
 .debug_str     0x00000aa4       0x47 c:/altera/13.1/nios2eds/bin/gnu/h-i686-mingw32/bin/../lib/gcc/nios2-elf/4.7.3/../../../../../H-i686-mingw32/nios2-elf/lib/mno-hw-mul\libsmallc.a(lib_a-putc.o)
                                0x461 (size before relaxing)
 .debug_str     0x00000aeb       0x3d c:/altera/13.1/nios2eds/bin/gnu/h-i686-mingw32/bin/../lib/gcc/nios2-elf/4.7.3/../../../../../H-i686-mingw32/nios2-elf/lib/mno-hw-mul\libsmallc.a(lib_a-writer.o)
                                0x463 (size before relaxing)
 .debug_str     0x00000b28       0x40 c:/altera/13.1/nios2eds/bin/gnu/h-i686-mingw32/bin/../lib/gcc/nios2-elf/4.7.3/../../../../../H-i686-mingw32/nios2-elf/lib/mno-hw-mul\libsmallc.a(lib_a-int_errno.o)
                                0x183 (size before relaxing)
 .debug_str     0x00000b68       0x7f c:/altera/13.1/nios2eds/bin/gnu/h-i686-mingw32/bin/../lib/gcc/nios2-elf/4.7.3/mno-hw-mul\libgcc.a(lib2-divmod.o)
                                0x169 (size before relaxing)
 .debug_str     0x00000be7      0x121 ../stage2_bsp/\libhal_bsp.a(alt_load.o)
                                0x1bf (size before relaxing)
 .debug_str     0x00000d08       0x70 ../stage2_bsp/\libhal_bsp.a(alt_main.o)
                                0x14a (size before relaxing)
 .debug_str     0x00000d78      0x15f ../stage2_bsp/\libhal_bsp.a(alt_write.o)
                                0x2a5 (size before relaxing)
 .debug_str     0x00000ed7      0x138 ../stage2_bsp/\libhal_bsp.a(alt_sys_init.o)
                                0x2b9 (size before relaxing)
 .debug_str     0x0000100f       0x70 ../stage2_bsp/\libhal_bsp.a(altera_avalon_jtag_uart_fd.o)
                                0x282 (size before relaxing)
 .debug_str     0x0000107f       0x48 ../stage2_bsp/\libhal_bsp.a(altera_avalon_jtag_uart_read.o)
                                0x1cc (size before relaxing)
 .debug_str     0x000010c7       0x4a ../stage2_bsp/\libhal_bsp.a(altera_avalon_jtag_uart_write.o)
                                0x1c2 (size before relaxing)
 .debug_str     0x00001111       0xb6 ../stage2_bsp/\libhal_bsp.a(altera_avalon_timer_sc.o)
                                0x1f8 (size before relaxing)
 .debug_str     0x000011c7       0x1b ../stage2_bsp/\libhal_bsp.a(alt_close.o)
                                0x1b8 (size before relaxing)
 .debug_str     0x000011e2       0x34 ../stage2_bsp/\libhal_bsp.a(alt_dcache_flush_all.o)
                                0x102 (size before relaxing)
 .debug_str     0x00001216       0x50 ../stage2_bsp/\libhal_bsp.a(alt_dev.o)
                                0x2b2 (size before relaxing)
 .debug_str     0x00001266       0x4b ../stage2_bsp/\libhal_bsp.a(alt_dev_llist_insert.o)
                                0x179 (size before relaxing)
 .debug_str     0x000012b1       0x48 ../stage2_bsp/\libhal_bsp.a(alt_do_ctors.o)
                                 0x89 (size before relaxing)
 .debug_str     0x000012f9       0x4c ../stage2_bsp/\libhal_bsp.a(alt_do_dtors.o)
                                 0x88 (size before relaxing)
 .debug_str     0x00001345       0x14 ../stage2_bsp/\libhal_bsp.a(alt_errno.o)
                                 0xf2 (size before relaxing)
 .debug_str     0x00001359       0x34 ../stage2_bsp/\libhal_bsp.a(alt_icache_flush_all.o)
                                0x102 (size before relaxing)
 .debug_str     0x0000138d       0xc4 ../stage2_bsp/\libhal_bsp.a(alt_iic.o)
                                0x1eb (size before relaxing)
 .debug_str     0x00001451       0x4c ../stage2_bsp/\libhal_bsp.a(alt_iic_isr_register.o)
                                0x195 (size before relaxing)
 .debug_str     0x0000149d       0x56 ../stage2_bsp/\libhal_bsp.a(alt_io_redirect.o)
                                0x2c3 (size before relaxing)
 .debug_str     0x000014f3       0x3a ../stage2_bsp/\libhal_bsp.a(alt_irq_handler.o)
                                0x144 (size before relaxing)
 .debug_str     0x0000152d       0x17 ../stage2_bsp/\libhal_bsp.a(alt_irq_vars.o)
                                 0xf3 (size before relaxing)
 .debug_str     0x00001544       0x2f ../stage2_bsp/\libhal_bsp.a(alt_open.o)
                                0x1f8 (size before relaxing)
 .debug_str     0x00001573       0x28 ../stage2_bsp/\libhal_bsp.a(alt_release_fd.o)
                                0x18c (size before relaxing)
 .debug_str     0x0000159b       0x78 ../stage2_bsp/\libhal_bsp.a(alt_tick.o)
                                0x1ff (size before relaxing)
 .debug_str     0x00001613       0x3b ../stage2_bsp/\libhal_bsp.a(altera_nios2_qsys_irq.o)
                                0x109 (size before relaxing)
 .debug_str     0x0000164e       0x24 ../stage2_bsp/\libhal_bsp.a(alt_find_dev.o)
                                0x199 (size before relaxing)
 .debug_str     0x00001672       0x26 ../stage2_bsp/\libhal_bsp.a(alt_find_file.o)
                                0x1a7 (size before relaxing)
 .debug_str     0x00001698       0x30 ../stage2_bsp/\libhal_bsp.a(alt_get_fd.o)
                                0x1c9 (size before relaxing)
 .debug_str     0x000016c8      0x122 c:/altera/13.1/nios2eds/bin/gnu/h-i686-mingw32/bin/../lib/gcc/nios2-elf/4.7.3/../../../../../H-i686-mingw32/nios2-elf/lib/mno-hw-mul\libsmallc.a(lib_a-atexit.o)
                                0x235 (size before relaxing)
 .debug_str     0x000017ea       0x4d c:/altera/13.1/nios2eds/bin/gnu/h-i686-mingw32/bin/../lib/gcc/nios2-elf/4.7.3/../../../../../H-i686-mingw32/nios2-elf/lib/mno-hw-mul\libsmallc.a(lib_a-exit.o)
                                0x19b (size before relaxing)
 .debug_str     0x00001837       0x45 c:/altera/13.1/nios2eds/bin/gnu/h-i686-mingw32/bin/../lib/gcc/nios2-elf/4.7.3/../../../../../H-i686-mingw32/nios2-elf/lib/mno-hw-mul\libsmallc.a(lib_a-memcmp.o)
                                0x18a (size before relaxing)
 .debug_str     0x0000187c       0x47 c:/altera/13.1/nios2eds/bin/gnu/h-i686-mingw32/bin/../lib/gcc/nios2-elf/4.7.3/../../../../../H-i686-mingw32/nios2-elf/lib/mno-hw-mul\libsmallc.a(lib_a-__atexit.o)
                                0x4b6 (size before relaxing)
 .debug_str     0x000018c3       0x64 c:/altera/13.1/nios2eds/bin/gnu/h-i686-mingw32/bin/../lib/gcc/nios2-elf/4.7.3/../../../../../H-i686-mingw32/nios2-elf/lib/mno-hw-mul\libsmallc.a(lib_a-__call_atexit.o)
                                0x494 (size before relaxing)
 .debug_str     0x00001927       0x2a ../stage2_bsp/\libhal_bsp.a(alt_exit.o)
                                 0xfe (size before relaxing)

.debug_loc      0x00000000     0x2309
 *(.debug_loc)
 .debug_loc     0x00000000       0x2c obj/default/levelshift.o
 .debug_loc     0x0000002c       0x2d obj/default/main.o
 .debug_loc     0x00000059       0x84 obj/default/nios2_common/fifo_io.o
 .debug_loc     0x000000dd       0x93 c:/altera/13.1/nios2eds/bin/gnu/h-i686-mingw32/bin/../lib/gcc/nios2-elf/4.7.3/mno-hw-mul\libgcc.a(lib2-mul.o)
 .debug_loc     0x00000170      0x125 c:/altera/13.1/nios2eds/bin/gnu/h-i686-mingw32/bin/../lib/gcc/nios2-elf/4.7.3/../../../../../H-i686-mingw32/nios2-elf/lib/mno-hw-mul\libsmallc.a(lib_a-printf.o)
 .debug_loc     0x00000295       0x6e c:/altera/13.1/nios2eds/bin/gnu/h-i686-mingw32/bin/../lib/gcc/nios2-elf/4.7.3/../../../../../H-i686-mingw32/nios2-elf/lib/mno-hw-mul\libsmallc.a(lib_a-putchar.o)
 .debug_loc     0x00000303       0xb7 c:/altera/13.1/nios2eds/bin/gnu/h-i686-mingw32/bin/../lib/gcc/nios2-elf/4.7.3/../../../../../H-i686-mingw32/nios2-elf/lib/mno-hw-mul\libsmallc.a(lib_a-puts.o)
 .debug_loc     0x000003ba       0x29 c:/altera/13.1/nios2eds/bin/gnu/h-i686-mingw32/bin/../lib/gcc/nios2-elf/4.7.3/../../../../../H-i686-mingw32/nios2-elf/lib/mno-hw-mul\libsmallc.a(lib_a-strlen.o)
 .debug_loc     0x000003e3      0xc9d c:/altera/13.1/nios2eds/bin/gnu/h-i686-mingw32/bin/../lib/gcc/nios2-elf/4.7.3/../../../../../H-i686-mingw32/nios2-elf/lib/mno-hw-mul\libsmallc.a(lib_a-vfprintf.o)
 .debug_loc     0x00001080      0x19e c:/altera/13.1/nios2eds/bin/gnu/h-i686-mingw32/bin/../lib/gcc/nios2-elf/4.7.3/../../../../../H-i686-mingw32/nios2-elf/lib/mno-hw-mul\libsmallc.a(lib_a-fvwrite_small_dev.o)
 .debug_loc     0x0000121e      0x138 c:/altera/13.1/nios2eds/bin/gnu/h-i686-mingw32/bin/../lib/gcc/nios2-elf/4.7.3/../../../../../H-i686-mingw32/nios2-elf/lib/mno-hw-mul\libsmallc.a(lib_a-putc.o)
 .debug_loc     0x00001356       0xde c:/altera/13.1/nios2eds/bin/gnu/h-i686-mingw32/bin/../lib/gcc/nios2-elf/4.7.3/../../../../../H-i686-mingw32/nios2-elf/lib/mno-hw-mul\libsmallc.a(lib_a-writer.o)
 .debug_loc     0x00001434      0x338 c:/altera/13.1/nios2eds/bin/gnu/h-i686-mingw32/bin/../lib/gcc/nios2-elf/4.7.3/mno-hw-mul\libgcc.a(lib2-divmod.o)
 .debug_loc     0x0000176c       0x58 ../stage2_bsp/\libhal_bsp.a(alt_load.o)
 .debug_loc     0x000017c4       0x2c ../stage2_bsp/\libhal_bsp.a(alt_main.o)
 .debug_loc     0x000017f0       0x58 ../stage2_bsp/\libhal_bsp.a(alt_write.o)
 .debug_loc     0x00001848       0x84 ../stage2_bsp/\libhal_bsp.a(alt_sys_init.o)
 .debug_loc     0x000018cc       0x58 ../stage2_bsp/\libhal_bsp.a(altera_avalon_jtag_uart_fd.o)
 .debug_loc     0x00001924       0x2c ../stage2_bsp/\libhal_bsp.a(altera_avalon_jtag_uart_read.o)
 .debug_loc     0x00001950       0x2c ../stage2_bsp/\libhal_bsp.a(altera_avalon_jtag_uart_write.o)
 .debug_loc     0x0000197c       0x58 ../stage2_bsp/\libhal_bsp.a(altera_avalon_timer_sc.o)
 .debug_loc     0x000019d4       0x58 ../stage2_bsp/\libhal_bsp.a(alt_close.o)
 .debug_loc     0x00001a2c       0x2c ../stage2_bsp/\libhal_bsp.a(alt_dcache_flush_all.o)
 .debug_loc     0x00001a58       0x2c ../stage2_bsp/\libhal_bsp.a(alt_dev.o)
 .debug_loc     0x00001a84       0x58 ../stage2_bsp/\libhal_bsp.a(alt_dev_llist_insert.o)
 .debug_loc     0x00001adc       0x2c ../stage2_bsp/\libhal_bsp.a(alt_do_ctors.o)
 .debug_loc     0x00001b08       0x2c ../stage2_bsp/\libhal_bsp.a(alt_do_dtors.o)
 .debug_loc     0x00001b34       0x2c ../stage2_bsp/\libhal_bsp.a(alt_icache_flush_all.o)
 .debug_loc     0x00001b60       0xb0 ../stage2_bsp/\libhal_bsp.a(alt_iic.o)
 .debug_loc     0x00001c10       0x2c ../stage2_bsp/\libhal_bsp.a(alt_iic_isr_register.o)
 .debug_loc     0x00001c3c       0x58 ../stage2_bsp/\libhal_bsp.a(alt_io_redirect.o)
 .debug_loc     0x00001c94       0x2c ../stage2_bsp/\libhal_bsp.a(alt_irq_handler.o)
 .debug_loc     0x00001cc0       0x84 ../stage2_bsp/\libhal_bsp.a(alt_open.o)
 .debug_loc     0x00001d44       0x2c ../stage2_bsp/\libhal_bsp.a(alt_release_fd.o)
 .debug_loc     0x00001d70       0x58 ../stage2_bsp/\libhal_bsp.a(alt_tick.o)
 .debug_loc     0x00001dc8       0x2c ../stage2_bsp/\libhal_bsp.a(altera_nios2_qsys_irq.o)
 .debug_loc     0x00001df4       0x2c ../stage2_bsp/\libhal_bsp.a(alt_find_dev.o)
 .debug_loc     0x00001e20       0x2c ../stage2_bsp/\libhal_bsp.a(alt_find_file.o)
 .debug_loc     0x00001e4c       0x2c ../stage2_bsp/\libhal_bsp.a(alt_get_fd.o)
 .debug_loc     0x00001e78       0x2c c:/altera/13.1/nios2eds/bin/gnu/h-i686-mingw32/bin/../lib/gcc/nios2-elf/4.7.3/../../../../../H-i686-mingw32/nios2-elf/lib/mno-hw-mul\libsmallc.a(lib_a-atexit.o)
 .debug_loc     0x00001ea4       0x3e c:/altera/13.1/nios2eds/bin/gnu/h-i686-mingw32/bin/../lib/gcc/nios2-elf/4.7.3/../../../../../H-i686-mingw32/nios2-elf/lib/mno-hw-mul\libsmallc.a(lib_a-exit.o)
 .debug_loc     0x00001ee2       0x6f c:/altera/13.1/nios2eds/bin/gnu/h-i686-mingw32/bin/../lib/gcc/nios2-elf/4.7.3/../../../../../H-i686-mingw32/nios2-elf/lib/mno-hw-mul\libsmallc.a(lib_a-memcmp.o)
 .debug_loc     0x00001f51      0x1f4 c:/altera/13.1/nios2eds/bin/gnu/h-i686-mingw32/bin/../lib/gcc/nios2-elf/4.7.3/../../../../../H-i686-mingw32/nios2-elf/lib/mno-hw-mul\libsmallc.a(lib_a-__atexit.o)
 .debug_loc     0x00002145      0x198 c:/altera/13.1/nios2eds/bin/gnu/h-i686-mingw32/bin/../lib/gcc/nios2-elf/4.7.3/../../../../../H-i686-mingw32/nios2-elf/lib/mno-hw-mul\libsmallc.a(lib_a-__call_atexit.o)
 .debug_loc     0x000022dd       0x2c ../stage2_bsp/\libhal_bsp.a(alt_exit.o)

.debug_macinfo
 *(.debug_macinfo)

.debug_weaknames
 *(.debug_weaknames)

.debug_funcnames
 *(.debug_funcnames)

.debug_typenames
 *(.debug_typenames)

.debug_varnames
 *(.debug_varnames)

.debug_alt_sim_info
                0x00000000       0x10
 *(.debug_alt_sim_info)
 .debug_alt_sim_info
                0x00000000       0x10 ../stage2_bsp//obj/HAL/src/crt0.o
                0x0001bb80                __alt_data_end = 0x1bb80
                0x0001bb80                PROVIDE (__alt_stack_pointer, __alt_data_end)
                0x00013374                PROVIDE (__alt_stack_limit, __alt_stack_base)
                0x00013374                PROVIDE (__alt_heap_start, end)
                0x0001bb80                PROVIDE (__alt_heap_limit, 0x1bb80)
OUTPUT(stage2.elf elf32-littlenios2)

.debug_ranges   0x00000000      0x288
 .debug_ranges  0x00000000       0x20 ../stage2_bsp//obj/HAL/src/crt0.o
 .debug_ranges  0x00000020      0x188 c:/altera/13.1/nios2eds/bin/gnu/h-i686-mingw32/bin/../lib/gcc/nios2-elf/4.7.3/../../../../../H-i686-mingw32/nios2-elf/lib/mno-hw-mul\libsmallc.a(lib_a-vfprintf.o)
 .debug_ranges  0x000001a8       0x18 c:/altera/13.1/nios2eds/bin/gnu/h-i686-mingw32/bin/../lib/gcc/nios2-elf/4.7.3/../../../../../H-i686-mingw32/nios2-elf/lib/mno-hw-mul\libsmallc.a(lib_a-fvwrite_small_dev.o)
 .debug_ranges  0x000001c0       0x18 ../stage2_bsp/\libhal_bsp.a(altera_avalon_jtag_uart_read.o)
 .debug_ranges  0x000001d8       0x30 ../stage2_bsp/\libhal_bsp.a(alt_iic.o)
 .debug_ranges  0x00000208       0x28 ../stage2_bsp/\libhal_bsp.a(alt_irq_entry.o)
 .debug_ranges  0x00000230       0x10 ../stage2_bsp/\libhal_bsp.a(alt_irq_handler.o)
 .debug_ranges  0x00000240       0x30 ../stage2_bsp/\libhal_bsp.a(alt_exception_entry.o)
 .debug_ranges  0x00000270       0x18 c:/altera/13.1/nios2eds/bin/gnu/h-i686-mingw32/bin/../lib/gcc/nios2-elf/4.7.3/../../../../../H-i686-mingw32/nios2-elf/lib/mno-hw-mul\libsmallc.a(lib_a-__call_atexit.o)
