Archive member included because of file (symbol)

c:/altera/13.1/nios2eds/bin/gnu/h-i686-mingw32/bin/../lib/gcc/nios2-elf/4.7.3/../../../../../H-i686-mingw32/nios2-elf/lib/mno-hw-mul\libm.a(lib_a-s_cos.o)
                              obj/default/dct.o (cos)
c:/altera/13.1/nios2eds/bin/gnu/h-i686-mingw32/bin/../lib/gcc/nios2-elf/4.7.3/../../../../../H-i686-mingw32/nios2-elf/lib/mno-hw-mul\libm.a(lib_a-sf_round.o)
                              obj/default/dct.o (roundf)
c:/altera/13.1/nios2eds/bin/gnu/h-i686-mingw32/bin/../lib/gcc/nios2-elf/4.7.3/../../../../../H-i686-mingw32/nios2-elf/lib/mno-hw-mul\libm.a(lib_a-e_rem_pio2.o)
                              c:/altera/13.1/nios2eds/bin/gnu/h-i686-mingw32/bin/../lib/gcc/nios2-elf/4.7.3/../../../../../H-i686-mingw32/nios2-elf/lib/mno-hw-mul\libm.a(lib_a-s_cos.o) (__ieee754_rem_pio2)
c:/altera/13.1/nios2eds/bin/gnu/h-i686-mingw32/bin/../lib/gcc/nios2-elf/4.7.3/../../../../../H-i686-mingw32/nios2-elf/lib/mno-hw-mul\libm.a(lib_a-k_cos.o)
                              c:/altera/13.1/nios2eds/bin/gnu/h-i686-mingw32/bin/../lib/gcc/nios2-elf/4.7.3/../../../../../H-i686-mingw32/nios2-elf/lib/mno-hw-mul\libm.a(lib_a-s_cos.o) (__kernel_cos)
c:/altera/13.1/nios2eds/bin/gnu/h-i686-mingw32/bin/../lib/gcc/nios2-elf/4.7.3/../../../../../H-i686-mingw32/nios2-elf/lib/mno-hw-mul\libm.a(lib_a-k_rem_pio2.o)
                              c:/altera/13.1/nios2eds/bin/gnu/h-i686-mingw32/bin/../lib/gcc/nios2-elf/4.7.3/../../../../../H-i686-mingw32/nios2-elf/lib/mno-hw-mul\libm.a(lib_a-e_rem_pio2.o) (__kernel_rem_pio2)
c:/altera/13.1/nios2eds/bin/gnu/h-i686-mingw32/bin/../lib/gcc/nios2-elf/4.7.3/../../../../../H-i686-mingw32/nios2-elf/lib/mno-hw-mul\libm.a(lib_a-k_sin.o)
                              c:/altera/13.1/nios2eds/bin/gnu/h-i686-mingw32/bin/../lib/gcc/nios2-elf/4.7.3/../../../../../H-i686-mingw32/nios2-elf/lib/mno-hw-mul\libm.a(lib_a-s_cos.o) (__kernel_sin)
c:/altera/13.1/nios2eds/bin/gnu/h-i686-mingw32/bin/../lib/gcc/nios2-elf/4.7.3/../../../../../H-i686-mingw32/nios2-elf/lib/mno-hw-mul\libm.a(lib_a-s_fabs.o)
                              c:/altera/13.1/nios2eds/bin/gnu/h-i686-mingw32/bin/../lib/gcc/nios2-elf/4.7.3/../../../../../H-i686-mingw32/nios2-elf/lib/mno-hw-mul\libm.a(lib_a-e_rem_pio2.o) (fabs)
c:/altera/13.1/nios2eds/bin/gnu/h-i686-mingw32/bin/../lib/gcc/nios2-elf/4.7.3/../../../../../H-i686-mingw32/nios2-elf/lib/mno-hw-mul\libm.a(lib_a-s_floor.o)
                              c:/altera/13.1/nios2eds/bin/gnu/h-i686-mingw32/bin/../lib/gcc/nios2-elf/4.7.3/../../../../../H-i686-mingw32/nios2-elf/lib/mno-hw-mul\libm.a(lib_a-k_rem_pio2.o) (floor)
c:/altera/13.1/nios2eds/bin/gnu/h-i686-mingw32/bin/../lib/gcc/nios2-elf/4.7.3/../../../../../H-i686-mingw32/nios2-elf/lib/mno-hw-mul\libm.a(lib_a-s_scalbn.o)
                              c:/altera/13.1/nios2eds/bin/gnu/h-i686-mingw32/bin/../lib/gcc/nios2-elf/4.7.3/../../../../../H-i686-mingw32/nios2-elf/lib/mno-hw-mul\libm.a(lib_a-k_rem_pio2.o) (scalbn)
c:/altera/13.1/nios2eds/bin/gnu/h-i686-mingw32/bin/../lib/gcc/nios2-elf/4.7.3/../../../../../H-i686-mingw32/nios2-elf/lib/mno-hw-mul\libm.a(lib_a-s_copysign.o)
                              c:/altera/13.1/nios2eds/bin/gnu/h-i686-mingw32/bin/../lib/gcc/nios2-elf/4.7.3/../../../../../H-i686-mingw32/nios2-elf/lib/mno-hw-mul\libm.a(lib_a-s_scalbn.o) (copysign)
c:/altera/13.1/nios2eds/bin/gnu/h-i686-mingw32/bin/../lib/gcc/nios2-elf/4.7.3/mno-hw-mul\libgcc.a(_addsub_sf.o)
                              obj/default/dct.o (__addsf3)
c:/altera/13.1/nios2eds/bin/gnu/h-i686-mingw32/bin/../lib/gcc/nios2-elf/4.7.3/mno-hw-mul\libgcc.a(_mul_sf.o)
                              obj/default/dct.o (__mulsf3)
c:/altera/13.1/nios2eds/bin/gnu/h-i686-mingw32/bin/../lib/gcc/nios2-elf/4.7.3/mno-hw-mul\libgcc.a(_si_to_sf.o)
                              obj/default/dct.o (__floatsisf)
c:/altera/13.1/nios2eds/bin/gnu/h-i686-mingw32/bin/../lib/gcc/nios2-elf/4.7.3/mno-hw-mul\libgcc.a(_sf_to_si.o)
                              obj/default/dct.o (__fixsfsi)
c:/altera/13.1/nios2eds/bin/gnu/h-i686-mingw32/bin/../lib/gcc/nios2-elf/4.7.3/mno-hw-mul\libgcc.a(_thenan_sf.o)
                              c:/altera/13.1/nios2eds/bin/gnu/h-i686-mingw32/bin/../lib/gcc/nios2-elf/4.7.3/mno-hw-mul\libgcc.a(_addsub_sf.o) (__thenan_sf)
c:/altera/13.1/nios2eds/bin/gnu/h-i686-mingw32/bin/../lib/gcc/nios2-elf/4.7.3/mno-hw-mul\libgcc.a(_addsub_df.o)
                              obj/default/dct.o (__adddf3)
c:/altera/13.1/nios2eds/bin/gnu/h-i686-mingw32/bin/../lib/gcc/nios2-elf/4.7.3/mno-hw-mul\libgcc.a(_mul_df.o)
                              obj/default/dct.o (__muldf3)
c:/altera/13.1/nios2eds/bin/gnu/h-i686-mingw32/bin/../lib/gcc/nios2-elf/4.7.3/mno-hw-mul\libgcc.a(_div_df.o)
                              obj/default/dct.o (__divdf3)
c:/altera/13.1/nios2eds/bin/gnu/h-i686-mingw32/bin/../lib/gcc/nios2-elf/4.7.3/mno-hw-mul\libgcc.a(_eq_df.o)
[...]
Memory Configuration

Name             Origin             Length             Attributes
reset            0x00010000         0x00000020
mem_3            0x00010020         0x0000f9e0
*default*        0x00000000         0xffffffff

Linker script and memory map

LOAD ../stage3_bsp//obj/HAL/src/crt0.o
LOAD obj/default/dct.o
LOAD obj/default/main.o
LOAD obj/default/nios2_common/fifo_io.o
LOAD c:/altera/13.1/nios2eds/bin/gnu/h-i686-mingw32/bin/../lib/gcc/nios2-elf/4.7.3/../../../../../H-i686-mingw32/nios2-elf/lib/mno-hw-mul\libstdc++.a
LOAD c:/altera/13.1/nios2eds/bin/gnu/h-i686-mingw32/bin/../lib/gcc/nios2-elf/4.7.3/../../../../../H-i686-mingw32/nios2-elf/lib/mno-hw-mul\libm.a
LOAD c:/altera/13.1/nios2eds/bin/gnu/h-i686-mingw32/bin/../lib/gcc/nios2-elf/4.7.3/mno-hw-mul\libgcc.a
START GROUP
LOAD c:/altera/13.1/nios2eds/bin/gnu/h-i686-mingw32/bin/../lib/gcc/nios2-elf/4.7.3/../../../../../H-i686-mingw32/nios2-elf/lib/mno-hw-mul\libsmallc.a
LOAD c:/altera/13.1/nios2eds/bin/gnu/h-i686-mingw32/bin/../lib/gcc/nios2-elf/4.7.3/mno-hw-mul\libgcc.a
LOAD ../stage3_bsp/\libhal_bsp.a
END GROUP
LOAD c:/altera/13.1/nios2eds/bin/gnu/h-i686-mingw32/bin/../lib/gcc/nios2-elf/4.7.3/mno-hw-mul\libgcc.a
                0x00010000                __alt_mem_mem_3 = 0x10000

.entry          0x00010000       0x20
 *(.entry)
 .entry         0x00010000       0x20 ../stage3_bsp//obj/HAL/src/crt0.o
                0x00010000                __reset

.exceptions     0x00010020      0x198
                0x00010020                PROVIDE (__ram_exceptions_start, ABSOLUTE (.))
                0x00010020                . = ALIGN (0x20)
 *(.irq)
 *(.exceptions.entry.label)
 .exceptions.entry.label
                0x00010020        0x0 ../stage3_bsp/\libhal_bsp.a(alt_irq_entry.o)
                0x00010020                alt_irq_entry
 .exceptions.entry.label
                0x00010020        0x0 ../stage3_bsp/\libhal_bsp.a(alt_exception_entry.o)
                0x00010020                alt_exception
 *(.exceptions.entry.user)
 *(.exceptions.entry.ecc_fatal)
 *(.exceptions.entry)
 .exceptions.entry
                0x00010020       0x54 ../stage3_bsp/\libhal_bsp.a(alt_exception_entry.o)
 *(.exceptions.irqtest.user)
 *(.exceptions.irqtest)
 .exceptions.irqtest
                0x00010074       0x10 ../stage3_bsp/\libhal_bsp.a(alt_irq_entry.o)
 *(.exceptions.irqhandler.user)
 *(.exceptions.irqhandler)
 .exceptions.irqhandler
                0x00010084        0x4 ../stage3_bsp/\libhal_bsp.a(alt_irq_entry.o)
 *(.exceptions.irqreturn.user)
 *(.exceptions.irqreturn)
 .exceptions.irqreturn
                0x00010088        0x4 ../stage3_bsp/\libhal_bsp.a(alt_irq_entry.o)
 *(.exceptions.notirq.label)
 .exceptions.notirq.label
                0x0001008c        0x0 ../stage3_bsp/\libhal_bsp.a(alt_irq_entry.o)
 *(.exceptions.notirq.user)
 *(.exceptions.notirq)
 .exceptions.notirq
                0x0001008c        0x8 ../stage3_bsp/\libhal_bsp.a(alt_exception_entry.o)
 *(.exceptions.soft.user)
 *(.exceptions.soft)
 *(.exceptions.unknown.user)
 *(.exceptions.unknown)
 .exceptions.unknown
                0x00010094        0x4 ../stage3_bsp/\libhal_bsp.a(alt_exception_entry.o)
 *(.exceptions.exit.label)
 .exceptions.exit.label
                0x00010098        0x0 ../stage3_bsp/\libhal_bsp.a(alt_irq_entry.o)
 .exceptions.exit.label
                0x00010098        0x0 ../stage3_bsp/\libhal_bsp.a(alt_exception_entry.o)
 *(.exceptions.exit.user)
 *(.exceptions.exit)
 .exceptions.exit
                0x00010098       0x54 ../stage3_bsp/\libhal_bsp.a(alt_exception_entry.o)
 *(.exceptions)
 .exceptions    0x000100ec       0xcc ../stage3_bsp/\libhal_bsp.a(alt_irq_handler.o)
                0x000100ec                alt_irq_handler
                0x000101b8                PROVIDE (__ram_exceptions_end, ABSOLUTE (.))
                0x00010020                PROVIDE (__flash_exceptions_start, LOADADDR (.exceptions))

.text           0x000101b8     0x69b0
                0x000101b8                PROVIDE (stext, ABSOLUTE (.))
 *(.interp)
 *(.hash)
 *(.dynsym)
 *(.dynstr)
 *(.gnu.version)
 *(.gnu.version_d)
 *(.gnu.version_r)
 *(.rel.init)
 *(.rela.init)
 *(.rel.text .rel.text.* .rel.gnu.linkonce.t.*)
 *(.rela.text .rela.text.* .rela.gnu.linkonce.t.*)
 *(.rel.fini)
 *(.rela.fini)
 *(.rel.rodata .rel.rodata.* .rel.gnu.linkonce.r.*)
 *(.rela.rodata .rela.rodata.* .rela.gnu.linkonce.r.*)
 *(.rel.data .rel.data.* .rel.gnu.linkonce.d.*)
 *(.rela.data .rela.data.* .rela.gnu.linkonce.d.*)
 *(.rel.tdata .rel.tdata.* .rel.gnu.linkonce.td.*)
 *(.rela.tdata .rela.tdata.* .rela.gnu.linkonce.td.*)
 *(.rel.tbss .rel.tbss.* .rel.gnu.linkonce.tb.*)
 *(.rela.tbss .rela.tbss.* .rela.gnu.linkonce.tb.*)
 *(.rel.ctors)
 *(.rela.ctors)
 *(.rel.dtors)
 *(.rela.dtors)
 *(.rel.got)
 *(.rela.got)
 *(.rel.sdata .rel.sdata.* .rel.gnu.linkonce.s.*)
 *(.rela.sdata .rela.sdata.* .rela.gnu.linkonce.s.*)
 *(.rel.sbss .rel.sbss.* .rel.gnu.linkonce.sb.*)
 *(.rela.sbss .rela.sbss.* .rela.gnu.linkonce.sb.*)
 *(.rel.sdata2 .rel.sdata2.* .rel.gnu.linkonce.s2.*)
 *(.rela.sdata2 .rela.sdata2.* .rela.gnu.linkonce.s2.*)
 *(.rel.sbss2 .rel.sbss2.* .rel.gnu.linkonce.sb2.*)
 *(.rela.sbss2 .rela.sbss2.* .rela.gnu.linkonce.sb2.*)
 *(.rel.bss .rel.bss.* .rel.gnu.linkonce.b.*)
 *(.rela.bss .rela.bss.* .rela.gnu.linkonce.b.*)
 *(.rel.plt)
 *(.rela.plt)
 *(.rel.dyn)
 *(.init)
 *(.plt)
 *(.text .stub .text.* .gnu.linkonce.t.*)
 .text          0x000101b8       0x3c ../stage3_bsp//obj/HAL/src/crt0.o
                0x000101b8                _start
 .text          0x000101f4      0x4b8 obj/default/dct.o
                0x000101f4                init_dct_lut
                0x000103f0                dct
 .text          0x000106ac      0x264 obj/default/main.o
                0x000106ac                main
 .text          0x00010910      0x13c obj/default/nios2_common/fifo_io.o
                0x00010910                fifo_init
                0x00010940                fifo_read_block
                0x000109c0                fifo_write_block
 .text          0x00010a4c       0xec c:/altera/13.1/nios2eds/bin/gnu/h-i686-mingw32/bin/../lib/gcc/nios2-elf/4.7.3/../../../../../H-i686-mingw32/nios2-elf/lib/mno-hw-mul\libm.a(lib_a-s_cos.o)
                0x00010a4c                cos
 .text          0x00010b38       0x8c c:/altera/13.1/nios2eds/bin/gnu/h-i686-mingw32/bin/../lib/gcc/nios2-elf/4.7.3/../../../../../H-i686-mingw32/nios2-elf/lib/mno-hw-mul\libm.a(lib_a-sf_round.o)
                0x00010b38                roundf
 .text          0x00010bc4      0x7b8 c:/altera/13.1/nios2eds/bin/gnu/h-i686-mingw32/bin/../lib/gcc/nios2-elf/4.7.3/../../../../../H-i686-mingw32/nios2-elf/lib/mno-hw-mul\libm.a(lib_a-e_rem_pio2.o)
                0x00010bc4                __ieee754_rem_pio2
 .text          0x0001137c      0x4a4 c:/altera/13.1/nios2eds/bin/gnu/h-i686-mingw32/bin/../lib/gcc/nios2-elf/4.7.3/../../../../../H-i686-mingw32/nios2-elf/lib/mno-hw-mul\libm.a(lib_a-k_cos.o)
                0x0001137c                __kernel_cos
 .text          0x00011820      0xdb0 c:/altera/13.1/nios2eds/bin/gnu/h-i686-mingw32/bin/../lib/gcc/nios2-elf/4.7.3/../../../../../H-i686-mingw32/nios2-elf/lib/mno-hw-mul\libm.a(lib_a-k_rem_pio2.o)
                0x00011820                __kernel_rem_pio2
 .text          0x000125d0      0x2d4 c:/altera/13.1/nios2eds/bin/gnu/h-i686-mingw32/bin/../lib/gcc/nios2-elf/4.7.3/../../../../../H-i686-mingw32/nios2-elf/lib/mno-hw-mul\libm.a(lib_a-k_sin.o)
                0x000125d0                __kernel_sin
 .text          0x000128a4       0x14 c:/altera/13.1/nios2eds/bin/gnu/h-i686-mingw32/bin/../lib/gcc/nios2-elf/4.7.3/../../../../../H-i686-mingw32/nios2-elf/lib/mno-hw-mul\libm.a(lib_a-s_fabs.o)
                0x000128a4                fabs
 .text          0x000128b8      0x1f0 c:/altera/13.1/nios2eds/bin/gnu/h-i686-mingw32/bin/../lib/gcc/nios2-elf/4.7.3/../../../../../H-i686-mingw32/nios2-elf/lib/mno-hw-mul\libm.a(lib_a-s_floor.o)
                0x000128b8                floor
 .text          0x00012aa8      0x194 c:/altera/13.1/nios2eds/bin/gnu/h-i686-mingw32/bin/../lib/gcc/nios2-elf/4.7.3/../../../../../H-i686-mingw32/nios2-elf/lib/mno-hw-mul\libm.a(lib_a-s_scalbn.o)
                0x00012aa8                scalbn
 .text          0x00012c3c       0x1c c:/altera/13.1/nios2eds/bin/gnu/h-i686-mingw32/bin/../lib/gcc/nios2-elf/4.7.3/../../../../../H-i686-mingw32/nios2-elf/lib/mno-hw-mul\libm.a(lib_a-s_copysign.o)
                0x00012c3c                copysign
 .text          0x00012c58      0x298 c:/altera/13.1/nios2eds/bin/gnu/h-i686-mingw32/bin/../lib/gcc/nios2-elf/4.7.3/mno-hw-mul\libgcc.a(_addsub_sf.o)
                0x00012e4c                __addsf3
                0x00012e98                __subsf3
 .text          0x00012ef0      0x190 c:/altera/13.1/nios2eds/bin/gnu/h-i686-mingw32/bin/../lib/gcc/nios2-elf/4.7.3/mno-hw-mul\libgcc.a(_mul_sf.o)
                0x00012ef0                __mulsf3
 .text          0x00013080       0xa4 c:/altera/13.1/nios2eds/bin/gnu/h-i686-mingw32/bin/../lib/gcc/nios2-elf/4.7.3/mno-hw-mul\libgcc.a(_si_to_sf.o)
                0x00013080                __floatsisf
 .text          0x00013124       0xa4 c:/altera/13.1/nios2eds/bin/gnu/h-i686-mingw32/bin/../lib/gcc/nios2-elf/4.7.3/mno-hw-mul\libgcc.a(_sf_to_si.o)
                0x00013124                __fixsfsi
 .text          0x000131c8        0x0 c:/altera/13.1/nios2eds/bin/gnu/h-i686-mingw32/bin/../lib/gcc/nios2-elf/4.7.3/mno-hw-mul\libgcc.a(_thenan_sf.o)
 .text          0x000131c8      0x408 c:/altera/13.1/nios2eds/bin/gnu/h-i686-mingw32/bin/../lib/gcc/nios2-elf/4.7.3/mno-hw-mul\libgcc.a(_addsub_df.o)
                0x0001351c                __adddf3
                0x00013570                __subdf3
 .text          0x000135d0      0x2e4 c:/altera/13.1/nios2eds/bin/gnu/h-i686-mingw32/bin/../lib/gcc/nios2-elf/4.7.3/mno-hw-mul\libgcc.a(_mul_df.o)
                0x000135d0                __muldf3
 .text          0x000138b4      0x1b4 c:/altera/13.1/nios2eds/bin/gnu/h-i686-mingw32/bin/../lib/gcc/nios2-elf/4.7.3/mno-hw-mul\libgcc.a(_div_df.o)
                0x000138b4                __divdf3
 .text          0x00013a68       0x5c c:/altera/13.1/nios2eds/bin/gnu/h-i686-mingw32/bin/../lib/gcc/nios2-elf/4.7.3/mno-hw-mul\libgcc.a(_eq_df.o)
                0x00013a68                __eqdf2
 .text          0x00013ac4       0x64 c:/altera/13.1/nios2eds/bin/gnu/h-i686-mingw32/bin/../lib/gcc/nios2-elf/4.7.3/mno-hw-mul\libgcc.a(_gt_df.o)
                0x00013ac4                __gtdf2
 .text          0x00013b28       0x64 c:/altera/13.1/nios2eds/bin/gnu/h-i686-mingw32/bin/../lib/gcc/nios2-elf/4.7.3/mno-hw-mul\libgcc.a(_ge_df.o)
                0x00013b28                __gedf2
 .text          0x00013b8c       0xd4 c:/altera/13.1/nios2eds/bin/gnu/h-i686-mingw32/bin/../lib/gcc/nios2-elf/4.7.3/mno-hw-mul\libgcc.a(_si_to_df.o)
                0x00013b8c                __floatsidf
 .text          0x00013c60       0xd4 c:/altera/13.1/nios2eds/bin/gnu/h-i686-mingw32/bin/../lib/gcc/nios2-elf/4.7.3/mno-hw-mul\libgcc.a(_df_to_si.o)
                0x00013c60                __fixdfsi
 .text          0x00013d34       0x60 c:/altera/13.1/nios2eds/bin/gnu/h-i686-mingw32/bin/../lib/gcc/nios2-elf/4.7.3/mno-hw-mul\libgcc.a(_df_to_sf.o)
                0x00013d34                __truncdfsf2
 .text          0x00013d94        0x0 c:/altera/13.1/nios2eds/bin/gnu/h-i686-mingw32/bin/../lib/gcc/nios2-elf/4.7.3/mno-hw-mul\libgcc.a(_thenan_df.o)
 .text          0x00013d94      0x130 c:/altera/13.1/nios2eds/bin/gnu/h-i686-mingw32/bin/../lib/gcc/nios2-elf/4.7.3/mno-hw-mul\libgcc.a(lib2-divmod.o)
                0x00013e08                __divsi3
                0x00013e58                __modsi3
                0x00013eb4                __udivsi3
                0x00013ebc                __umodsi3
 .text          0x00013ec4       0x28 c:/altera/13.1/nios2eds/bin/gnu/h-i686-mingw32/bin/../lib/gcc/nios2-elf/4.7.3/mno-hw-mul\libgcc.a(lib2-mul.o)
                0x00013ec4                __mulsi3
 .text          0x00013eec      0x110 c:/altera/13.1/nios2eds/bin/gnu/h-i686-mingw32/bin/../lib/gcc/nios2-elf/4.7.3/mno-hw-mul\libgcc.a(_muldi3.o)
                0x00013eec                __muldi3
 .text          0x00013ffc       0xac c:/altera/13.1/nios2eds/bin/gnu/h-i686-mingw32/bin/../lib/gcc/nios2-elf/4.7.3/mno-hw-mul\libgcc.a(_clzsi2.o)
                0x00013ffc                __clzsi2
 .text          0x000140a8      0x12c c:/altera/13.1/nios2eds/bin/gnu/h-i686-mingw32/bin/../lib/gcc/nios2-elf/4.7.3/mno-hw-mul\libgcc.a(_pack_sf.o)
                0x000140a8                __pack_f
 .text          0x000141d4       0xc8 c:/altera/13.1/nios2eds/bin/gnu/h-i686-mingw32/bin/../lib/gcc/nios2-elf/4.7.3/mno-hw-mul\libgcc.a(_unpack_sf.o)
                0x000141d4                __unpack_f
 .text          0x0001429c       0x2c c:/altera/13.1/nios2eds/bin/gnu/h-i686-mingw32/bin/../lib/gcc/nios2-elf/4.7.3/mno-hw-mul\libgcc.a(_make_sf.o)
                0x0001429c                __make_fp
 .text          0x000142c8      0x224 c:/altera/13.1/nios2eds/bin/gnu/h-i686-mingw32/bin/../lib/gcc/nios2-elf/4.7.3/mno-hw-mul\libgcc.a(_pack_df.o)
                0x000142c8                __pack_d
 .text          0x000144ec      0x104 c:/altera/13.1/nios2eds/bin/gnu/h-i686-mingw32/bin/../lib/gcc/nios2-elf/4.7.3/mno-hw-mul\libgcc.a(_unpack_df.o)
                0x000144ec                __unpack_d
 .text          0x000145f0       0xd0 c:/altera/13.1/nios2eds/bin/gnu/h-i686-mingw32/bin/../lib/gcc/nios2-elf/4.7.3/mno-hw-mul\libgcc.a(_fpcmp_parts_df.o)
                0x000145f0                __fpcmp_parts_d
 .text          0x000146c0       0x44 c:/altera/13.1/nios2eds/bin/gnu/h-i686-mingw32/bin/../lib/gcc/nios2-elf/4.7.3/mno-hw-mul\libgcc.a(_lshrdi3.o)
                0x000146c0                __lshrdi3
 .text          0x00014704       0x44 c:/altera/13.1/nios2eds/bin/gnu/h-i686-mingw32/bin/../lib/gcc/nios2-elf/4.7.3/mno-hw-mul\libgcc.a(_ashldi3.o)
                0x00014704                __ashldi3
 .text          0x00014748        0x0 c:/altera/13.1/nios2eds/bin/gnu/h-i686-mingw32/bin/../lib/gcc/nios2-elf/4.7.3/mno-hw-mul\libgcc.a(_clz.o)
 .text          0x00014748       0x88 c:/altera/13.1/nios2eds/bin/gnu/h-i686-mingw32/bin/../lib/gcc/nios2-elf/4.7.3/../../../../../H-i686-mingw32/nios2-elf/lib/mno-hw-mul\libsmallc.a(lib_a-printf.o)
                0x00014748                _printf_r
                0x00014784                printf
 .text          0x000147d0       0x24 c:/altera/13.1/nios2eds/bin/gnu/h-i686-mingw32/bin/../lib/gcc/nios2-elf/4.7.3/../../../../../H-i686-mingw32/nios2-elf/lib/mno-hw-mul\libsmallc.a(lib_a-putchar.o)
                0x000147d0                _putchar_r
                0x000147d8                putchar
 .text          0x000147f4       0x94 c:/altera/13.1/nios2eds/bin/gnu/h-i686-mingw32/bin/../lib/gcc/nios2-elf/4.7.3/../../../../../H-i686-mingw32/nios2-elf/lib/mno-hw-mul\libsmallc.a(lib_a-puts.o)
                0x000147f4                _puts_r
                0x00014874                puts
 .text          0x00014888       0x28 c:/altera/13.1/nios2eds/bin/gnu/h-i686-mingw32/bin/../lib/gcc/nios2-elf/4.7.3/../../../../../H-i686-mingw32/nios2-elf/lib/mno-hw-mul\libsmallc.a(lib_a-strlen.o)
                0x00014888                strlen
 .text          0x000148b0      0x758 c:/altera/13.1/nios2eds/bin/gnu/h-i686-mingw32/bin/../lib/gcc/nios2-elf/4.7.3/../../../../../H-i686-mingw32/nios2-elf/lib/mno-hw-mul\libsmallc.a(lib_a-vfprintf.o)
                0x000148b0                ___vfprintf_internal_r
                0x00014fe4                __vfprintf_internal
 .text          0x00015008       0xe0 c:/altera/13.1/nios2eds/bin/gnu/h-i686-mingw32/bin/../lib/gcc/nios2-elf/4.7.3/../../../../../H-i686-mingw32/nios2-elf/lib/mno-hw-mul\libsmallc.a(lib_a-fvwrite_small_dev.o)
                0x00015008                __sfvwrite_small_dev
 .text          0x000150e8        0x0 c:/altera/13.1/nios2eds/bin/gnu/h-i686-mingw32/bin/../lib/gcc/nios2-elf/4.7.3/../../../../../H-i686-mingw32/nios2-elf/lib/mno-hw-mul\libsmallc.a(lib_a-impure.o)
 .text          0x000150e8       0xbc c:/altera/13.1/nios2eds/bin/gnu/h-i686-mingw32/bin/../lib/gcc/nios2-elf/4.7.3/../../../../../H-i686-mingw32/nios2-elf/lib/mno-hw-mul\libsmallc.a(lib_a-putc.o)
                0x000150e8                putc
                0x00015144                _putc_r
 .text          0x000151a4       0x6c c:/altera/13.1/nios2eds/bin/gnu/h-i686-mingw32/bin/../lib/gcc/nios2-elf/4.7.3/../../../../../H-i686-mingw32/nios2-elf/lib/mno-hw-mul\libsmallc.a(lib_a-writer.o)
                0x000151a4                _write_r
 .text          0x00015210        0x0 c:/altera/13.1/nios2eds/bin/gnu/h-i686-mingw32/bin/../lib/gcc/nios2-elf/4.7.3/../../../../../H-i686-mingw32/nios2-elf/lib/mno-hw-mul\libsmallc.a(lib_a-int_errno.o)
 .text          0x00015210       0xec ../stage3_bsp/\libhal_bsp.a(alt_load.o)
                0x0001527c                alt_load
 .text          0x000152fc       0x78 ../stage3_bsp/\libhal_bsp.a(alt_main.o)
                0x000152fc                alt_main
 .text          0x00015374      0x140 ../stage3_bsp/\libhal_bsp.a(alt_write.o)
                0x000153c4                write
 .text          0x000154b4       0xc0 ../stage3_bsp/\libhal_bsp.a(alt_sys_init.o)
                0x000154ec                alt_irq_init
                0x00015520                alt_sys_init
 .text          0x00015574       0xc0 ../stage3_bsp/\libhal_bsp.a(altera_avalon_jtag_uart_fd.o)
                0x00015574                altera_avalon_jtag_uart_read_fd
                0x000155d4                altera_avalon_jtag_uart_write_fd
 .text          0x00015634       0xf4 ../stage3_bsp/\libhal_bsp.a(altera_avalon_jtag_uart_read.o)
                0x00015634                altera_avalon_jtag_uart_read
 .text          0x00015728       0x98 ../stage3_bsp/\libhal_bsp.a(altera_avalon_jtag_uart_write.o)
                0x00015728                altera_avalon_jtag_uart_write
 .text          0x000157c0       0xfc ../stage3_bsp/\libhal_bsp.a(altera_avalon_timer_sc.o)
                0x00015834                alt_avalon_timer_sc_init
 .text          0x000158bc      0x11c ../stage3_bsp/\libhal_bsp.a(alt_close.o)
                0x0001590c                close
 .text          0x000159d8       0x1c ../stage3_bsp/\libhal_bsp.a(alt_dcache_flush_all.o)
                0x000159d8                alt_dcache_flush_all
 .text          0x000159f4       0x2c ../stage3_bsp/\libhal_bsp.a(alt_dev.o)
 .text          0x00015a20       0xf0 ../stage3_bsp/\libhal_bsp.a(alt_dev_llist_insert.o)
                0x00015a70                alt_dev_llist_insert
 .text          0x00015b10       0x5c ../stage3_bsp/\libhal_bsp.a(alt_do_ctors.o)
                0x00015b10                _do_ctors
 .text          0x00015b6c       0x5c ../stage3_bsp/\libhal_bsp.a(alt_do_dtors.o)
                0x00015b6c                _do_dtors
 .text          0x00015bc8        0x0 ../stage3_bsp/\libhal_bsp.a(alt_errno.o)
 .text          0x00015bc8       0x1c ../stage3_bsp/\libhal_bsp.a(alt_icache_flush_all.o)
                0x00015bc8                alt_icache_flush_all
 .text          0x00015be4      0x1d8 ../stage3_bsp/\libhal_bsp.a(alt_iic.o)
                0x00015be4                alt_ic_isr_register
                0x00015c34                alt_ic_irq_enable
                0x00015cd0                alt_ic_irq_disable
                0x00015d70                alt_ic_irq_enabled
 .text          0x00015dbc       0xf0 ../stage3_bsp/\libhal_bsp.a(alt_iic_isr_register.o)
                0x00015dbc                alt_iic_isr_register
 .text          0x00015eac      0x158 ../stage3_bsp/\libhal_bsp.a(alt_io_redirect.o)
                0x00015f8c                alt_io_redirect
 .text          0x00016004        0x0 ../stage3_bsp/\libhal_bsp.a(alt_irq_entry.o)
 .text          0x00016004        0x0 ../stage3_bsp/\libhal_bsp.a(alt_irq_handler.o)
 .text          0x00016004        0x0 ../stage3_bsp/\libhal_bsp.a(alt_irq_vars.o)
 .text          0x00016004      0x298 ../stage3_bsp/\libhal_bsp.a(alt_open.o)
                0x00016144                open
 .text          0x0001629c       0x80 ../stage3_bsp/\libhal_bsp.a(alt_release_fd.o)
                0x0001629c                alt_release_fd
 .text          0x0001631c      0x19c ../stage3_bsp/\libhal_bsp.a(alt_tick.o)
                0x0001631c                alt_alarm_stop
                0x000163b4                alt_tick
 .text          0x000164b8       0x20 ../stage3_bsp/\libhal_bsp.a(altera_nios2_qsys_irq.o)
                0x000164b8                altera_nios2_qsys_irq_init
 .text          0x000164d8        0x0 ../stage3_bsp/\libhal_bsp.a(alt_exception_entry.o)
 .text          0x000164d8       0x90 ../stage3_bsp/\libhal_bsp.a(alt_find_dev.o)
                0x000164d8                alt_find_dev
 .text          0x00016568      0x114 ../stage3_bsp/\libhal_bsp.a(alt_find_file.o)
                0x00016568                alt_find_file
 .text          0x0001667c       0xd4 ../stage3_bsp/\libhal_bsp.a(alt_get_fd.o)
                0x0001667c                alt_get_fd
 .text          0x00016750       0x14 c:/altera/13.1/nios2eds/bin/gnu/h-i686-mingw32/bin/../lib/gcc/nios2-elf/4.7.3/../../../../../H-i686-mingw32/nios2-elf/lib/mno-hw-mul\libsmallc.a(lib_a-atexit.o)
                0x00016750                atexit
 .text          0x00016764       0x20 c:/altera/13.1/nios2eds/bin/gnu/h-i686-mingw32/bin/../lib/gcc/nios2-elf/4.7.3/../../../../../H-i686-mingw32/nios2-elf/lib/mno-hw-mul\libsmallc.a(lib_a-exit.o)
                0x00016764                exit
 .text          0x00016784       0x48 c:/altera/13.1/nios2eds/bin/gnu/h-i686-mingw32/bin/../lib/gcc/nios2-elf/4.7.3/../../../../../H-i686-mingw32/nios2-elf/lib/mno-hw-mul\libsmallc.a(lib_a-memcmp.o)
                0x00016784                memcmp
 .text          0x000167cc      0x188 c:/altera/13.1/nios2eds/bin/gnu/h-i686-mingw32/bin/../lib/gcc/nios2-elf/4.7.3/../../../../../H-i686-mingw32/nios2-elf/lib/mno-hw-mul\libsmallc.a(lib_a-__atexit.o)
                0x000167cc                __register_exitproc
 .text          0x00016954      0x1d8 c:/altera/13.1/nios2eds/bin/gnu/h-i686-mingw32/bin/../lib/gcc/nios2-elf/4.7.3/../../../../../H-i686-mingw32/nios2-elf/lib/mno-hw-mul\libsmallc.a(lib_a-__call_atexit.o)
                0x00016954                __call_exitprocs
 .text          0x00016b2c       0x3c ../stage3_bsp/\libhal_bsp.a(alt_exit.o)
                0x00016b2c                _exit
 *(.gnu.warning.*)
 *(.fini)
                0x00016b68                PROVIDE (__etext, ABSOLUTE (.))
                0x00016b68                PROVIDE (_etext, ABSOLUTE (.))
                0x00016b68                PROVIDE (etext, ABSOLUTE (.))
 *(.eh_frame_hdr)
                0x00016b68                . = ALIGN (0x4)
                0x00016b68                PROVIDE (__preinit_array_start, ABSOLUTE (.))
 *(.preinit_array)
                0x00016b68                PROVIDE (__preinit_array_end, ABSOLUTE (.))
                0x00016b68                PROVIDE (__init_array_start, ABSOLUTE (.))
 *(.init_array)
                0x00016b68                PROVIDE (__init_array_end, ABSOLUTE (.))
                0x00016b68                PROVIDE (__fini_array_start, ABSOLUTE (.))
 *(.fini_array)
                0x00016b68                PROVIDE (__fini_array_end, ABSOLUTE (.))
 *(.eh_frame)
 *(.gcc_except_table .gcc_except_table.*)
 *(.dynamic)
                0x00016b68                PROVIDE (__CTOR_LIST__, ABSOLUTE (.))
 *(.ctors)
 *(SORT(.ctors.*))
                0x00016b68                PROVIDE (__CTOR_END__, ABSOLUTE (.))
                0x00016b68                PROVIDE (__DTOR_LIST__, ABSOLUTE (.))
 *(.dtors)
 *(SORT(.dtors.*))
                0x00016b68                PROVIDE (__DTOR_END__, ABSOLUTE (.))
 *(.jcr)
                0x00016b68                . = ALIGN (0x4)

.rodata         0x00016b68      0x394
                0x00016b68                PROVIDE (__ram_rodata_start, ABSOLUTE (.))
                0x00016b68                . = ALIGN (0x4)
 *(.rodata .rodata.* .gnu.linkonce.r.*)
 .rodata        0x00016b68       0x60 obj/default/main.o
 .rodata        0x00016bc8      0x188 c:/altera/13.1/nios2eds/bin/gnu/h-i686-mingw32/bin/../lib/gcc/nios2-elf/4.7.3/../../../../../H-i686-mingw32/nios2-elf/lib/mno-hw-mul\libm.a(lib_a-e_rem_pio2.o)
 .rodata        0x00016d50       0x50 c:/altera/13.1/nios2eds/bin/gnu/h-i686-mingw32/bin/../lib/gcc/nios2-elf/4.7.3/../../../../../H-i686-mingw32/nios2-elf/lib/mno-hw-mul\libm.a(lib_a-k_rem_pio2.o)
 .rodata        0x00016da0       0x10 c:/altera/13.1/nios2eds/bin/gnu/h-i686-mingw32/bin/../lib/gcc/nios2-elf/4.7.3/mno-hw-mul\libgcc.a(_thenan_sf.o)
                0x00016da0                __thenan_sf
 .rodata        0x00016db0       0x14 c:/altera/13.1/nios2eds/bin/gnu/h-i686-mingw32/bin/../lib/gcc/nios2-elf/4.7.3/mno-hw-mul\libgcc.a(_thenan_df.o)
                0x00016db0                __thenan_df
 .rodata        0x00016dc4      0x100 c:/altera/13.1/nios2eds/bin/gnu/h-i686-mingw32/bin/../lib/gcc/nios2-elf/4.7.3/mno-hw-mul\libgcc.a(_clz.o)
                0x00016dc4                __clz_tab
 .rodata.str1.4
                0x00016ec4        0x4 c:/altera/13.1/nios2eds/bin/gnu/h-i686-mingw32/bin/../lib/gcc/nios2-elf/4.7.3/../../../../../H-i686-mingw32/nios2-elf/lib/mno-hw-mul\libsmallc.a(lib_a-puts.o)
 .rodata        0x00016ec8       0x14 ../stage3_bsp/\libhal_bsp.a(alt_main.o)
 .rodata        0x00016edc       0x14 ../stage3_bsp/\libhal_bsp.a(alt_sys_init.o)
 .rodata        0x00016ef0        0xc ../stage3_bsp/\libhal_bsp.a(alt_dev.o)
 *(.rodata1)
                0x00016efc                . = ALIGN (0x4)
                0x00016efc                PROVIDE (__ram_rodata_end, ABSOLUTE (.))
                0x00016b68                PROVIDE (__flash_rodata_start, LOADADDR (.rodata))

.rwdata         0x00016efc      0x2e0 load address 0x000171dc
                0x00016efc                PROVIDE (__ram_rwdata_start, ABSOLUTE (.))
                0x00016efc                . = ALIGN (0x4)
 *(.got.plt)
 *(.got)
 *(.data1)
 *(.data .data.* .gnu.linkonce.d.*)
 .data          0x00016efc        0x0 ../stage3_bsp//obj/HAL/src/crt0.o
 .data          0x00016efc        0x0 obj/default/dct.o
 .data          0x00016efc        0x0 obj/default/main.o
 .data          0x00016efc        0x0 obj/default/nios2_common/fifo_io.o
 .data          0x00016efc        0x0 c:/altera/13.1/nios2eds/bin/gnu/h-i686-mingw32/bin/../lib/gcc/nios2-elf/4.7.3/../../../../../H-i686-mingw32/nios2-elf/lib/mno-hw-mul\libm.a(lib_a-s_cos.o)
 .data          0x00016efc        0x0 c:/altera/13.1/nios2eds/bin/gnu/h-i686-mingw32/bin/../lib/gcc/nios2-elf/4.7.3/../../../../../H-i686-mingw32/nios2-elf/lib/mno-hw-mul\libm.a(lib_a-sf_round.o)
 .data          0x00016efc        0x0 c:/altera/13.1/nios2eds/bin/gnu/h-i686-mingw32/bin/../lib/gcc/nios2-elf/4.7.3/../../../../../H-i686-mingw32/nios2-elf/lib/mno-hw-mul\libm.a(lib_a-e_rem_pio2.o)
 .data          0x00016efc        0x0 c:/altera/13.1/nios2eds/bin/gnu/h-i686-mingw32/bin/../lib/gcc/nios2-elf/4.7.3/../../../../../H-i686-mingw32/nios2-elf/lib/mno-hw-mul\libm.a(lib_a-k_cos.o)
 .data          0x00016efc        0x0 c:/altera/13.1/nios2eds/bin/gnu/h-i686-mingw32/bin/../lib/gcc/nios2-elf/4.7.3/../../../../../H-i686-mingw32/nios2-elf/lib/mno-hw-mul\libm.a(lib_a-k_rem_pio2.o)
 .data          0x00016efc        0x0 c:/altera/13.1/nios2eds/bin/gnu/h-i686-mingw32/bin/../lib/gcc/nios2-elf/4.7.3/../../../../../H-i686-mingw32/nios2-elf/lib/mno-hw-mul\libm.a(lib_a-k_sin.o)
 .data          0x00016efc        0x0 c:/altera/13.1/nios2eds/bin/gnu/h-i686-mingw32/bin/../lib/gcc/nios2-elf/4.7.3/../../../../../H-i686-mingw32/nios2-elf/lib/mno-hw-mul\libm.a(lib_a-s_fabs.o)
 .data          0x00016efc        0x0 c:/altera/13.1/nios2eds/bin/gnu/h-i686-mingw32/bin/../lib/gcc/nios2-elf/4.7.3/../../../../../H-i686-mingw32/nios2-elf/lib/mno-hw-mul\libm.a(lib_a-s_floor.o)
 .data          0x00016efc        0x0 c:/altera/13.1/nios2eds/bin/gnu/h-i686-mingw32/bin/../lib/gcc/nios2-elf/4.7.3/../../../../../H-i686-mingw32/nios2-elf/lib/mno-hw-mul\libm.a(lib_a-s_scalbn.o)
 .data          0x00016efc        0x0 c:/altera/13.1/nios2eds/bin/gnu/h-i686-mingw32/bin/../lib/gcc/nios2-elf/4.7.3/../../../../../H-i686-mingw32/nios2-elf/lib/mno-hw-mul\libm.a(lib_a-s_copysign.o)
 .data          0x00016efc        0x0 c:/altera/13.1/nios2eds/bin/gnu/h-i686-mingw32/bin/../lib/gcc/nios2-elf/4.7.3/mno-hw-mul\libgcc.a(_addsub_sf.o)
 .data          0x00016efc        0x0 c:/altera/13.1/nios2eds/bin/gnu/h-i686-mingw32/bin/../lib/gcc/nios2-elf/4.7.3/mno-hw-mul\libgcc.a(_mul_sf.o)
 .data          0x00016efc        0x0 c:/altera/13.1/nios2eds/bin/gnu/h-i686-mingw32/bin/../lib/gcc/nios2-elf/4.7.3/mno-hw-mul\libgcc.a(_si_to_sf.o)
 .data          0x00016efc        0x0 c:/altera/13.1/nios2eds/bin/gnu/h-i686-mingw32/bin/../lib/gcc/nios2-elf/4.7.3/mno-hw-mul\libgcc.a(_sf_to_si.o)
 .data          0x00016efc        0x0 c:/altera/13.1/nios2eds/bin/gnu/h-i686-mingw32/bin/../lib/gcc/nios2-elf/4.7.3/mno-hw-mul\libgcc.a(_thenan_sf.o)
 .data          0x00016efc        0x0 c:/altera/13.1/nios2eds/bin/gnu/h-i686-mingw32/bin/../lib/gcc/nios2-elf/4.7.3/mno-hw-mul\libgcc.a(_addsub_df.o)
 .data          0x00016efc        0x0 c:/altera/13.1/nios2eds/bin/gnu/h-i686-mingw32/bin/../lib/gcc/nios2-elf/4.7.3/mno-hw-mul\libgcc.a(_mul_df.o)
 .data          0x00016efc        0x0 c:/altera/13.1/nios2eds/bin/gnu/h-i686-mingw32/bin/../lib/gcc/nios2-elf/4.7.3/mno-hw-mul\libgcc.a(_div_df.o)
 .data          0x00016efc        0x0 c:/altera/13.1/nios2eds/bin/gnu/h-i686-mingw32/bin/../lib/gcc/nios2-elf/4.7.3/mno-hw-mul\libgcc.a(_eq_df.o)
 .data          0x00016efc        0x0 c:/altera/13.1/nios2eds/bin/gnu/h-i686-mingw32/bin/../lib/gcc/nios2-elf/4.7.3/mno-hw-mul\libgcc.a(_gt_df.o)
 .data          0x00016efc        0x0 c:/altera/13.1/nios2eds/bin/gnu/h-i686-mingw32/bin/../lib/gcc/nios2-elf/4.7.3/mno-hw-mul\libgcc.a(_ge_df.o)
 .data          0x00016efc        0x0 c:/altera/13.1/nios2eds/bin/gnu/h-i686-mingw32/bin/../lib/gcc/nios2-elf/4.7.3/mno-hw-mul\libgcc.a(_si_to_df.o)
 .data          0x00016efc        0x0 c:/altera/13.1/nios2eds/bin/gnu/h-i686-mingw32/bin/../lib/gcc/nios2-elf/4.7.3/mno-hw-mul\libgcc.a(_df_to_si.o)
 .data          0x00016efc        0x0 c:/altera/13.1/nios2eds/bin/gnu/h-i686-mingw32/bin/../lib/gcc/nios2-elf/4.7.3/mno-hw-mul\libgcc.a(_df_to_sf.o)
 .data          0x00016efc        0x0 c:/altera/13.1/nios2eds/bin/gnu/h-i686-mingw32/bin/../lib/gcc/nios2-elf/4.7.3/mno-hw-mul\libgcc.a(_thenan_df.o)
 .data          0x00016efc        0x0 c:/altera/13.1/nios2eds/bin/gnu/h-i686-mingw32/bin/../lib/gcc/nios2-elf/4.7.3/mno-hw-mul\libgcc.a(lib2-divmod.o)
 .data          0x00016efc        0x0 c:/altera/13.1/nios2eds/bin/gnu/h-i686-mingw32/bin/../lib/gcc/nios2-elf/4.7.3/mno-hw-mul\libgcc.a(lib2-mul.o)
 .data          0x00016efc        0x0 c:/altera/13.1/nios2eds/bin/gnu/h-i686-mingw32/bin/../lib/gcc/nios2-elf/4.7.3/mno-hw-mul\libgcc.a(_muldi3.o)
 .data          0x00016efc        0x0 c:/altera/13.1/nios2eds/bin/gnu/h-i686-mingw32/bin/../lib/gcc/nios2-elf/4.7.3/mno-hw-mul\libgcc.a(_clzsi2.o)
 .data          0x00016efc        0x0 c:/altera/13.1/nios2eds/bin/gnu/h-i686-mingw32/bin/../lib/gcc/nios2-elf/4.7.3/mno-hw-mul\libgcc.a(_pack_sf.o)
 .data          0x00016efc        0x0 c:/altera/13.1/nios2eds/bin/gnu/h-i686-mingw32/bin/../lib/gcc/nios2-elf/4.7.3/mno-hw-mul\libgcc.a(_unpack_sf.o)
 .data          0x00016efc        0x0 c:/altera/13.1/nios2eds/bin/gnu/h-i686-mingw32/bin/../lib/gcc/nios2-elf/4.7.3/mno-hw-mul\libgcc.a(_make_sf.o)
 .data          0x00016efc        0x0 c:/altera/13.1/nios2eds/bin/gnu/h-i686-mingw32/bin/../lib/gcc/nios2-elf/4.7.3/mno-hw-mul\libgcc.a(_pack_df.o)
 .data          0x00016efc        0x0 c:/altera/13.1/nios2eds/bin/gnu/h-i686-mingw32/bin/../lib/gcc/nios2-elf/4.7.3/mno-hw-mul\libgcc.a(_unpack_df.o)
 .data          0x00016efc        0x0 c:/altera/13.1/nios2eds/bin/gnu/h-i686-mingw32/bin/../lib/gcc/nios2-elf/4.7.3/mno-hw-mul\libgcc.a(_fpcmp_parts_df.o)
 .data          0x00016efc        0x0 c:/altera/13.1/nios2eds/bin/gnu/h-i686-mingw32/bin/../lib/gcc/nios2-elf/4.7.3/mno-hw-mul\libgcc.a(_lshrdi3.o)
 .data          0x00016efc        0x0 c:/altera/13.1/nios2eds/bin/gnu/h-i686-mingw32/bin/../lib/gcc/nios2-elf/4.7.3/mno-hw-mul\libgcc.a(_ashldi3.o)
 .data          0x00016efc        0x0 c:/altera/13.1/nios2eds/bin/gnu/h-i686-mingw32/bin/../lib/gcc/nios2-elf/4.7.3/mno-hw-mul\libgcc.a(_clz.o)
 .data          0x00016efc        0x0 c:/altera/13.1/nios2eds/bin/gnu/h-i686-mingw32/bin/../lib/gcc/nios2-elf/4.7.3/../../../../../H-i686-mingw32/nios2-elf/lib/mno-hw-mul\libsmallc.a(lib_a-printf.o)
 .data          0x00016efc        0x0 c:/altera/13.1/nios2eds/bin/gnu/h-i686-mingw32/bin/../lib/gcc/nios2-elf/4.7.3/../../../../../H-i686-mingw32/nios2-elf/lib/mno-hw-mul\libsmallc.a(lib_a-putchar.o)
 .data          0x00016efc        0x0 c:/altera/13.1/nios2eds/bin/gnu/h-i686-mingw32/bin/../lib/gcc/nios2-elf/4.7.3/../../../../../H-i686-mingw32/nios2-elf/lib/mno-hw-mul\libsmallc.a(lib_a-puts.o)
 .data          0x00016efc        0x0 c:/altera/13.1/nios2eds/bin/gnu/h-i686-mingw32/bin/../lib/gcc/nios2-elf/4.7.3/../../../../../H-i686-mingw32/nios2-elf/lib/mno-hw-mul\libsmallc.a(lib_a-strlen.o)
 .data          0x00016efc        0x0 c:/altera/13.1/nios2eds/bin/gnu/h-i686-mingw32/bin/../lib/gcc/nios2-elf/4.7.3/../../../../../H-i686-mingw32/nios2-elf/lib/mno-hw-mul\libsmallc.a(lib_a-vfprintf.o)
 .data          0x00016efc        0x0 c:/altera/13.1/nios2eds/bin/gnu/h-i686-mingw32/bin/../lib/gcc/nios2-elf/4.7.3/../../../../../H-i686-mingw32/nios2-elf/lib/mno-hw-mul\libsmallc.a(lib_a-fvwrite_small_dev.o)
 .data          0x00016efc       0xe0 c:/altera/13.1/nios2eds/bin/gnu/h-i686-mingw32/bin/../lib/gcc/nios2-elf/4.7.3/../../../../../H-i686-mingw32/nios2-elf/lib/mno-hw-mul\libsmallc.a(lib_a-impure.o)
 .data          0x00016fdc        0x0 c:/altera/13.1/nios2eds/bin/gnu/h-i686-mingw32/bin/../lib/gcc/nios2-elf/4.7.3/../../../../../H-i686-mingw32/nios2-elf/lib/mno-hw-mul\libsmallc.a(lib_a-putc.o)
 .data          0x00016fdc        0x0 c:/altera/13.1/nios2eds/bin/gnu/h-i686-mingw32/bin/../lib/gcc/nios2-elf/4.7.3/../../../../../H-i686-mingw32/nios2-elf/lib/mno-hw-mul\libsmallc.a(lib_a-writer.o)
 .data          0x00016fdc        0x0 c:/altera/13.1/nios2eds/bin/gnu/h-i686-mingw32/bin/../lib/gcc/nios2-elf/4.7.3/../../../../../H-i686-mingw32/nios2-elf/lib/mno-hw-mul\libsmallc.a(lib_a-int_errno.o)
 .data          0x00016fdc        0x0 ../stage3_bsp/\libhal_bsp.a(alt_load.o)
 .data          0x00016fdc        0x0 ../stage3_bsp/\libhal_bsp.a(alt_main.o)
 .data          0x00016fdc        0x0 ../stage3_bsp/\libhal_bsp.a(alt_write.o)
 .data          0x00016fdc       0x2c ../stage3_bsp/\libhal_bsp.a(alt_sys_init.o)
 .data          0x00017008        0x0 ../stage3_bsp/\libhal_bsp.a(altera_avalon_jtag_uart_fd.o)
 .data          0x00017008        0x0 ../stage3_bsp/\libhal_bsp.a(altera_avalon_jtag_uart_read.o)
 .data          0x00017008        0x0 ../stage3_bsp/\libhal_bsp.a(altera_avalon_jtag_uart_write.o)
 .data          0x00017008        0x0 ../stage3_bsp/\libhal_bsp.a(altera_avalon_timer_sc.o)
 .data          0x00017008        0x0 ../stage3_bsp/\libhal_bsp.a(alt_close.o)
 .data          0x00017008        0x0 ../stage3_bsp/\libhal_bsp.a(alt_dcache_flush_all.o)
 .data          0x00017008      0x1a8 ../stage3_bsp/\libhal_bsp.a(alt_dev.o)
                0x00017008                alt_dev_null
                0x00017030                alt_fd_list
 .data          0x000171b0        0x0 ../stage3_bsp/\libhal_bsp.a(alt_dev_llist_insert.o)
 .data          0x000171b0        0x0 ../stage3_bsp/\libhal_bsp.a(alt_do_ctors.o)
 .data          0x000171b0        0x0 ../stage3_bsp/\libhal_bsp.a(alt_do_dtors.o)
 .data          0x000171b0        0x0 ../stage3_bsp/\libhal_bsp.a(alt_errno.o)
 .data          0x000171b0        0x0 ../stage3_bsp/\libhal_bsp.a(alt_icache_flush_all.o)
 .data          0x000171b0        0x0 ../stage3_bsp/\libhal_bsp.a(alt_iic.o)
 .data          0x000171b0        0x0 ../stage3_bsp/\libhal_bsp.a(alt_iic_isr_register.o)
 .data          0x000171b0        0x0 ../stage3_bsp/\libhal_bsp.a(alt_io_redirect.o)
 .data          0x000171b0        0x0 ../stage3_bsp/\libhal_bsp.a(alt_irq_entry.o)
 .data          0x000171b0        0x0 ../stage3_bsp/\libhal_bsp.a(alt_irq_handler.o)
 .data          0x000171b0        0x0 ../stage3_bsp/\libhal_bsp.a(alt_irq_vars.o)
 .data          0x000171b0        0x0 ../stage3_bsp/\libhal_bsp.a(alt_open.o)
 .data          0x000171b0        0x0 ../stage3_bsp/\libhal_bsp.a(alt_release_fd.o)
 .data          0x000171b0        0x0 ../stage3_bsp/\libhal_bsp.a(alt_tick.o)
 .data          0x000171b0        0x0 ../stage3_bsp/\libhal_bsp.a(altera_nios2_qsys_irq.o)
 .data          0x000171b0        0x0 ../stage3_bsp/\libhal_bsp.a(alt_exception_entry.o)
 .data          0x000171b0        0x0 ../stage3_bsp/\libhal_bsp.a(alt_find_dev.o)
 .data          0x000171b0        0x0 ../stage3_bsp/\libhal_bsp.a(alt_find_file.o)
 .data          0x000171b0        0x0 ../stage3_bsp/\libhal_bsp.a(alt_get_fd.o)
 .data          0x000171b0        0x0 c:/altera/13.1/nios2eds/bin/gnu/h-i686-mingw32/bin/../lib/gcc/nios2-elf/4.7.3/../../../../../H-i686-mingw32/nios2-elf/lib/mno-hw-mul\libsmallc.a(lib_a-atexit.o)
 .data          0x000171b0        0x0 c:/altera/13.1/nios2eds/bin/gnu/h-i686-mingw32/bin/../lib/gcc/nios2-elf/4.7.3/../../../../../H-i686-mingw32/nios2-elf/lib/mno-hw-mul\libsmallc.a(lib_a-exit.o)
 .data          0x000171b0        0x0 c:/altera/13.1/nios2eds/bin/gnu/h-i686-mingw32/bin/../lib/gcc/nios2-elf/4.7.3/../../../../../H-i686-mingw32/nios2-elf/lib/mno-hw-mul\libsmallc.a(lib_a-memcmp.o)
 .data          0x000171b0        0x0 c:/altera/13.1/nios2eds/bin/gnu/h-i686-mingw32/bin/../lib/gcc/nios2-elf/4.7.3/../../../../../H-i686-mingw32/nios2-elf/lib/mno-hw-mul\libsmallc.a(lib_a-__atexit.o)
 .data          0x000171b0        0x0 c:/altera/13.1/nios2eds/bin/gnu/h-i686-mingw32/bin/../lib/gcc/nios2-elf/4.7.3/../../../../../H-i686-mingw32/nios2-elf/lib/mno-hw-mul\libsmallc.a(lib_a-__call_atexit.o)
 .data          0x000171b0        0x0 ../stage3_bsp/\libhal_bsp.a(alt_exit.o)
                0x0001f1b0                _gp = ABSOLUTE ((. + 0x8000))
                0x0001f1b0                PROVIDE (gp, _gp)
 *(.rwdata .rwdata.*)
 *(.sdata .sdata.* .gnu.linkonce.s.*)
 .sdata         0x000171b0        0x8 c:/altera/13.1/nios2eds/bin/gnu/h-i686-mingw32/bin/../lib/gcc/nios2-elf/4.7.3/../../../../../H-i686-mingw32/nios2-elf/lib/mno-hw-mul\libsmallc.a(lib_a-impure.o)
                0x000171b0                _global_impure_ptr
                0x000171b4                _impure_ptr
 .sdata         0x000171b8       0x14 ../stage3_bsp/\libhal_bsp.a(alt_dev.o)
                0x000171b8                alt_fs_list
                0x000171c0                alt_dev_list
                0x000171c8                alt_max_fd
 .sdata         0x000171cc        0x4 ../stage3_bsp/\libhal_bsp.a(alt_errno.o)
                0x000171cc                alt_errno
 .sdata         0x000171d0        0x4 ../stage3_bsp/\libhal_bsp.a(alt_irq_vars.o)
                0x000171d0                alt_priority_mask
 .sdata         0x000171d4        0x8 ../stage3_bsp/\libhal_bsp.a(alt_tick.o)
                0x000171d4                alt_alarm_list
 *(.sdata2 .sdata2.* .gnu.linkonce.s2.*)
                0x000171dc                . = ALIGN (0x4)
                0x000171dc                _edata = ABSOLUTE (.)
                0x000171dc                PROVIDE (edata, ABSOLUTE (.))
                0x000171dc                PROVIDE (__ram_rwdata_end, ABSOLUTE (.))
                0x000171dc                PROVIDE (__flash_rwdata_start, LOADADDR (.rwdata))

.bss            0x000174bc      0x2cc
                0x000174bc                __bss_start = ABSOLUTE (.)
                0x000174bc                PROVIDE (__sbss_start, ABSOLUTE (.))
                0x000174bc                PROVIDE (___sbss_start, ABSOLUTE (.))
 *(.dynsbss)
 *(.sbss .sbss.* .gnu.linkonce.sb.*)
 .sbss          0x000174bc        0x4 obj/default/dct.o
 .sbss          0x000174c0        0x4 c:/altera/13.1/nios2eds/bin/gnu/h-i686-mingw32/bin/../lib/gcc/nios2-elf/4.7.3/../../../../../H-i686-mingw32/nios2-elf/lib/mno-hw-mul\libsmallc.a(lib_a-int_errno.o)
                0x000174c0                errno
 .sbss          0x000174c4        0xc ../stage3_bsp/\libhal_bsp.a(alt_main.o)
                0x000174c4                alt_argc
                0x000174c8                alt_argv
                0x000174cc                alt_envp
 .sbss          0x000174d0        0x4 ../stage3_bsp/\libhal_bsp.a(alt_irq_vars.o)
                0x000174d0                alt_irq_active
 .sbss          0x000174d4        0x8 ../stage3_bsp/\libhal_bsp.a(alt_tick.o)
                0x000174d4                _alt_tick_rate
                0x000174d8                _alt_nticks
 *(.sbss2 .sbss2.* .gnu.linkonce.sb2.*)
 *(.scommon)
                0x000174dc                PROVIDE (__sbss_end, ABSOLUTE (.))
                0x000174dc                PROVIDE (___sbss_end, ABSOLUTE (.))
 *(.dynbss)
 *(.bss .bss.* .gnu.linkonce.b.*)
 .bss           0x000174dc        0x0 ../stage3_bsp//obj/HAL/src/crt0.o
 .bss           0x000174dc      0x120 obj/default/dct.o
 .bss           0x000175fc        0x0 obj/default/main.o
 .bss           0x000175fc        0x0 obj/default/nios2_common/fifo_io.o
 .bss           0x000175fc        0x0 c:/altera/13.1/nios2eds/bin/gnu/h-i686-mingw32/bin/../lib/gcc/nios2-elf/4.7.3/../../../../../H-i686-mingw32/nios2-elf/lib/mno-hw-mul\libm.a(lib_a-s_cos.o)
 .bss           0x000175fc        0x0 c:/altera/13.1/nios2eds/bin/gnu/h-i686-mingw32/bin/../lib/gcc/nios2-elf/4.7.3/../../../../../H-i686-mingw32/nios2-elf/lib/mno-hw-mul\libm.a(lib_a-sf_round.o)
 .bss           0x000175fc        0x0 c:/altera/13.1/nios2eds/bin/gnu/h-i686-mingw32/bin/../lib/gcc/nios2-elf/4.7.3/../../../../../H-i686-mingw32/nios2-elf/lib/mno-hw-mul\libm.a(lib_a-e_rem_pio2.o)
 .bss           0x000175fc        0x0 c:/altera/13.1/nios2eds/bin/gnu/h-i686-mingw32/bin/../lib/gcc/nios2-elf/4.7.3/../../../../../H-i686-mingw32/nios2-elf/lib/mno-hw-mul\libm.a(lib_a-k_cos.o)
 .bss           0x000175fc        0x0 c:/altera/13.1/nios2eds/bin/gnu/h-i686-mingw32/bin/../lib/gcc/nios2-elf/4.7.3/../../../../../H-i686-mingw32/nios2-elf/lib/mno-hw-mul\libm.a(lib_a-k_rem_pio2.o)
 .bss           0x000175fc        0x0 c:/altera/13.1/nios2eds/bin/gnu/h-i686-mingw32/bin/../lib/gcc/nios2-elf/4.7.3/../../../../../H-i686-mingw32/nios2-elf/lib/mno-hw-mul\libm.a(lib_a-k_sin.o)
 .bss           0x000175fc        0x0 c:/altera/13.1/nios2eds/bin/gnu/h-i686-mingw32/bin/../lib/gcc/nios2-elf/4.7.3/../../../../../H-i686-mingw32/nios2-elf/lib/mno-hw-mul\libm.a(lib_a-s_fabs.o)
 .bss           0x000175fc        0x0 c:/altera/13.1/nios2eds/bin/gnu/h-i686-mingw32/bin/../lib/gcc/nios2-elf/4.7.3/../../../../../H-i686-mingw32/nios2-elf/lib/mno-hw-mul\libm.a(lib_a-s_floor.o)
 .bss           0x000175fc        0x0 c:/altera/13.1/nios2eds/bin/gnu/h-i686-mingw32/bin/../lib/gcc/nios2-elf/4.7.3/../../../../../H-i686-mingw32/nios2-elf/lib/mno-hw-mul\libm.a(lib_a-s_scalbn.o)
 .bss           0x000175fc        0x0 c:/altera/13.1/nios2eds/bin/gnu/h-i686-mingw32/bin/../lib/gcc/nios2-elf/4.7.3/../../../../../H-i686-mingw32/nios2-elf/lib/mno-hw-mul\libm.a(lib_a-s_copysign.o)
 .bss           0x000175fc        0x0 c:/altera/13.1/nios2eds/bin/gnu/h-i686-mingw32/bin/../lib/gcc/nios2-elf/4.7.3/mno-hw-mul\libgcc.a(_addsub_sf.o)
 .bss           0x000175fc        0x0 c:/altera/13.1/nios2eds/bin/gnu/h-i686-mingw32/bin/../lib/gcc/nios2-elf/4.7.3/mno-hw-mul\libgcc.a(_mul_sf.o)
 .bss           0x000175fc        0x0 c:/altera/13.1/nios2eds/bin/gnu/h-i686-mingw32/bin/../lib/gcc/nios2-elf/4.7.3/mno-hw-mul\libgcc.a(_si_to_sf.o)
 .bss           0x000175fc        0x0 c:/altera/13.1/nios2eds/bin/gnu/h-i686-mingw32/bin/../lib/gcc/nios2-elf/4.7.3/mno-hw-mul\libgcc.a(_sf_to_si.o)
 .bss           0x000175fc        0x0 c:/altera/13.1/nios2eds/bin/gnu/h-i686-mingw32/bin/../lib/gcc/nios2-elf/4.7.3/mno-hw-mul\libgcc.a(_thenan_sf.o)
 .bss           0x000175fc        0x0 c:/altera/13.1/nios2eds/bin/gnu/h-i686-mingw32/bin/../lib/gcc/nios2-elf/4.7.3/mno-hw-mul\libgcc.a(_addsub_df.o)
 .bss           0x000175fc        0x0 c:/altera/13.1/nios2eds/bin/gnu/h-i686-mingw32/bin/../lib/gcc/nios2-elf/4.7.3/mno-hw-mul\libgcc.a(_mul_df.o)
 .bss           0x000175fc        0x0 c:/altera/13.1/nios2eds/bin/gnu/h-i686-mingw32/bin/../lib/gcc/nios2-elf/4.7.3/mno-hw-mul\libgcc.a(_div_df.o)
 .bss           0x000175fc        0x0 c:/altera/13.1/nios2eds/bin/gnu/h-i686-mingw32/bin/../lib/gcc/nios2-elf/4.7.3/mno-hw-mul\libgcc.a(_eq_df.o)
 .bss           0x000175fc        0x0 c:/altera/13.1/nios2eds/bin/gnu/h-i686-mingw32/bin/../lib/gcc/nios2-elf/4.7.3/mno-hw-mul\libgcc.a(_gt_df.o)
 .bss           0x000175fc        0x0 c:/altera/13.1/nios2eds/bin/gnu/h-i686-mingw32/bin/../lib/gcc/nios2-elf/4.7.3/mno-hw-mul\libgcc.a(_ge_df.o)
 .bss           0x000175fc        0x0 c:/altera/13.1/nios2eds/bin/gnu/h-i686-mingw32/bin/../lib/gcc/nios2-elf/4.7.3/mno-hw-mul\libgcc.a(_si_to_df.o)
 .bss           0x000175fc        0x0 c:/altera/13.1/nios2eds/bin/gnu/h-i686-mingw32/bin/../lib/gcc/nios2-elf/4.7.3/mno-hw-mul\libgcc.a(_df_to_si.o)
 .bss           0x000175fc        0x0 c:/altera/13.1/nios2eds/bin/gnu/h-i686-mingw32/bin/../lib/gcc/nios2-elf/4.7.3/mno-hw-mul\libgcc.a(_df_to_sf.o)
 .bss           0x000175fc        0x0 c:/altera/13.1/nios2eds/bin/gnu/h-i686-mingw32/bin/../lib/gcc/nios2-elf/4.7.3/mno-hw-mul\libgcc.a(_thenan_df.o)
 .bss           0x000175fc        0x0 c:/altera/13.1/nios2eds/bin/gnu/h-i686-mingw32/bin/../lib/gcc/nios2-elf/4.7.3/mno-hw-mul\libgcc.a(lib2-divmod.o)
 .bss           0x000175fc        0x0 c:/altera/13.1/nios2eds/bin/gnu/h-i686-mingw32/bin/../lib/gcc/nios2-elf/4.7.3/mno-hw-mul\libgcc.a(lib2-mul.o)
 .bss           0x000175fc        0x0 c:/altera/13.1/nios2eds/bin/gnu/h-i686-mingw32/bin/../lib/gcc/nios2-elf/4.7.3/mno-hw-mul\libgcc.a(_muldi3.o)
 .bss           0x000175fc        0x0 c:/altera/13.1/nios2eds/bin/gnu/h-i686-mingw32/bin/../lib/gcc/nios2-elf/4.7.3/mno-hw-mul\libgcc.a(_clzsi2.o)
 .bss           0x000175fc        0x0 c:/altera/13.1/nios2eds/bin/gnu/h-i686-mingw32/bin/../lib/gcc/nios2-elf/4.7.3/mno-hw-mul\libgcc.a(_pack_sf.o)
 .bss           0x000175fc        0x0 c:/altera/13.1/nios2eds/bin/gnu/h-i686-mingw32/bin/../lib/gcc/nios2-elf/4.7.3/mno-hw-mul\libgcc.a(_unpack_sf.o)
 .bss           0x000175fc        0x0 c:/altera/13.1/nios2eds/bin/gnu/h-i686-mingw32/bin/../lib/gcc/nios2-elf/4.7.3/mno-hw-mul\libgcc.a(_make_sf.o)
 .bss           0x000175fc        0x0 c:/altera/13.1/nios2eds/bin/gnu/h-i686-mingw32/bin/../lib/gcc/nios2-elf/4.7.3/mno-hw-mul\libgcc.a(_pack_df.o)
 .bss           0x000175fc        0x0 c:/altera/13.1/nios2eds/bin/gnu/h-i686-mingw32/bin/../lib/gcc/nios2-elf/4.7.3/mno-hw-mul\libgcc.a(_unpack_df.o)
 .bss           0x000175fc        0x0 c:/altera/13.1/nios2eds/bin/gnu/h-i686-mingw32/bin/../lib/gcc/nios2-elf/4.7.3/mno-hw-mul\libgcc.a(_fpcmp_parts_df.o)
 .bss           0x000175fc        0x0 c:/altera/13.1/nios2eds/bin/gnu/h-i686-mingw32/bin/../lib/gcc/nios2-elf/4.7.3/mno-hw-mul\libgcc.a(_lshrdi3.o)
 .bss           0x000175fc        0x0 c:/altera/13.1/nios2eds/bin/gnu/h-i686-mingw32/bin/../lib/gcc/nios2-elf/4.7.3/mno-hw-mul\libgcc.a(_ashldi3.o)
 .bss           0x000175fc        0x0 c:/altera/13.1/nios2eds/bin/gnu/h-i686-mingw32/bin/../lib/gcc/nios2-elf/4.7.3/mno-hw-mul\libgcc.a(_clz.o)
 .bss           0x000175fc        0x0 c:/altera/13.1/nios2eds/bin/gnu/h-i686-mingw32/bin/../lib/gcc/nios2-elf/4.7.3/../../../../../H-i686-mingw32/nios2-elf/lib/mno-hw-mul\libsmallc.a(lib_a-printf.o)
 .bss           0x000175fc        0x0 c:/altera/13.1/nios2eds/bin/gnu/h-i686-mingw32/bin/../lib/gcc/nios2-elf/4.7.3/../../../../../H-i686-mingw32/nios2-elf/lib/mno-hw-mul\libsmallc.a(lib_a-putchar.o)
 .bss           0x000175fc        0x0 c:/altera/13.1/nios2eds/bin/gnu/h-i686-mingw32/bin/../lib/gcc/nios2-elf/4.7.3/../../../../../H-i686-mingw32/nios2-elf/lib/mno-hw-mul\libsmallc.a(lib_a-puts.o)
 .bss           0x000175fc        0x0 c:/altera/13.1/nios2eds/bin/gnu/h-i686-mingw32/bin/../lib/gcc/nios2-elf/4.7.3/../../../../../H-i686-mingw32/nios2-elf/lib/mno-hw-mul\libsmallc.a(lib_a-strlen.o)
 .bss           0x000175fc        0x0 c:/altera/13.1/nios2eds/bin/gnu/h-i686-mingw32/bin/../lib/gcc/nios2-elf/4.7.3/../../../../../H-i686-mingw32/nios2-elf/lib/mno-hw-mul\libsmallc.a(lib_a-vfprintf.o)
 .bss           0x000175fc        0x0 c:/altera/13.1/nios2eds/bin/gnu/h-i686-mingw32/bin/../lib/gcc/nios2-elf/4.7.3/../../../../../H-i686-mingw32/nios2-elf/lib/mno-hw-mul\libsmallc.a(lib_a-fvwrite_small_dev.o)
 .bss           0x000175fc        0x0 c:/altera/13.1/nios2eds/bin/gnu/h-i686-mingw32/bin/../lib/gcc/nios2-elf/4.7.3/../../../../../H-i686-mingw32/nios2-elf/lib/mno-hw-mul\libsmallc.a(lib_a-impure.o)
 .bss           0x000175fc        0x0 c:/altera/13.1/nios2eds/bin/gnu/h-i686-mingw32/bin/../lib/gcc/nios2-elf/4.7.3/../../../../../H-i686-mingw32/nios2-elf/lib/mno-hw-mul\libsmallc.a(lib_a-putc.o)
 .bss           0x000175fc        0x0 c:/altera/13.1/nios2eds/bin/gnu/h-i686-mingw32/bin/../lib/gcc/nios2-elf/4.7.3/../../../../../H-i686-mingw32/nios2-elf/lib/mno-hw-mul\libsmallc.a(lib_a-writer.o)
 .bss           0x000175fc        0x0 c:/altera/13.1/nios2eds/bin/gnu/h-i686-mingw32/bin/../lib/gcc/nios2-elf/4.7.3/../../../../../H-i686-mingw32/nios2-elf/lib/mno-hw-mul\libsmallc.a(lib_a-int_errno.o)
 .bss           0x000175fc        0x0 ../stage3_bsp/\libhal_bsp.a(alt_load.o)
 .bss           0x000175fc        0x0 ../stage3_bsp/\libhal_bsp.a(alt_main.o)
 .bss           0x000175fc        0x0 ../stage3_bsp/\libhal_bsp.a(alt_write.o)
 .bss           0x000175fc        0x0 ../stage3_bsp/\libhal_bsp.a(alt_sys_init.o)
 .bss           0x000175fc        0x0 ../stage3_bsp/\libhal_bsp.a(altera_avalon_jtag_uart_fd.o)
 .bss           0x000175fc        0x0 ../stage3_bsp/\libhal_bsp.a(altera_avalon_jtag_uart_read.o)
 .bss           0x000175fc        0x0 ../stage3_bsp/\libhal_bsp.a(altera_avalon_jtag_uart_write.o)
 .bss           0x000175fc        0x0 ../stage3_bsp/\libhal_bsp.a(altera_avalon_timer_sc.o)
 .bss           0x000175fc        0x0 ../stage3_bsp/\libhal_bsp.a(alt_close.o)
 .bss           0x000175fc        0x0 ../stage3_bsp/\libhal_bsp.a(alt_dcache_flush_all.o)
 .bss           0x000175fc        0x0 ../stage3_bsp/\libhal_bsp.a(alt_dev.o)
 .bss           0x000175fc        0x0 ../stage3_bsp/\libhal_bsp.a(alt_dev_llist_insert.o)
 .bss           0x000175fc        0x0 ../stage3_bsp/\libhal_bsp.a(alt_do_ctors.o)
 .bss           0x000175fc        0x0 ../stage3_bsp/\libhal_bsp.a(alt_do_dtors.o)
 .bss           0x000175fc        0x0 ../stage3_bsp/\libhal_bsp.a(alt_errno.o)
 .bss           0x000175fc        0x0 ../stage3_bsp/\libhal_bsp.a(alt_icache_flush_all.o)
 .bss           0x000175fc        0x0 ../stage3_bsp/\libhal_bsp.a(alt_iic.o)
 .bss           0x000175fc        0x0 ../stage3_bsp/\libhal_bsp.a(alt_iic_isr_register.o)
 .bss           0x000175fc        0x0 ../stage3_bsp/\libhal_bsp.a(alt_io_redirect.o)
 .bss           0x000175fc        0x0 ../stage3_bsp/\libhal_bsp.a(alt_irq_entry.o)
 .bss           0x000175fc        0x0 ../stage3_bsp/\libhal_bsp.a(alt_irq_handler.o)
 .bss           0x000175fc        0x0 ../stage3_bsp/\libhal_bsp.a(alt_irq_vars.o)
 .bss           0x000175fc        0x0 ../stage3_bsp/\libhal_bsp.a(alt_open.o)
 .bss           0x000175fc        0x0 ../stage3_bsp/\libhal_bsp.a(alt_release_fd.o)
 .bss           0x000175fc        0x0 ../stage3_bsp/\libhal_bsp.a(alt_tick.o)
 .bss           0x000175fc        0x0 ../stage3_bsp/\libhal_bsp.a(altera_nios2_qsys_irq.o)
 .bss           0x000175fc        0x0 ../stage3_bsp/\libhal_bsp.a(alt_exception_entry.o)
 .bss           0x000175fc        0x0 ../stage3_bsp/\libhal_bsp.a(alt_find_dev.o)
 .bss           0x000175fc        0x0 ../stage3_bsp/\libhal_bsp.a(alt_find_file.o)
 .bss           0x000175fc        0x0 ../stage3_bsp/\libhal_bsp.a(alt_get_fd.o)
 .bss           0x000175fc        0x0 c:/altera/13.1/nios2eds/bin/gnu/h-i686-mingw32/bin/../lib/gcc/nios2-elf/4.7.3/../../../../../H-i686-mingw32/nios2-elf/lib/mno-hw-mul\libsmallc.a(lib_a-atexit.o)
 .bss           0x000175fc        0x0 c:/altera/13.1/nios2eds/bin/gnu/h-i686-mingw32/bin/../lib/gcc/nios2-elf/4.7.3/../../../../../H-i686-mingw32/nios2-elf/lib/mno-hw-mul\libsmallc.a(lib_a-exit.o)
 .bss           0x000175fc        0x0 c:/altera/13.1/nios2eds/bin/gnu/h-i686-mingw32/bin/../lib/gcc/nios2-elf/4.7.3/../../../../../H-i686-mingw32/nios2-elf/lib/mno-hw-mul\libsmallc.a(lib_a-memcmp.o)
 .bss           0x000175fc        0x0 c:/altera/13.1/nios2eds/bin/gnu/h-i686-mingw32/bin/../lib/gcc/nios2-elf/4.7.3/../../../../../H-i686-mingw32/nios2-elf/lib/mno-hw-mul\libsmallc.a(lib_a-__atexit.o)
 .bss           0x000175fc        0x0 c:/altera/13.1/nios2eds/bin/gnu/h-i686-mingw32/bin/../lib/gcc/nios2-elf/4.7.3/../../../../../H-i686-mingw32/nios2-elf/lib/mno-hw-mul\libsmallc.a(lib_a-__call_atexit.o)
 .bss           0x000175fc        0x0 ../stage3_bsp/\libhal_bsp.a(alt_exit.o)
 *(COMMON)
 COMMON         0x000175fc      0x100 ../stage3_bsp/\libhal_bsp.a(alt_irq_handler.o)
                0x000175fc                alt_irq
 COMMON         0x000176fc       0x8c c:/altera/13.1/nios2eds/bin/gnu/h-i686-mingw32/bin/../lib/gcc/nios2-elf/4.7.3/../../../../../H-i686-mingw32/nios2-elf/lib/mno-hw-mul\libsmallc.a(lib_a-atexit.o)
                0x000176fc                _atexit0
                0x00017788                . = ALIGN (0x4)
                0x00017788                __bss_end = ABSOLUTE (.)

.mem_3          0x00017788        0x0
                0x00017788                PROVIDE (_alt_partition_mem_3_start, ABSOLUTE (.))
 *(.mem_3 .mem_3. mem_3.*)
                0x00017788                . = ALIGN (0x4)
                0x00017788                PROVIDE (_alt_partition_mem_3_end, ABSOLUTE (.))
                0x00017788                _end = ABSOLUTE (.)
                0x00017788                end = ABSOLUTE (.)
                0x00017788                __alt_stack_base = ABSOLUTE (.)
                0x00017788                PROVIDE (_alt_partition_mem_3_load_addr, LOADADDR (.mem_3))

.stab
 *(.stab)

.stabstr
 *(.stabstr)

.stab.excl
 *(.stab.excl)

.stab.exclstr
 *(.stab.exclstr)

.stab.index
 *(.stab.index)

.stab.indexstr
 *(.stab.indexstr)

.comment        0x00000000       0x23
 *(.comment)
 .comment       0x00000000       0x23 obj/default/dct.o
                                 0x24 (size before relaxing)
 .comment       0x00000000       0x24 obj/default/main.o
 .comment       0x00000000       0x24 obj/default/nios2_common/fifo_io.o
 .comment       0x00000000       0x24 c:/altera/13.1/nios2eds/bin/gnu/h-i686-mingw32/bin/../lib/gcc/nios2-elf/4.7.3/../../../../../H-i686-mingw32/nios2-elf/lib/mno-hw-mul\libm.a(lib_a-s_cos.o)
 .comment       0x00000000       0x24 c:/altera/13.1/nios2eds/bin/gnu/h-i686-mingw32/bin/../lib/gcc/nios2-elf/4.7.3/../../../../../H-i686-mingw32/nios2-elf/lib/mno-hw-mul\libm.a(lib_a-sf_round.o)
 .comment       0x00000000       0x24 c:/altera/13.1/nios2eds/bin/gnu/h-i686-mingw32/bin/../lib/gcc/nios2-elf/4.7.3/../../../../../H-i686-mingw32/nios2-elf/lib/mno-hw-mul\libm.a(lib_a-e_rem_pio2.o)
 .comment       0x00000000       0x24 c:/altera/13.1/nios2eds/bin/gnu/h-i686-mingw32/bin/../lib/gcc/nios2-elf/4.7.3/../../../../../H-i686-mingw32/nios2-elf/lib/mno-hw-mul\libm.a(lib_a-k_cos.o)
 .comment       0x00000000       0x24 c:/altera/13.1/nios2eds/bin/gnu/h-i686-mingw32/bin/../lib/gcc/nios2-elf/4.7.3/../../../../../H-i686-mingw32/nios2-elf/lib/mno-hw-mul\libm.a(lib_a-k_rem_pio2.o)
 .comment       0x00000000       0x24 c:/altera/13.1/nios2eds/bin/gnu/h-i686-mingw32/bin/../lib/gcc/nios2-elf/4.7.3/../../../../../H-i686-mingw32/nios2-elf/lib/mno-hw-mul\libm.a(lib_a-k_sin.o)
 .comment       0x00000000       0x24 c:/altera/13.1/nios2eds/bin/gnu/h-i686-mingw32/bin/../lib/gcc/nios2-elf/4.7.3/../../../../../H-i686-mingw32/nios2-elf/lib/mno-hw-mul\libm.a(lib_a-s_fabs.o)
 .comment       0x00000000       0x24 c:/altera/13.1/nios2eds/bin/gnu/h-i686-mingw32/bin/../lib/gcc/nios2-elf/4.7.3/../../../../../H-i686-mingw32/nios2-elf/lib/mno-hw-mul\libm.a(lib_a-s_floor.o)
 .comment       0x00000000       0x24 c:/altera/13.1/nios2eds/bin/gnu/h-i686-mingw32/bin/../lib/gcc/nios2-elf/4.7.3/../../../../../H-i686-mingw32/nios2-elf/lib/mno-hw-mul\libm.a(lib_a-s_scalbn.o)
 .comment       0x00000000       0x24 c:/altera/13.1/nios2eds/bin/gnu/h-i686-mingw32/bin/../lib/gcc/nios2-elf/4.7.3/../../../../../H-i686-mingw32/nios2-elf/lib/mno-hw-mul\libm.a(lib_a-s_copysign.o)
 .comment       0x00000000       0x24 c:/altera/13.1/nios2eds/bin/gnu/h-i686-mingw32/bin/../lib/gcc/nios2-elf/4.7.3/mno-hw-mul\libgcc.a(_addsub_sf.o)
 .comment       0x00000000       0x24 c:/altera/13.1/nios2eds/bin/gnu/h-i686-mingw32/bin/../lib/gcc/nios2-elf/4.7.3/mno-hw-mul\libgcc.a(_mul_sf.o)
 .comment       0x00000000       0x24 c:/altera/13.1/nios2eds/bin/gnu/h-i686-mingw32/bin/../lib/gcc/nios2-elf/4.7.3/mno-hw-mul\libgcc.a(_si_to_sf.o)
 .comment       0x00000000       0x24 c:/altera/13.1/nios2eds/bin/gnu/h-i686-mingw32/bin/../lib/gcc/nios2-elf/4.7.3/mno-hw-mul\libgcc.a(_sf_to_si.o)
 .comment       0x00000000       0x24 c:/altera/13.1/nios2eds/bin/gnu/h-i686-mingw32/bin/../lib/gcc/nios2-elf/4.7.3/mno-hw-mul\libgcc.a(_thenan_sf.o)
 .comment       0x00000000       0x24 c:/altera/13.1/nios2eds/bin/gnu/h-i686-mingw32/bin/../lib/gcc/nios2-elf/4.7.3/mno-hw-mul\libgcc.a(_addsub_df.o)
 .comment       0x00000000       0x24 c:/altera/13.1/nios2eds/bin/gnu/h-i686-mingw32/bin/../lib/gcc/nios2-elf/4.7.3/mno-hw-mul\libgcc.a(_mul_df.o)
 .comment       0x00000000       0x24 c:/altera/13.1/nios2eds/bin/gnu/h-i686-mingw32/bin/../lib/gcc/nios2-elf/4.7.3/mno-hw-mul\libgcc.a(_div_df.o)
 .comment       0x00000000       0x24 c:/altera/13.1/nios2eds/bin/gnu/h-i686-mingw32/bin/../lib/gcc/nios2-elf/4.7.3/mno-hw-mul\libgcc.a(_eq_df.o)
 .comment       0x00000000       0x24 c:/altera/13.1/nios2eds/bin/gnu/h-i686-mingw32/bin/../lib/gcc/nios2-elf/4.7.3/mno-hw-mul\libgcc.a(_gt_df.o)
 .comment       0x00000000       0x24 c:/altera/13.1/nios2eds/bin/gnu/h-i686-mingw32/bin/../lib/gcc/nios2-elf/4.7.3/mno-hw-mul\libgcc.a(_ge_df.o)
 .comment       0x00000000       0x24 c:/altera/13.1/nios2eds/bin/gnu/h-i686-mingw32/bin/../lib/gcc/nios2-elf/4.7.3/mno-hw-mul\libgcc.a(_si_to_df.o)
 .comment       0x00000000       0x24 c:/altera/13.1/nios2eds/bin/gnu/h-i686-mingw32/bin/../lib/gcc/nios2-elf/4.7.3/mno-hw-mul\libgcc.a(_df_to_si.o)
 .comment       0x00000000       0x24 c:/altera/13.1/nios2eds/bin/gnu/h-i686-mingw32/bin/../lib/gcc/nios2-elf/4.7.3/mno-hw-mul\libgcc.a(_df_to_sf.o)
 .comment       0x00000000       0x24 c:/altera/13.1/nios2eds/bin/gnu/h-i686-mingw32/bin/../lib/gcc/nios2-elf/4.7.3/mno-hw-mul\libgcc.a(_thenan_df.o)
 .comment       0x00000000       0x24 c:/altera/13.1/nios2eds/bin/gnu/h-i686-mingw32/bin/../lib/gcc/nios2-elf/4.7.3/mno-hw-mul\libgcc.a(lib2-divmod.o)
 .comment       0x00000000       0x24 c:/altera/13.1/nios2eds/bin/gnu/h-i686-mingw32/bin/../lib/gcc/nios2-elf/4.7.3/mno-hw-mul\libgcc.a(lib2-mul.o)
 .comment       0x00000000       0x24 c:/altera/13.1/nios2eds/bin/gnu/h-i686-mingw32/bin/../lib/gcc/nios2-elf/4.7.3/mno-hw-mul\libgcc.a(_muldi3.o)
 .comment       0x00000000       0x24 c:/altera/13.1/nios2eds/bin/gnu/h-i686-mingw32/bin/../lib/gcc/nios2-elf/4.7.3/mno-hw-mul\libgcc.a(_clzsi2.o)
 .comment       0x00000000       0x24 c:/altera/13.1/nios2eds/bin/gnu/h-i686-mingw32/bin/../lib/gcc/nios2-elf/4.7.3/mno-hw-mul\libgcc.a(_pack_sf.o)
 .comment       0x00000000       0x24 c:/altera/13.1/nios2eds/bin/gnu/h-i686-mingw32/bin/../lib/gcc/nios2-elf/4.7.3/mno-hw-mul\libgcc.a(_unpack_sf.o)
 .comment       0x00000000       0x24 c:/altera/13.1/nios2eds/bin/gnu/h-i686-mingw32/bin/../lib/gcc/nios2-elf/4.7.3/mno-hw-mul\libgcc.a(_make_sf.o)
 .comment       0x00000000       0x24 c:/altera/13.1/nios2eds/bin/gnu/h-i686-mingw32/bin/../lib/gcc/nios2-elf/4.7.3/mno-hw-mul\libgcc.a(_pack_df.o)
 .comment       0x00000000       0x24 c:/altera/13.1/nios2eds/bin/gnu/h-i686-mingw32/bin/../lib/gcc/nios2-elf/4.7.3/mno-hw-mul\libgcc.a(_unpack_df.o)
 .comment       0x00000000       0x24 c:/altera/13.1/nios2eds/bin/gnu/h-i686-mingw32/bin/../lib/gcc/nios2-elf/4.7.3/mno-hw-mul\libgcc.a(_fpcmp_parts_df.o)
 .comment       0x00000000       0x24 c:/altera/13.1/nios2eds/bin/gnu/h-i686-mingw32/bin/../lib/gcc/nios2-elf/4.7.3/mno-hw-mul\libgcc.a(_lshrdi3.o)
 .comment       0x00000000       0x24 c:/altera/13.1/nios2eds/bin/gnu/h-i686-mingw32/bin/../lib/gcc/nios2-elf/4.7.3/mno-hw-mul\libgcc.a(_ashldi3.o)
 .comment       0x00000000       0x24 c:/altera/13.1/nios2eds/bin/gnu/h-i686-mingw32/bin/../lib/gcc/nios2-elf/4.7.3/mno-hw-mul\libgcc.a(_clz.o)
 .comment       0x00000000       0x24 c:/altera/13.1/nios2eds/bin/gnu/h-i686-mingw32/bin/../lib/gcc/nios2-elf/4.7.3/../../../../../H-i686-mingw32/nios2-elf/lib/mno-hw-mul\libsmallc.a(lib_a-printf.o)
 .comment       0x00000000       0x24 c:/altera/13.1/nios2eds/bin/gnu/h-i686-mingw32/bin/../lib/gcc/nios2-elf/4.7.3/../../../../../H-i686-mingw32/nios2-elf/lib/mno-hw-mul\libsmallc.a(lib_a-putchar.o)
 .comment       0x00000000       0x24 c:/altera/13.1/nios2eds/bin/gnu/h-i686-mingw32/bin/../lib/gcc/nios2-elf/4.7.3/../../../../../H-i686-mingw32/nios2-elf/lib/mno-hw-mul\libsmallc.a(lib_a-puts.o)
 .comment       0x00000000       0x24 c:/altera/13.1/nios2eds/bin/gnu/h-i686-mingw32/bin/../lib/gcc/nios2-elf/4.7.3/../../../../../H-i686-mingw32/nios2-elf/lib/mno-hw-mul\libsmallc.a(lib_a-strlen.o)
 .comment       0x00000000       0x24 c:/altera/13.1/nios2eds/bin/gnu/h-i686-mingw32/bin/../lib/gcc/nios2-elf/4.7.3/../../../../../H-i686-mingw32/nios2-elf/lib/mno-hw-mul\libsmallc.a(lib_a-vfprintf.o)
 .comment       0x00000000       0x24 c:/altera/13.1/nios2eds/bin/gnu/h-i686-mingw32/bin/../lib/gcc/nios2-elf/4.7.3/../../../../../H-i686-mingw32/nios2-elf/lib/mno-hw-mul\libsmallc.a(lib_a-fvwrite_small_dev.o)
 .comment       0x00000000       0x24 c:/altera/13.1/nios2eds/bin/gnu/h-i686-mingw32/bin/../lib/gcc/nios2-elf/4.7.3/../../../../../H-i686-mingw32/nios2-elf/lib/mno-hw-mul\libsmallc.a(lib_a-impure.o)
 .comment       0x00000000       0x24 c:/altera/13.1/nios2eds/bin/gnu/h-i686-mingw32/bin/../lib/gcc/nios2-elf/4.7.3/../../../../../H-i686-mingw32/nios2-elf/lib/mno-hw-mul\libsmallc.a(lib_a-putc.o)
 .comment       0x00000000       0x24 c:/altera/13.1/nios2eds/bin/gnu/h-i686-mingw32/bin/../lib/gcc/nios2-elf/4.7.3/../../../../../H-i686-mingw32/nios2-elf/lib/mno-hw-mul\libsmallc.a(lib_a-writer.o)
 .comment       0x00000000       0x24 c:/altera/13.1/nios2eds/bin/gnu/h-i686-mingw32/bin/../lib/gcc/nios2-elf/4.7.3/../../../../../H-i686-mingw32/nios2-elf/lib/mno-hw-mul\libsmallc.a(lib_a-int_errno.o)
 .comment       0x00000000       0x24 ../stage3_bsp/\libhal_bsp.a(alt_load.o)
 .comment       0x00000000       0x24 ../stage3_bsp/\libhal_bsp.a(alt_main.o)
 .comment       0x00000000       0x24 ../stage3_bsp/\libhal_bsp.a(alt_write.o)
 .comment       0x00000000       0x24 ../stage3_bsp/\libhal_bsp.a(alt_sys_init.o)
 .comment       0x00000000       0x24 ../stage3_bsp/\libhal_bsp.a(altera_avalon_jtag_uart_fd.o)
 .comment       0x00000000       0x24 ../stage3_bsp/\libhal_bsp.a(altera_avalon_jtag_uart_read.o)
 .comment       0x00000000       0x24 ../stage3_bsp/\libhal_bsp.a(altera_avalon_jtag_uart_write.o)
 .comment       0x00000000       0x24 ../stage3_bsp/\libhal_bsp.a(altera_avalon_timer_sc.o)
 .comment       0x00000000       0x24 ../stage3_bsp/\libhal_bsp.a(alt_close.o)
 .comment       0x00000000       0x24 ../stage3_bsp/\libhal_bsp.a(alt_dcache_flush_all.o)
 .comment       0x00000000       0x24 ../stage3_bsp/\libhal_bsp.a(alt_dev.o)
 .comment       0x00000000       0x24 ../stage3_bsp/\libhal_bsp.a(alt_dev_llist_insert.o)
 .comment       0x00000000       0x24 ../stage3_bsp/\libhal_bsp.a(alt_do_ctors.o)
 .comment       0x00000000       0x24 ../stage3_bsp/\libhal_bsp.a(alt_do_dtors.o)
 .comment       0x00000000       0x24 ../stage3_bsp/\libhal_bsp.a(alt_errno.o)
 .comment       0x00000000       0x24 ../stage3_bsp/\libhal_bsp.a(alt_icache_flush_all.o)
 .comment       0x00000000       0x24 ../stage3_bsp/\libhal_bsp.a(alt_iic.o)
 .comment       0x00000000       0x24 ../stage3_bsp/\libhal_bsp.a(alt_iic_isr_register.o)
 .comment       0x00000000       0x24 ../stage3_bsp/\libhal_bsp.a(alt_io_redirect.o)
 .comment       0x00000000       0x24 ../stage3_bsp/\libhal_bsp.a(alt_irq_handler.o)
 .comment       0x00000000       0x24 ../stage3_bsp/\libhal_bsp.a(alt_irq_vars.o)
 .comment       0x00000000       0x24 ../stage3_bsp/\libhal_bsp.a(alt_open.o)
 .comment       0x00000000       0x24 ../stage3_bsp/\libhal_bsp.a(alt_release_fd.o)
 .comment       0x00000000       0x24 ../stage3_bsp/\libhal_bsp.a(alt_tick.o)
 .comment       0x00000000       0x24 ../stage3_bsp/\libhal_bsp.a(altera_nios2_qsys_irq.o)
 .comment       0x00000000       0x24 ../stage3_bsp/\libhal_bsp.a(alt_find_dev.o)
 .comment       0x00000000       0x24 ../stage3_bsp/\libhal_bsp.a(alt_find_file.o)
 .comment       0x00000000       0x24 ../stage3_bsp/\libhal_bsp.a(alt_get_fd.o)
 .comment       0x00000000       0x24 c:/altera/13.1/nios2eds/bin/gnu/h-i686-mingw32/bin/../lib/gcc/nios2-elf/4.7.3/../../../../../H-i686-mingw32/nios2-elf/lib/mno-hw-mul\libsmallc.a(lib_a-atexit.o)
 .comment       0x00000000       0x24 c:/altera/13.1/nios2eds/bin/gnu/h-i686-mingw32/bin/../lib/gcc/nios2-elf/4.7.3/../../../../../H-i686-mingw32/nios2-elf/lib/mno-hw-mul\libsmallc.a(lib_a-exit.o)
 .comment       0x00000000       0x24 c:/altera/13.1/nios2eds/bin/gnu/h-i686-mingw32/bin/../lib/gcc/nios2-elf/4.7.3/../../../../../H-i686-mingw32/nios2-elf/lib/mno-hw-mul\libsmallc.a(lib_a-memcmp.o)
 .comment       0x00000000       0x24 c:/altera/13.1/nios2eds/bin/gnu/h-i686-mingw32/bin/../lib/gcc/nios2-elf/4.7.3/../../../../../H-i686-mingw32/nios2-elf/lib/mno-hw-mul\libsmallc.a(lib_a-__atexit.o)
 .comment       0x00000000       0x24 c:/altera/13.1/nios2eds/bin/gnu/h-i686-mingw32/bin/../lib/gcc/nios2-elf/4.7.3/../../../../../H-i686-mingw32/nios2-elf/lib/mno-hw-mul\libsmallc.a(lib_a-__call_atexit.o)
 .comment       0x00000000       0x24 ../stage3_bsp/\libhal_bsp.a(alt_exit.o)

.debug
 *(.debug)

.line
 *(.line)

.debug_srcinfo
 *(.debug_srcinfo)

.debug_sfnames
 *(.debug_sfnames)

.debug_aranges  0x00000000      0xaf8
 *(.debug_aranges)
 .debug_aranges
                0x00000000       0x28 ../stage3_bsp//obj/HAL/src/crt0.o
 .debug_aranges
                0x00000028       0x20 obj/default/dct.o
 .debug_aranges
                0x00000048       0x20 obj/default/main.o
 .debug_aranges
                0x00000068       0x20 obj/default/nios2_common/fifo_io.o
 .debug_aranges
                0x00000088       0x20 c:/altera/13.1/nios2eds/bin/gnu/h-i686-mingw32/bin/../lib/gcc/nios2-elf/4.7.3/../../../../../H-i686-mingw32/nios2-elf/lib/mno-hw-mul\libm.a(lib_a-s_cos.o)
 .debug_aranges
                0x000000a8       0x20 c:/altera/13.1/nios2eds/bin/gnu/h-i686-mingw32/bin/../lib/gcc/nios2-elf/4.7.3/../../../../../H-i686-mingw32/nios2-elf/lib/mno-hw-mul\libm.a(lib_a-sf_round.o)
 .debug_aranges
                0x000000c8       0x20 c:/altera/13.1/nios2eds/bin/gnu/h-i686-mingw32/bin/../lib/gcc/nios2-elf/4.7.3/../../../../../H-i686-mingw32/nios2-elf/lib/mno-hw-mul\libm.a(lib_a-e_rem_pio2.o)
 .debug_aranges
                0x000000e8       0x20 c:/altera/13.1/nios2eds/bin/gnu/h-i686-mingw32/bin/../lib/gcc/nios2-elf/4.7.3/../../../../../H-i686-mingw32/nios2-elf/lib/mno-hw-mul\libm.a(lib_a-k_cos.o)
 .debug_aranges
                0x00000108       0x20 c:/altera/13.1/nios2eds/bin/gnu/h-i686-mingw32/bin/../lib/gcc/nios2-elf/4.7.3/../../../../../H-i686-mingw32/nios2-elf/lib/mno-hw-mul\libm.a(lib_a-k_rem_pio2.o)
 .debug_aranges
                0x00000128       0x20 c:/altera/13.1/nios2eds/bin/gnu/h-i686-mingw32/bin/../lib/gcc/nios2-elf/4.7.3/../../../../../H-i686-mingw32/nios2-elf/lib/mno-hw-mul\libm.a(lib_a-k_sin.o)
 .debug_aranges
                0x00000148       0x20 c:/altera/13.1/nios2eds/bin/gnu/h-i686-mingw32/bin/../lib/gcc/nios2-elf/4.7.3/../../../../../H-i686-mingw32/nios2-elf/lib/mno-hw-mul\libm.a(lib_a-s_fabs.o)
 .debug_aranges
                0x00000168       0x20 c:/altera/13.1/nios2eds/bin/gnu/h-i686-mingw32/bin/../lib/gcc/nios2-elf/4.7.3/../../../../../H-i686-mingw32/nios2-elf/lib/mno-hw-mul\libm.a(lib_a-s_floor.o)
 .debug_aranges
                0x00000188       0x20 c:/altera/13.1/nios2eds/bin/gnu/h-i686-mingw32/bin/../lib/gcc/nios2-elf/4.7.3/../../../../../H-i686-mingw32/nios2-elf/lib/mno-hw-mul\libm.a(lib_a-s_scalbn.o)
 .debug_aranges
                0x000001a8       0x20 c:/altera/13.1/nios2eds/bin/gnu/h-i686-mingw32/bin/../lib/gcc/nios2-elf/4.7.3/../../../../../H-i686-mingw32/nios2-elf/lib/mno-hw-mul\libm.a(lib_a-s_copysign.o)
 .debug_aranges
                0x000001c8       0x20 c:/altera/13.1/nios2eds/bin/gnu/h-i686-mingw32/bin/../lib/gcc/nios2-elf/4.7.3/mno-hw-mul\libgcc.a(_addsub_sf.o)
 .debug_aranges
                0x000001e8       0x20 c:/altera/13.1/nios2eds/bin/gnu/h-i686-mingw32/bin/../lib/gcc/nios2-elf/4.7.3/mno-hw-mul\libgcc.a(_mul_sf.o)
 .debug_aranges
                0x00000208       0x20 c:/altera/13.1/nios2eds/bin/gnu/h-i686-mingw32/bin/../lib/gcc/nios2-elf/4.7.3/mno-hw-mul\libgcc.a(_si_to_sf.o)
 .debug_aranges
                0x00000228       0x20 c:/altera/13.1/nios2eds/bin/gnu/h-i686-mingw32/bin/../lib/gcc/nios2-elf/4.7.3/mno-hw-mul\libgcc.a(_sf_to_si.o)
 .debug_aranges
                0x00000248       0x18 c:/altera/13.1/nios2eds/bin/gnu/h-i686-mingw32/bin/../lib/gcc/nios2-elf/4.7.3/mno-hw-mul\libgcc.a(_thenan_sf.o)
 .debug_aranges
                0x00000260       0x20 c:/altera/13.1/nios2eds/bin/gnu/h-i686-mingw32/bin/../lib/gcc/nios2-elf/4.7.3/mno-hw-mul\libgcc.a(_addsub_df.o)
 .debug_aranges
                0x00000280       0x20 c:/altera/13.1/nios2eds/bin/gnu/h-i686-mingw32/bin/../lib/gcc/nios2-elf/4.7.3/mno-hw-mul\libgcc.a(_mul_df.o)
 .debug_aranges
                0x000002a0       0x20 c:/altera/13.1/nios2eds/bin/gnu/h-i686-mingw32/bin/../lib/gcc/nios2-elf/4.7.3/mno-hw-mul\libgcc.a(_div_df.o)
 .debug_aranges
                0x000002c0       0x20 c:/altera/13.1/nios2eds/bin/gnu/h-i686-mingw32/bin/../lib/gcc/nios2-elf/4.7.3/mno-hw-mul\libgcc.a(_eq_df.o)
 .debug_aranges
                0x000002e0       0x20 c:/altera/13.1/nios2eds/bin/gnu/h-i686-mingw32/bin/../lib/gcc/nios2-elf/4.7.3/mno-hw-mul\libgcc.a(_gt_df.o)
 .debug_aranges
                0x00000300       0x20 c:/altera/13.1/nios2eds/bin/gnu/h-i686-mingw32/bin/../lib/gcc/nios2-elf/4.7.3/mno-hw-mul\libgcc.a(_ge_df.o)
 .debug_aranges
                0x00000320       0x20 c:/altera/13.1/nios2eds/bin/gnu/h-i686-mingw32/bin/../lib/gcc/nios2-elf/4.7.3/mno-hw-mul\libgcc.a(_si_to_df.o)
 .debug_aranges
                0x00000340       0x20 c:/altera/13.1/nios2eds/bin/gnu/h-i686-mingw32/bin/../lib/gcc/nios2-elf/4.7.3/mno-hw-mul\libgcc.a(_df_to_si.o)
 .debug_aranges
                0x00000360       0x20 c:/altera/13.1/nios2eds/bin/gnu/h-i686-mingw32/bin/../lib/gcc/nios2-elf/4.7.3/mno-hw-mul\libgcc.a(_df_to_sf.o)
 .debug_aranges
                0x00000380       0x18 c:/altera/13.1/nios2eds/bin/gnu/h-i686-mingw32/bin/../lib/gcc/nios2-elf/4.7.3/mno-hw-mul\libgcc.a(_thenan_df.o)
 .debug_aranges
                0x00000398       0x20 c:/altera/13.1/nios2eds/bin/gnu/h-i686-mingw32/bin/../lib/gcc/nios2-elf/4.7.3/mno-hw-mul\libgcc.a(lib2-divmod.o)
 .debug_aranges
                0x000003b8       0x20 c:/altera/13.1/nios2eds/bin/gnu/h-i686-mingw32/bin/../lib/gcc/nios2-elf/4.7.3/mno-hw-mul\libgcc.a(lib2-mul.o)
 .debug_aranges
                0x000003d8       0x20 c:/altera/13.1/nios2eds/bin/gnu/h-i686-mingw32/bin/../lib/gcc/nios2-elf/4.7.3/mno-hw-mul\libgcc.a(_muldi3.o)
 .debug_aranges
                0x000003f8       0x20 c:/altera/13.1/nios2eds/bin/gnu/h-i686-mingw32/bin/../lib/gcc/nios2-elf/4.7.3/mno-hw-mul\libgcc.a(_clzsi2.o)
 .debug_aranges
                0x00000418       0x20 c:/altera/13.1/nios2eds/bin/gnu/h-i686-mingw32/bin/../lib/gcc/nios2-elf/4.7.3/mno-hw-mul\libgcc.a(_pack_sf.o)
 .debug_aranges
                0x00000438       0x20 c:/altera/13.1/nios2eds/bin/gnu/h-i686-mingw32/bin/../lib/gcc/nios2-elf/4.7.3/mno-hw-mul\libgcc.a(_unpack_sf.o)
 .debug_aranges
                0x00000458       0x20 c:/altera/13.1/nios2eds/bin/gnu/h-i686-mingw32/bin/../lib/gcc/nios2-elf/4.7.3/mno-hw-mul\libgcc.a(_make_sf.o)
 .debug_aranges
                0x00000478       0x20 c:/altera/13.1/nios2eds/bin/gnu/h-i686-mingw32/bin/../lib/gcc/nios2-elf/4.7.3/mno-hw-mul\libgcc.a(_pack_df.o)
 .debug_aranges
                0x00000498       0x20 c:/altera/13.1/nios2eds/bin/gnu/h-i686-mingw32/bin/../lib/gcc/nios2-elf/4.7.3/mno-hw-mul\libgcc.a(_unpack_df.o)
 .debug_aranges
                0x000004b8       0x20 c:/altera/13.1/nios2eds/bin/gnu/h-i686-mingw32/bin/../lib/gcc/nios2-elf/4.7.3/mno-hw-mul\libgcc.a(_fpcmp_parts_df.o)
 .debug_aranges
                0x000004d8       0x20 c:/altera/13.1/nios2eds/bin/gnu/h-i686-mingw32/bin/../lib/gcc/nios2-elf/4.7.3/mno-hw-mul\libgcc.a(_lshrdi3.o)
 .debug_aranges
                0x000004f8       0x20 c:/altera/13.1/nios2eds/bin/gnu/h-i686-mingw32/bin/../lib/gcc/nios2-elf/4.7.3/mno-hw-mul\libgcc.a(_ashldi3.o)
 .debug_aranges
                0x00000518       0x18 c:/altera/13.1/nios2eds/bin/gnu/h-i686-mingw32/bin/../lib/gcc/nios2-elf/4.7.3/mno-hw-mul\libgcc.a(_clz.o)
 .debug_aranges
                0x00000530       0x20 c:/altera/13.1/nios2eds/bin/gnu/h-i686-mingw32/bin/../lib/gcc/nios2-elf/4.7.3/../../../../../H-i686-mingw32/nios2-elf/lib/mno-hw-mul\libsmallc.a(lib_a-printf.o)
 .debug_aranges
                0x00000550       0x20 c:/altera/13.1/nios2eds/bin/gnu/h-i686-mingw32/bin/../lib/gcc/nios2-elf/4.7.3/../../../../../H-i686-mingw32/nios2-elf/lib/mno-hw-mul\libsmallc.a(lib_a-putchar.o)
 .debug_aranges
                0x00000570       0x20 c:/altera/13.1/nios2eds/bin/gnu/h-i686-mingw32/bin/../lib/gcc/nios2-elf/4.7.3/../../../../../H-i686-mingw32/nios2-elf/lib/mno-hw-mul\libsmallc.a(lib_a-puts.o)
 .debug_aranges
                0x00000590       0x20 c:/altera/13.1/nios2eds/bin/gnu/h-i686-mingw32/bin/../lib/gcc/nios2-elf/4.7.3/../../../../../H-i686-mingw32/nios2-elf/lib/mno-hw-mul\libsmallc.a(lib_a-strlen.o)
 .debug_aranges
                0x000005b0       0x20 c:/altera/13.1/nios2eds/bin/gnu/h-i686-mingw32/bin/../lib/gcc/nios2-elf/4.7.3/../../../../../H-i686-mingw32/nios2-elf/lib/mno-hw-mul\libsmallc.a(lib_a-vfprintf.o)
 .debug_aranges
                0x000005d0       0x20 c:/altera/13.1/nios2eds/bin/gnu/h-i686-mingw32/bin/../lib/gcc/nios2-elf/4.7.3/../../../../../H-i686-mingw32/nios2-elf/lib/mno-hw-mul\libsmallc.a(lib_a-fvwrite_small_dev.o)
 .debug_aranges
                0x000005f0       0x18 c:/altera/13.1/nios2eds/bin/gnu/h-i686-mingw32/bin/../lib/gcc/nios2-elf/4.7.3/../../../../../H-i686-mingw32/nios2-elf/lib/mno-hw-mul\libsmallc.a(lib_a-impure.o)
 .debug_aranges
                0x00000608       0x20 c:/altera/13.1/nios2eds/bin/gnu/h-i686-mingw32/bin/../lib/gcc/nios2-elf/4.7.3/../../../../../H-i686-mingw32/nios2-elf/lib/mno-hw-mul\libsmallc.a(lib_a-putc.o)
 .debug_aranges
                0x00000628       0x20 c:/altera/13.1/nios2eds/bin/gnu/h-i686-mingw32/bin/../lib/gcc/nios2-elf/4.7.3/../../../../../H-i686-mingw32/nios2-elf/lib/mno-hw-mul\libsmallc.a(lib_a-writer.o)
 .debug_aranges
                0x00000648       0x18 c:/altera/13.1/nios2eds/bin/gnu/h-i686-mingw32/bin/../lib/gcc/nios2-elf/4.7.3/../../../../../H-i686-mingw32/nios2-elf/lib/mno-hw-mul\libsmallc.a(lib_a-int_errno.o)
 .debug_aranges
                0x00000660       0x20 ../stage3_bsp/\libhal_bsp.a(alt_load.o)
 .debug_aranges
                0x00000680       0x20 ../stage3_bsp/\libhal_bsp.a(alt_main.o)
 .debug_aranges
                0x000006a0       0x20 ../stage3_bsp/\libhal_bsp.a(alt_write.o)
 .debug_aranges
                0x000006c0       0x20 ../stage3_bsp/\libhal_bsp.a(alt_sys_init.o)
 .debug_aranges
                0x000006e0       0x20 ../stage3_bsp/\libhal_bsp.a(altera_avalon_jtag_uart_fd.o)
 .debug_aranges
                0x00000700       0x20 ../stage3_bsp/\libhal_bsp.a(altera_avalon_jtag_uart_read.o)
 .debug_aranges
                0x00000720       0x20 ../stage3_bsp/\libhal_bsp.a(altera_avalon_jtag_uart_write.o)
 .debug_aranges
                0x00000740       0x20 ../stage3_bsp/\libhal_bsp.a(altera_avalon_timer_sc.o)
 .debug_aranges
                0x00000760       0x20 ../stage3_bsp/\libhal_bsp.a(alt_close.o)
 .debug_aranges
                0x00000780       0x20 ../stage3_bsp/\libhal_bsp.a(alt_dcache_flush_all.o)
 .debug_aranges
                0x000007a0       0x20 ../stage3_bsp/\libhal_bsp.a(alt_dev.o)
 .debug_aranges
                0x000007c0       0x20 ../stage3_bsp/\libhal_bsp.a(alt_dev_llist_insert.o)
 .debug_aranges
                0x000007e0       0x20 ../stage3_bsp/\libhal_bsp.a(alt_do_ctors.o)
 .debug_aranges
                0x00000800       0x20 ../stage3_bsp/\libhal_bsp.a(alt_do_dtors.o)
 .debug_aranges
                0x00000820       0x18 ../stage3_bsp/\libhal_bsp.a(alt_errno.o)
 .debug_aranges
                0x00000838       0x20 ../stage3_bsp/\libhal_bsp.a(alt_icache_flush_all.o)
 .debug_aranges
                0x00000858       0x20 ../stage3_bsp/\libhal_bsp.a(alt_iic.o)
 .debug_aranges
                0x00000878       0x20 ../stage3_bsp/\libhal_bsp.a(alt_iic_isr_register.o)
 .debug_aranges
                0x00000898       0x20 ../stage3_bsp/\libhal_bsp.a(alt_io_redirect.o)
 .debug_aranges
                0x000008b8       0x30 ../stage3_bsp/\libhal_bsp.a(alt_irq_entry.o)
 .debug_aranges
                0x000008e8       0x20 ../stage3_bsp/\libhal_bsp.a(alt_irq_handler.o)
 .debug_aranges
                0x00000908       0x18 ../stage3_bsp/\libhal_bsp.a(alt_irq_vars.o)
 .debug_aranges
                0x00000920       0x20 ../stage3_bsp/\libhal_bsp.a(alt_open.o)
 .debug_aranges
                0x00000940       0x20 ../stage3_bsp/\libhal_bsp.a(alt_release_fd.o)
 .debug_aranges
                0x00000960       0x20 ../stage3_bsp/\libhal_bsp.a(alt_tick.o)
 .debug_aranges
                0x00000980       0x20 ../stage3_bsp/\libhal_bsp.a(altera_nios2_qsys_irq.o)
 .debug_aranges
                0x000009a0       0x38 ../stage3_bsp/\libhal_bsp.a(alt_exception_entry.o)
 .debug_aranges
                0x000009d8       0x20 ../stage3_bsp/\libhal_bsp.a(alt_find_dev.o)
 .debug_aranges
                0x000009f8       0x20 ../stage3_bsp/\libhal_bsp.a(alt_find_file.o)
 .debug_aranges
                0x00000a18       0x20 ../stage3_bsp/\libhal_bsp.a(alt_get_fd.o)
 .debug_aranges
                0x00000a38       0x20 c:/altera/13.1/nios2eds/bin/gnu/h-i686-mingw32/bin/../lib/gcc/nios2-elf/4.7.3/../../../../../H-i686-mingw32/nios2-elf/lib/mno-hw-mul\libsmallc.a(lib_a-atexit.o)
 .debug_aranges
                0x00000a58       0x20 c:/altera/13.1/nios2eds/bin/gnu/h-i686-mingw32/bin/../lib/gcc/nios2-elf/4.7.3/../../../../../H-i686-mingw32/nios2-elf/lib/mno-hw-mul\libsmallc.a(lib_a-exit.o)
 .debug_aranges
                0x00000a78       0x20 c:/altera/13.1/nios2eds/bin/gnu/h-i686-mingw32/bin/../lib/gcc/nios2-elf/4.7.3/../../../../../H-i686-mingw32/nios2-elf/lib/mno-hw-mul\libsmallc.a(lib_a-memcmp.o)
 .debug_aranges
                0x00000a98       0x20 c:/altera/13.1/nios2eds/bin/gnu/h-i686-mingw32/bin/../lib/gcc/nios2-elf/4.7.3/../../../../../H-i686-mingw32/nios2-elf/lib/mno-hw-mul\libsmallc.a(lib_a-__atexit.o)
 .debug_aranges
                0x00000ab8       0x20 c:/altera/13.1/nios2eds/bin/gnu/h-i686-mingw32/bin/../lib/gcc/nios2-elf/4.7.3/../../../../../H-i686-mingw32/nios2-elf/lib/mno-hw-mul\libsmallc.a(lib_a-__call_atexit.o)
 .debug_aranges
                0x00000ad8       0x20 ../stage3_bsp/\libhal_bsp.a(alt_exit.o)

.debug_pubnames
 *(.debug_pubnames)

.debug_info     0x00000000     0xf71f
 *(.debug_info .gnu.linkonce.wi.*)
 .debug_info    0x00000000       0x64 ../stage3_bsp//obj/HAL/src/crt0.o
 .debug_info    0x00000064      0x1b0 obj/default/dct.o
 .debug_info    0x00000214      0x14c obj/default/main.o
 .debug_info    0x00000360      0x172 obj/default/nios2_common/fifo_io.o
 .debug_info    0x000004d2      0x1b5 c:/altera/13.1/nios2eds/bin/gnu/h-i686-mingw32/bin/../lib/gcc/nios2-elf/4.7.3/../../../../../H-i686-mingw32/nios2-elf/lib/mno-hw-mul\libm.a(lib_a-s_cos.o)
 .debug_info    0x00000687      0x152 c:/altera/13.1/nios2eds/bin/gnu/h-i686-mingw32/bin/../lib/gcc/nios2-elf/4.7.3/../../../../../H-i686-mingw32/nios2-elf/lib/mno-hw-mul\libm.a(lib_a-sf_round.o)
 .debug_info    0x000007d9      0x3e3 c:/altera/13.1/nios2eds/bin/gnu/h-i686-mingw32/bin/../lib/gcc/nios2-elf/4.7.3/../../../../../H-i686-mingw32/nios2-elf/lib/mno-hw-mul\libm.a(lib_a-e_rem_pio2.o)
 .debug_info    0x00000bbc      0x21d c:/altera/13.1/nios2eds/bin/gnu/h-i686-mingw32/bin/../lib/gcc/nios2-elf/4.7.3/../../../../../H-i686-mingw32/nios2-elf/lib/mno-hw-mul\libm.a(lib_a-k_cos.o)
 .debug_info    0x00000dd9      0x37a c:/altera/13.1/nios2eds/bin/gnu/h-i686-mingw32/bin/../lib/gcc/nios2-elf/4.7.3/../../../../../H-i686-mingw32/nios2-elf/lib/mno-hw-mul\libm.a(lib_a-k_rem_pio2.o)
 .debug_info    0x00001153      0x1a0 c:/altera/13.1/nios2eds/bin/gnu/h-i686-mingw32/bin/../lib/gcc/nios2-elf/4.7.3/../../../../../H-i686-mingw32/nios2-elf/lib/mno-hw-mul\libm.a(lib_a-k_sin.o)
 .debug_info    0x000012f3       0xce c:/altera/13.1/nios2eds/bin/gnu/h-i686-mingw32/bin/../lib/gcc/nios2-elf/4.7.3/../../../../../H-i686-mingw32/nios2-elf/lib/mno-hw-mul\libm.a(lib_a-s_fabs.o)
 .debug_info    0x000013c1      0x1ae c:/altera/13.1/nios2eds/bin/gnu/h-i686-mingw32/bin/../lib/gcc/nios2-elf/4.7.3/../../../../../H-i686-mingw32/nios2-elf/lib/mno-hw-mul\libm.a(lib_a-s_floor.o)
 .debug_info    0x0000156f      0x241 c:/altera/13.1/nios2eds/bin/gnu/h-i686-mingw32/bin/../lib/gcc/nios2-elf/4.7.3/../../../../../H-i686-mingw32/nios2-elf/lib/mno-hw-mul\libm.a(lib_a-s_scalbn.o)
 .debug_info    0x000017b0      0x156 c:/altera/13.1/nios2eds/bin/gnu/h-i686-mingw32/bin/../lib/gcc/nios2-elf/4.7.3/../../../../../H-i686-mingw32/nios2-elf/lib/mno-hw-mul\libm.a(lib_a-s_copysign.o)
 .debug_info    0x00001906      0x57a c:/altera/13.1/nios2eds/bin/gnu/h-i686-mingw32/bin/../lib/gcc/nios2-elf/4.7.3/mno-hw-mul\libgcc.a(_addsub_sf.o)
 .debug_info    0x00001e80      0x45d c:/altera/13.1/nios2eds/bin/gnu/h-i686-mingw32/bin/../lib/gcc/nios2-elf/4.7.3/mno-hw-mul\libgcc.a(_mul_sf.o)
 .debug_info    0x000022dd      0x261 c:/altera/13.1/nios2eds/bin/gnu/h-i686-mingw32/bin/../lib/gcc/nios2-elf/4.7.3/mno-hw-mul\libgcc.a(_si_to_sf.o)
 .debug_info    0x0000253e      0x2ff c:/altera/13.1/nios2eds/bin/gnu/h-i686-mingw32/bin/../lib/gcc/nios2-elf/4.7.3/mno-hw-mul\libgcc.a(_sf_to_si.o)
 .debug_info    0x0000283d      0x155 c:/altera/13.1/nios2eds/bin/gnu/h-i686-mingw32/bin/../lib/gcc/nios2-elf/4.7.3/mno-hw-mul\libgcc.a(_thenan_sf.o)
 .debug_info    0x00002992      0x588 c:/altera/13.1/nios2eds/bin/gnu/h-i686-mingw32/bin/../lib/gcc/nios2-elf/4.7.3/mno-hw-mul\libgcc.a(_addsub_df.o)
 .debug_info    0x00002f1a      0x519 c:/altera/13.1/nios2eds/bin/gnu/h-i686-mingw32/bin/../lib/gcc/nios2-elf/4.7.3/mno-hw-mul\libgcc.a(_mul_df.o)
 .debug_info    0x00003433      0x443 c:/altera/13.1/nios2eds/bin/gnu/h-i686-mingw32/bin/../lib/gcc/nios2-elf/4.7.3/mno-hw-mul\libgcc.a(_div_df.o)
 .debug_info    0x00003876      0x320 c:/altera/13.1/nios2eds/bin/gnu/h-i686-mingw32/bin/../lib/gcc/nios2-elf/4.7.3/mno-hw-mul\libgcc.a(_eq_df.o)
 .debug_info    0x00003b96      0x320 c:/altera/13.1/nios2eds/bin/gnu/h-i686-mingw32/bin/../lib/gcc/nios2-elf/4.7.3/mno-hw-mul\libgcc.a(_gt_df.o)
 .debug_info    0x00003eb6      0x320 c:/altera/13.1/nios2eds/bin/gnu/h-i686-mingw32/bin/../lib/gcc/nios2-elf/4.7.3/mno-hw-mul\libgcc.a(_ge_df.o)
 .debug_info    0x000041d6      0x261 c:/altera/13.1/nios2eds/bin/gnu/h-i686-mingw32/bin/../lib/gcc/nios2-elf/4.7.3/mno-hw-mul\libgcc.a(_si_to_df.o)
 .debug_info    0x00004437      0x30b c:/altera/13.1/nios2eds/bin/gnu/h-i686-mingw32/bin/../lib/gcc/nios2-elf/4.7.3/mno-hw-mul\libgcc.a(_df_to_si.o)
 .debug_info    0x00004742      0x2c8 c:/altera/13.1/nios2eds/bin/gnu/h-i686-mingw32/bin/../lib/gcc/nios2-elf/4.7.3/mno-hw-mul\libgcc.a(_df_to_sf.o)
 .debug_info    0x00004a0a      0x155 c:/altera/13.1/nios2eds/bin/gnu/h-i686-mingw32/bin/../lib/gcc/nios2-elf/4.7.3/mno-hw-mul\libgcc.a(_thenan_df.o)
 .debug_info    0x00004b5f      0x289 c:/altera/13.1/nios2eds/bin/gnu/h-i686-mingw32/bin/../lib/gcc/nios2-elf/4.7.3/mno-hw-mul\libgcc.a(lib2-divmod.o)
 .debug_info    0x00004de8       0xb8 c:/altera/13.1/nios2eds/bin/gnu/h-i686-mingw32/bin/../lib/gcc/nios2-elf/4.7.3/mno-hw-mul\libgcc.a(lib2-mul.o)
 .debug_info    0x00004ea0      0x1eb c:/altera/13.1/nios2eds/bin/gnu/h-i686-mingw32/bin/../lib/gcc/nios2-elf/4.7.3/mno-hw-mul\libgcc.a(_muldi3.o)
 .debug_info    0x0000508b      0x123 c:/altera/13.1/nios2eds/bin/gnu/h-i686-mingw32/bin/../lib/gcc/nios2-elf/4.7.3/mno-hw-mul\libgcc.a(_clzsi2.o)
 .debug_info    0x000051ae      0x2f2 c:/altera/13.1/nios2eds/bin/gnu/h-i686-mingw32/bin/../lib/gcc/nios2-elf/4.7.3/mno-hw-mul\libgcc.a(_pack_sf.o)
 .debug_info    0x000054a0      0x26a c:/altera/13.1/nios2eds/bin/gnu/h-i686-mingw32/bin/../lib/gcc/nios2-elf/4.7.3/mno-hw-mul\libgcc.a(_unpack_sf.o)
 .debug_info    0x0000570a      0x20a c:/altera/13.1/nios2eds/bin/gnu/h-i686-mingw32/bin/../lib/gcc/nios2-elf/4.7.3/mno-hw-mul\libgcc.a(_make_sf.o)
 .debug_info    0x00005914      0x2f7 c:/altera/13.1/nios2eds/bin/gnu/h-i686-mingw32/bin/../lib/gcc/nios2-elf/4.7.3/mno-hw-mul\libgcc.a(_pack_df.o)
 .debug_info    0x00005c0b      0x265 c:/altera/13.1/nios2eds/bin/gnu/h-i686-mingw32/bin/../lib/gcc/nios2-elf/4.7.3/mno-hw-mul\libgcc.a(_unpack_df.o)
 .debug_info    0x00005e70      0x226 c:/altera/13.1/nios2eds/bin/gnu/h-i686-mingw32/bin/../lib/gcc/nios2-elf/4.7.3/mno-hw-mul\libgcc.a(_fpcmp_parts_df.o)
 .debug_info    0x00006096      0x185 c:/altera/13.1/nios2eds/bin/gnu/h-i686-mingw32/bin/../lib/gcc/nios2-elf/4.7.3/mno-hw-mul\libgcc.a(_lshrdi3.o)
 .debug_info    0x0000621b      0x185 c:/altera/13.1/nios2eds/bin/gnu/h-i686-mingw32/bin/../lib/gcc/nios2-elf/4.7.3/mno-hw-mul\libgcc.a(_ashldi3.o)
 .debug_info    0x000063a0       0xac c:/altera/13.1/nios2eds/bin/gnu/h-i686-mingw32/bin/../lib/gcc/nios2-elf/4.7.3/mno-hw-mul\libgcc.a(_clz.o)
 .debug_info    0x0000644c      0x765 c:/altera/13.1/nios2eds/bin/gnu/h-i686-mingw32/bin/../lib/gcc/nios2-elf/4.7.3/../../../../../H-i686-mingw32/nios2-elf/lib/mno-hw-mul\libsmallc.a(lib_a-printf.o)
 .debug_info    0x00006bb1      0x6d0 c:/altera/13.1/nios2eds/bin/gnu/h-i686-mingw32/bin/../lib/gcc/nios2-elf/4.7.3/../../../../../H-i686-mingw32/nios2-elf/lib/mno-hw-mul\libsmallc.a(lib_a-putchar.o)
 .debug_info    0x00007281      0x6f4 c:/altera/13.1/nios2eds/bin/gnu/h-i686-mingw32/bin/../lib/gcc/nios2-elf/4.7.3/../../../../../H-i686-mingw32/nios2-elf/lib/mno-hw-mul\libsmallc.a(lib_a-puts.o)
 .debug_info    0x00007975       0xc6 c:/altera/13.1/nios2eds/bin/gnu/h-i686-mingw32/bin/../lib/gcc/nios2-elf/4.7.3/../../../../../H-i686-mingw32/nios2-elf/lib/mno-hw-mul\libsmallc.a(lib_a-strlen.o)
 .debug_info    0x00007a3b      0xc69 c:/altera/13.1/nios2eds/bin/gnu/h-i686-mingw32/bin/../lib/gcc/nios2-elf/4.7.3/../../../../../H-i686-mingw32/nios2-elf/lib/mno-hw-mul\libsmallc.a(lib_a-vfprintf.o)
 .debug_info    0x000086a4      0x6d9 c:/altera/13.1/nios2eds/bin/gnu/h-i686-mingw32/bin/../lib/gcc/nios2-elf/4.7.3/../../../../../H-i686-mingw32/nios2-elf/lib/mno-hw-mul\libsmallc.a(lib_a-fvwrite_small_dev.o)
 .debug_info    0x00008d7d      0x631 c:/altera/13.1/nios2eds/bin/gnu/h-i686-mingw32/bin/../lib/gcc/nios2-elf/4.7.3/../../../../../H-i686-mingw32/nios2-elf/lib/mno-hw-mul\libsmallc.a(lib_a-impure.o)
 .debug_info    0x000093ae      0x6ec c:/altera/13.1/nios2eds/bin/gnu/h-i686-mingw32/bin/../lib/gcc/nios2-elf/4.7.3/../../../../../H-i686-mingw32/nios2-elf/lib/mno-hw-mul\libsmallc.a(lib_a-putc.o)
 .debug_info    0x00009a9a      0x6cb c:/altera/13.1/nios2eds/bin/gnu/h-i686-mingw32/bin/../lib/gcc/nios2-elf/4.7.3/../../../../../H-i686-mingw32/nios2-elf/lib/mno-hw-mul\libsmallc.a(lib_a-writer.o)
 .debug_info    0x0000a165       0x84 c:/altera/13.1/nios2eds/bin/gnu/h-i686-mingw32/bin/../lib/gcc/nios2-elf/4.7.3/../../../../../H-i686-mingw32/nios2-elf/lib/mno-hw-mul\libsmallc.a(lib_a-int_errno.o)
 .debug_info    0x0000a1e9      0x135 ../stage3_bsp/\libhal_bsp.a(alt_load.o)
 .debug_info    0x0000a31e      0x139 ../stage3_bsp/\libhal_bsp.a(alt_main.o)
 .debug_info    0x0000a457      0x507 ../stage3_bsp/\libhal_bsp.a(alt_write.o)
 .debug_info    0x0000a95e      0x420 ../stage3_bsp/\libhal_bsp.a(alt_sys_init.o)
 .debug_info    0x0000ad7e      0x3da ../stage3_bsp/\libhal_bsp.a(altera_avalon_jtag_uart_fd.o)
 .debug_info    0x0000b158      0x1bc ../stage3_bsp/\libhal_bsp.a(altera_avalon_jtag_uart_read.o)
 .debug_info    0x0000b314      0x19f ../stage3_bsp/\libhal_bsp.a(altera_avalon_jtag_uart_write.o)
 .debug_info    0x0000b4b3      0x235 ../stage3_bsp/\libhal_bsp.a(altera_avalon_timer_sc.o)
 .debug_info    0x0000b6e8      0x350 ../stage3_bsp/\libhal_bsp.a(alt_close.o)
 .debug_info    0x0000ba38       0x90 ../stage3_bsp/\libhal_bsp.a(alt_dcache_flush_all.o)
 .debug_info    0x0000bac8      0x4e3 ../stage3_bsp/\libhal_bsp.a(alt_dev.o)
 .debug_info    0x0000bfab      0x1b9 ../stage3_bsp/\libhal_bsp.a(alt_dev_llist_insert.o)
 .debug_info    0x0000c164       0x8d ../stage3_bsp/\libhal_bsp.a(alt_do_ctors.o)
 .debug_info    0x0000c1f1       0x8d ../stage3_bsp/\libhal_bsp.a(alt_do_dtors.o)
 .debug_info    0x0000c27e       0xa3 ../stage3_bsp/\libhal_bsp.a(alt_errno.o)
 .debug_info    0x0000c321       0x90 ../stage3_bsp/\libhal_bsp.a(alt_icache_flush_all.o)
 .debug_info    0x0000c3b1      0x364 ../stage3_bsp/\libhal_bsp.a(alt_iic.o)
 .debug_info    0x0000c715      0x1f6 ../stage3_bsp/\libhal_bsp.a(alt_iic_isr_register.o)
 .debug_info    0x0000c90b      0x4f0 ../stage3_bsp/\libhal_bsp.a(alt_io_redirect.o)
 .debug_info    0x0000cdfb       0x6d ../stage3_bsp/\libhal_bsp.a(alt_irq_entry.o)
 .debug_info    0x0000ce68      0x190 ../stage3_bsp/\libhal_bsp.a(alt_irq_handler.o)
 .debug_info    0x0000cff8       0x8a ../stage3_bsp/\libhal_bsp.a(alt_irq_vars.o)
 .debug_info    0x0000d082      0x3f0 ../stage3_bsp/\libhal_bsp.a(alt_open.o)
 .debug_info    0x0000d472      0x2dd ../stage3_bsp/\libhal_bsp.a(alt_release_fd.o)
 .debug_info    0x0000d74f      0x2b1 ../stage3_bsp/\libhal_bsp.a(alt_tick.o)
 .debug_info    0x0000da00       0x90 ../stage3_bsp/\libhal_bsp.a(altera_nios2_qsys_irq.o)
 .debug_info    0x0000da90       0x73 ../stage3_bsp/\libhal_bsp.a(alt_exception_entry.o)
 .debug_info    0x0000db03      0x30d ../stage3_bsp/\libhal_bsp.a(alt_find_dev.o)
 .debug_info    0x0000de10      0x30c ../stage3_bsp/\libhal_bsp.a(alt_find_file.o)
 .debug_info    0x0000e11c      0x339 ../stage3_bsp/\libhal_bsp.a(alt_get_fd.o)
 .debug_info    0x0000e455      0x1eb c:/altera/13.1/nios2eds/bin/gnu/h-i686-mingw32/bin/../lib/gcc/nios2-elf/4.7.3/../../../../../H-i686-mingw32/nios2-elf/lib/mno-hw-mul\libsmallc.a(lib_a-atexit.o)
 .debug_info    0x0000e640       0xf8 c:/altera/13.1/nios2eds/bin/gnu/h-i686-mingw32/bin/../lib/gcc/nios2-elf/4.7.3/../../../../../H-i686-mingw32/nios2-elf/lib/mno-hw-mul\libsmallc.a(lib_a-exit.o)
 .debug_info    0x0000e738       0xf1 c:/altera/13.1/nios2eds/bin/gnu/h-i686-mingw32/bin/../lib/gcc/nios2-elf/4.7.3/../../../../../H-i686-mingw32/nios2-elf/lib/mno-hw-mul\libsmallc.a(lib_a-memcmp.o)
 .debug_info    0x0000e829      0x6fc c:/altera/13.1/nios2eds/bin/gnu/h-i686-mingw32/bin/../lib/gcc/nios2-elf/4.7.3/../../../../../H-i686-mingw32/nios2-elf/lib/mno-hw-mul\libsmallc.a(lib_a-__atexit.o)
 .debug_info    0x0000ef25      0x70e c:/altera/13.1/nios2eds/bin/gnu/h-i686-mingw32/bin/../lib/gcc/nios2-elf/4.7.3/../../../../../H-i686-mingw32/nios2-elf/lib/mno-hw-mul\libsmallc.a(lib_a-__call_atexit.o)
 .debug_info    0x0000f633       0xec ../stage3_bsp/\libhal_bsp.a(alt_exit.o)

.debug_abbrev   0x00000000     0x619a
 *(.debug_abbrev)
 .debug_abbrev  0x00000000       0x12 ../stage3_bsp//obj/HAL/src/crt0.o
 .debug_abbrev  0x00000012       0xba obj/default/dct.o
 .debug_abbrev  0x000000cc       0x91 obj/default/main.o
 .debug_abbrev  0x0000015d       0x90 obj/default/nios2_common/fifo_io.o
 .debug_abbrev  0x000001ed      0x108 c:/altera/13.1/nios2eds/bin/gnu/h-i686-mingw32/bin/../lib/gcc/nios2-elf/4.7.3/../../../../../H-i686-mingw32/nios2-elf/lib/mno-hw-mul\libm.a(lib_a-s_cos.o)
 .debug_abbrev  0x000002f5       0xb9 c:/altera/13.1/nios2eds/bin/gnu/h-i686-mingw32/bin/../lib/gcc/nios2-elf/4.7.3/../../../../../H-i686-mingw32/nios2-elf/lib/mno-hw-mul\libm.a(lib_a-sf_round.o)
 .debug_abbrev  0x000003ae      0x186 c:/altera/13.1/nios2eds/bin/gnu/h-i686-mingw32/bin/../lib/gcc/nios2-elf/4.7.3/../../../../../H-i686-mingw32/nios2-elf/lib/mno-hw-mul\libm.a(lib_a-e_rem_pio2.o)
 .debug_abbrev  0x00000534       0xed c:/altera/13.1/nios2eds/bin/gnu/h-i686-mingw32/bin/../lib/gcc/nios2-elf/4.7.3/../../../../../H-i686-mingw32/nios2-elf/lib/mno-hw-mul\libm.a(lib_a-k_cos.o)
 .debug_abbrev  0x00000621      0x158 c:/altera/13.1/nios2eds/bin/gnu/h-i686-mingw32/bin/../lib/gcc/nios2-elf/4.7.3/../../../../../H-i686-mingw32/nios2-elf/lib/mno-hw-mul\libm.a(lib_a-k_rem_pio2.o)
 .debug_abbrev  0x00000779       0xa5 c:/altera/13.1/nios2eds/bin/gnu/h-i686-mingw32/bin/../lib/gcc/nios2-elf/4.7.3/../../../../../H-i686-mingw32/nios2-elf/lib/mno-hw-mul\libm.a(lib_a-k_sin.o)
 .debug_abbrev  0x0000081e       0x6f c:/altera/13.1/nios2eds/bin/gnu/h-i686-mingw32/bin/../lib/gcc/nios2-elf/4.7.3/../../../../../H-i686-mingw32/nios2-elf/lib/mno-hw-mul\libm.a(lib_a-s_fabs.o)
 .debug_abbrev  0x0000088d       0xe9 c:/altera/13.1/nios2eds/bin/gnu/h-i686-mingw32/bin/../lib/gcc/nios2-elf/4.7.3/../../../../../H-i686-mingw32/nios2-elf/lib/mno-hw-mul\libm.a(lib_a-s_floor.o)
 .debug_abbrev  0x00000976      0x107 c:/altera/13.1/nios2eds/bin/gnu/h-i686-mingw32/bin/../lib/gcc/nios2-elf/4.7.3/../../../../../H-i686-mingw32/nios2-elf/lib/mno-hw-mul\libm.a(lib_a-s_scalbn.o)
 .debug_abbrev  0x00000a7d       0xe6 c:/altera/13.1/nios2eds/bin/gnu/h-i686-mingw32/bin/../lib/gcc/nios2-elf/4.7.3/../../../../../H-i686-mingw32/nios2-elf/lib/mno-hw-mul\libm.a(lib_a-s_copysign.o)
 .debug_abbrev  0x00000b63      0x22d c:/altera/13.1/nios2eds/bin/gnu/h-i686-mingw32/bin/../lib/gcc/nios2-elf/4.7.3/mno-hw-mul\libgcc.a(_addsub_sf.o)
 .debug_abbrev  0x00000d90      0x23b c:/altera/13.1/nios2eds/bin/gnu/h-i686-mingw32/bin/../lib/gcc/nios2-elf/4.7.3/mno-hw-mul\libgcc.a(_mul_sf.o)
 .debug_abbrev  0x00000fcb      0x19c c:/altera/13.1/nios2eds/bin/gnu/h-i686-mingw32/bin/../lib/gcc/nios2-elf/4.7.3/mno-hw-mul\libgcc.a(_si_to_sf.o)