Archive member included because of file (symbol)

c:/altera/13.1/nios2eds/bin/gnu/h-i686-mingw32/bin/../lib/gcc/nios2-elf/4.7.3/mno-hw-mul\libgcc.a(_fixunssfsi.o)
                              obj/default/main.o (__fixunssfsi)
c:/altera/13.1/nios2eds/bin/gnu/h-i686-mingw32/bin/../lib/gcc/nios2-elf/4.7.3/mno-hw-mul\libgcc.a(_addsub_sf.o)
                              c:/altera/13.1/nios2eds/bin/gnu/h-i686-mingw32/bin/../lib/gcc/nios2-elf/4.7.3/mno-hw-mul\libgcc.a(_fixunssfsi.o) (__subsf3)
c:/altera/13.1/nios2eds/bin/gnu/h-i686-mingw32/bin/../lib/gcc/nios2-elf/4.7.3/mno-hw-mul\libgcc.a(_mul_sf.o)
                              obj/default/main.o (__mulsf3)
c:/altera/13.1/nios2eds/bin/gnu/h-i686-mingw32/bin/../lib/gcc/nios2-elf/4.7.3/mno-hw-mul\libgcc.a(_div_sf.o)
                              obj/default/main.o (__divsf3)
c:/altera/13.1/nios2eds/bin/gnu/h-i686-mingw32/bin/../lib/gcc/nios2-elf/4.7.3/mno-hw-mul\libgcc.a(_ge_sf.o)
                              c:/altera/13.1/nios2eds/bin/gnu/h-i686-mingw32/bin/../lib/gcc/nios2-elf/4.7.3/mno-hw-mul\libgcc.a(_fixunssfsi.o) (__gesf2)
c:/altera/13.1/nios2eds/bin/gnu/h-i686-mingw32/bin/../lib/gcc/nios2-elf/4.7.3/mno-hw-mul\libgcc.a(_si_to_sf.o)
                              obj/default/main.o (__floatsisf)
c:/altera/13.1/nios2eds/bin/gnu/h-i686-mingw32/bin/../lib/gcc/nios2-elf/4.7.3/mno-hw-mul\libgcc.a(_sf_to_si.o)
                              c:/altera/13.1/nios2eds/bin/gnu/h-i686-mingw32/bin/../lib/gcc/nios2-elf/4.7.3/mno-hw-mul\libgcc.a(_fixunssfsi.o) (__fixsfsi)
c:/altera/13.1/nios2eds/bin/gnu/h-i686-mingw32/bin/../lib/gcc/nios2-elf/4.7.3/mno-hw-mul\libgcc.a(_thenan_sf.o)
                              c:/altera/13.1/nios2eds/bin/gnu/h-i686-mingw32/bin/../lib/gcc/nios2-elf/4.7.3/mno-hw-mul\libgcc.a(_addsub_sf.o) (__thenan_sf)
c:/altera/13.1/nios2eds/bin/gnu/h-i686-mingw32/bin/../lib/gcc/nios2-elf/4.7.3/mno-hw-mul\libgcc.a(_usi_to_sf.o)
                              obj/default/main.o (__floatunsisf)
c:/altera/13.1/nios2eds/bin/gnu/h-i686-mingw32/bin/../lib/gcc/nios2-elf/4.7.3/mno-hw-mul\libgcc.a(lib2-mul.o)
                              obj/default/main.o (__mulsi3)
c:/altera/13.1/nios2eds/bin/gnu/h-i686-mingw32/bin/../lib/gcc/nios2-elf/4.7.3/mno-hw-mul\libgcc.a(_muldi3.o)
                              c:/altera/13.1/nios2eds/bin/gnu/h-i686-mingw32/bin/../lib/gcc/nios2-elf/4.7.3/mno-hw-mul\libgcc.a(_mul_sf.o) (__muldi3)
c:/altera/13.1/nios2eds/bin/gnu/h-i686-mingw32/bin/../lib/gcc/nios2-elf/4.7.3/mno-hw-mul\libgcc.a(_clzsi2.o)
                              c:/altera/13.1/nios2eds/bin/gnu/h-i686-mingw32/bin/../lib/gcc/nios2-elf/4.7.3/mno-hw-mul\libgcc.a(_si_to_sf.o) (__clzsi2)
c:/altera/13.1/nios2eds/bin/gnu/h-i686-mingw32/bin/../lib/gcc/nios2-elf/4.7.3/mno-hw-mul\libgcc.a(_pack_sf.o)
                              c:/altera/13.1/nios2eds/bin/gnu/h-i686-mingw32/bin/../lib/gcc/nios2-elf/4.7.3/mno-hw-mul\libgcc.a(_addsub_sf.o) (__pack_f)
c:/altera/13.1/nios2eds/bin/gnu/h-i686-mingw32/bin/../lib/gcc/nios2-elf/4.7.3/mno-hw-mul\libgcc.a(_unpack_sf.o)
                              c:/altera/13.1/nios2eds/bin/gnu/h-i686-mingw32/bin/../lib/gcc/nios2-elf/4.7.3/mno-hw-mul\libgcc.a(_addsub_sf.o) (__unpack_f)
c:/altera/13.1/nios2eds/bin/gnu/h-i686-mingw32/bin/../lib/gcc/nios2-elf/4.7.3/mno-hw-mul\libgcc.a(_fpcmp_parts_sf.o)
                              c:/altera/13.1/nios2eds/bin/gnu/h-i686-mingw32/bin/../lib/gcc/nios2-elf/4.7.3/mno-hw-mul\libgcc.a(_ge_sf.o) (__fpcmp_parts_f)
c:/altera/13.1/nios2eds/bin/gnu/h-i686-mingw32/bin/../lib/gcc/nios2-elf/4.7.3/mno-hw-mul\libgcc.a(_clz.o)
                              c:/altera/13.1/nios2eds/bin/gnu/h-i686-mingw32/bin/../lib/gcc/nios2-elf/4.7.3/mno-hw-mul\libgcc.a(_clzsi2.o) (__clz_tab)
c:/altera/13.1/nios2eds/bin/gnu/h-i686-mingw32/bin/../lib/gcc/nios2-elf/4.7.3/../../../../../H-i686-mingw32/nios2-elf/lib/mno-hw-mul\libsmallc.a(lib_a-memcpy.o)
                              obj/default/huffdata.o (memcpy)
c:/altera/13.1/nios2eds/bin/gnu/h-i686-mingw32/bin/../lib/gcc/nios2-elf/4.7.3/../../../../../H-i686-mingw32/nios2-elf/lib/mno-hw-mul\libsmallc.a(lib_a-printf.o)
                              obj/default/main.o (printf)
c:/altera/13.1/nios2eds/bin/gnu/h-i686-mingw32/bin/../lib/gcc/nios2-elf/4.7.3/../../../../../H-i686-mingw32/nios2-elf/lib/mno-hw-mul\libsmallc.a(lib_a-puts.o)
                              obj/default/main.o (puts)
c:/altera/13.1/nios2eds/bin/gnu/h-i686-mingw32/bin/../lib/gcc/nios2-elf/4.7.3/../../../../../H-i686-mingw32/nios2-elf/lib/mno-hw-mul\libsmallc.a(lib_a-strlen.o)
                              c:/altera/13.1/nios2eds/bin/gnu/h-i686-mingw32/bin/../lib/gcc/nios2-elf/4.7.3/../../../../../H-i686-mingw32/nios2-elf/lib/mno-hw-mul\libsmallc.a(lib_a-puts.o) (strlen)
c:/altera/13.1/nios2eds/bin/gnu/h-i686-mingw32/bin/../lib/gcc/nios2-elf/4.7.3/../../../../../H-i686-mingw32/nios2-elf/lib/mno-hw-mul\libsmallc.a(lib_a-vfprintf.o)
[...]
Memory Configuration

Name             Origin             Length             Attributes
reset            0x00010000         0x00000020
mem_5            0x00010020         0x0000bb60
*default*        0x00000000         0xffffffff

Linker script and memory map

LOAD ../stage5_bsp//obj/HAL/src/crt0.o
LOAD obj/default/huffdata.o
LOAD obj/default/huffman.o
LOAD obj/default/main.o
LOAD obj/default/markdata.o
LOAD obj/default/nios2_common/fifo_io.o
LOAD c:/altera/13.1/nios2eds/bin/gnu/h-i686-mingw32/bin/../lib/gcc/nios2-elf/4.7.3/../../../../../H-i686-mingw32/nios2-elf/lib/mno-hw-mul\libstdc++.a
LOAD c:/altera/13.1/nios2eds/bin/gnu/h-i686-mingw32/bin/../lib/gcc/nios2-elf/4.7.3/../../../../../H-i686-mingw32/nios2-elf/lib/mno-hw-mul\libm.a
LOAD c:/altera/13.1/nios2eds/bin/gnu/h-i686-mingw32/bin/../lib/gcc/nios2-elf/4.7.3/mno-hw-mul\libgcc.a
START GROUP
LOAD c:/altera/13.1/nios2eds/bin/gnu/h-i686-mingw32/bin/../lib/gcc/nios2-elf/4.7.3/../../../../../H-i686-mingw32/nios2-elf/lib/mno-hw-mul\libsmallc.a
LOAD c:/altera/13.1/nios2eds/bin/gnu/h-i686-mingw32/bin/../lib/gcc/nios2-elf/4.7.3/mno-hw-mul\libgcc.a
LOAD ../stage5_bsp/\libhal_bsp.a
END GROUP
LOAD c:/altera/13.1/nios2eds/bin/gnu/h-i686-mingw32/bin/../lib/gcc/nios2-elf/4.7.3/mno-hw-mul\libgcc.a
                0x00010000                __alt_mem_mem_5 = 0x10000

.entry          0x00010000       0x20
 *(.entry)
 .entry         0x00010000       0x20 ../stage5_bsp//obj/HAL/src/crt0.o
                0x00010000                __reset

.exceptions     0x00010020        0x0
                0x00010020                PROVIDE (__ram_exceptions_start, ABSOLUTE (.))
                0x00010020                . = ALIGN (0x20)
 *(.irq)
 *(.exceptions.entry.label)
 *(.exceptions.entry.user)
 *(.exceptions.entry.ecc_fatal)
 *(.exceptions.entry)
 *(.exceptions.irqtest.user)
 *(.exceptions.irqtest)
 *(.exceptions.irqhandler.user)
 *(.exceptions.irqhandler)
 *(.exceptions.irqreturn.user)
 *(.exceptions.irqreturn)
 *(.exceptions.notirq.label)
 *(.exceptions.notirq.user)
 *(.exceptions.notirq)
 *(.exceptions.soft.user)
 *(.exceptions.soft)
 *(.exceptions.unknown.user)
 *(.exceptions.unknown)
 *(.exceptions.exit.label)
 *(.exceptions.exit.user)
 *(.exceptions.exit)
 *(.exceptions)
                0x00010020                PROVIDE (__ram_exceptions_end, ABSOLUTE (.))
                0x00010020                PROVIDE (__flash_exceptions_start, LOADADDR (.exceptions))

.text           0x00010020     0x3d64
                0x00010020                PROVIDE (stext, ABSOLUTE (.))
 *(.interp)
 *(.hash)
 *(.dynsym)
 *(.dynstr)
 *(.gnu.version)
 *(.gnu.version_d)
 *(.gnu.version_r)
 *(.rel.init)
 *(.rela.init)
 *(.rel.text .rel.text.* .rel.gnu.linkonce.t.*)
 *(.rela.text .rela.text.* .rela.gnu.linkonce.t.*)
 *(.rel.fini)
 *(.rela.fini)
 *(.rel.rodata .rel.rodata.* .rel.gnu.linkonce.r.*)
 *(.rela.rodata .rela.rodata.* .rela.gnu.linkonce.r.*)
 *(.rel.data .rel.data.* .rel.gnu.linkonce.d.*)
 *(.rela.data .rela.data.* .rela.gnu.linkonce.d.*)
 *(.rel.tdata .rel.tdata.* .rel.gnu.linkonce.td.*)
 *(.rela.tdata .rela.tdata.* .rela.gnu.linkonce.td.*)
 *(.rel.tbss .rel.tbss.* .rel.gnu.linkonce.tb.*)
 *(.rela.tbss .rela.tbss.* .rela.gnu.linkonce.tb.*)
 *(.rel.ctors)
 *(.rela.ctors)
 *(.rel.dtors)
 *(.rela.dtors)
 *(.rel.got)
 *(.rela.got)
 *(.rel.sdata .rel.sdata.* .rel.gnu.linkonce.s.*)
 *(.rela.sdata .rela.sdata.* .rela.gnu.linkonce.s.*)
 *(.rel.sbss .rel.sbss.* .rel.gnu.linkonce.sb.*)
 *(.rela.sbss .rela.sbss.* .rela.gnu.linkonce.sb.*)
 *(.rel.sdata2 .rel.sdata2.* .rel.gnu.linkonce.s2.*)
 *(.rela.sdata2 .rela.sdata2.* .rela.gnu.linkonce.s2.*)
 *(.rel.sbss2 .rel.sbss2.* .rel.gnu.linkonce.sb2.*)
 *(.rela.sbss2 .rela.sbss2.* .rela.gnu.linkonce.sb2.*)
 *(.rel.bss .rel.bss.* .rel.gnu.linkonce.b.*)
 *(.rela.bss .rela.bss.* .rela.gnu.linkonce.b.*)
 *(.rel.plt)
 *(.rela.plt)
 *(.rel.dyn)
 *(.init)
 *(.plt)
 *(.text .stub .text.* .gnu.linkonce.t.*)
 .text          0x00010020       0x3c ../stage5_bsp//obj/HAL/src/crt0.o
                0x00010020                _start
 .text          0x0001005c      0x2c4 obj/default/huffdata.o
                0x0001005c                init_chroma_ac_tables
 .text          0x00010320      0x68c obj/default/huffman.o
                0x00010394                write_bits
                0x000104ec                huffman_flush
                0x000105b0                huffman_encode_block
 .text          0x000109ac      0x530 obj/default/main.o
                0x000109ac                receive_dht_from_stage1
                0x00010ad0                main
 .text          0x00010edc        0x0 obj/default/markdata.o
 .text          0x00010edc      0x13c obj/default/nios2_common/fifo_io.o
                0x00010edc                fifo_init
                0x00010f0c                fifo_read_block
                0x00010f8c                fifo_write_block
 .text          0x00011018       0x70 c:/altera/13.1/nios2eds/bin/gnu/h-i686-mingw32/bin/../lib/gcc/nios2-elf/4.7.3/mno-hw-mul\libgcc.a(_fixunssfsi.o)
                0x00011018                __fixunssfsi
 .text          0x00011088      0x298 c:/altera/13.1/nios2eds/bin/gnu/h-i686-mingw32/bin/../lib/gcc/nios2-elf/4.7.3/mno-hw-mul\libgcc.a(_addsub_sf.o)
                0x0001127c                __addsf3
                0x000112c8                __subsf3
 .text          0x00011320      0x190 c:/altera/13.1/nios2eds/bin/gnu/h-i686-mingw32/bin/../lib/gcc/nios2-elf/4.7.3/mno-hw-mul\libgcc.a(_mul_sf.o)
                0x00011320                __mulsf3
 .text          0x000114b0      0x13c c:/altera/13.1/nios2eds/bin/gnu/h-i686-mingw32/bin/../lib/gcc/nios2-elf/4.7.3/mno-hw-mul\libgcc.a(_div_sf.o)
                0x000114b0                __divsf3
 .text          0x000115ec       0x5c c:/altera/13.1/nios2eds/bin/gnu/h-i686-mingw32/bin/../lib/gcc/nios2-elf/4.7.3/mno-hw-mul\libgcc.a(_ge_sf.o)
                0x000115ec                __gesf2
 .text          0x00011648       0xa4 c:/altera/13.1/nios2eds/bin/gnu/h-i686-mingw32/bin/../lib/gcc/nios2-elf/4.7.3/mno-hw-mul\libgcc.a(_si_to_sf.o)
                0x00011648                __floatsisf
 .text          0x000116ec       0xa4 c:/altera/13.1/nios2eds/bin/gnu/h-i686-mingw32/bin/../lib/gcc/nios2-elf/4.7.3/mno-hw-mul\libgcc.a(_sf_to_si.o)
                0x000116ec                __fixsfsi
 .text          0x00011790        0x0 c:/altera/13.1/nios2eds/bin/gnu/h-i686-mingw32/bin/../lib/gcc/nios2-elf/4.7.3/mno-hw-mul\libgcc.a(_thenan_sf.o)
 .text          0x00011790       0xd4 c:/altera/13.1/nios2eds/bin/gnu/h-i686-mingw32/bin/../lib/gcc/nios2-elf/4.7.3/mno-hw-mul\libgcc.a(_usi_to_sf.o)
                0x00011790                __floatunsisf
 .text          0x00011864       0x28 c:/altera/13.1/nios2eds/bin/gnu/h-i686-mingw32/bin/../lib/gcc/nios2-elf/4.7.3/mno-hw-mul\libgcc.a(lib2-mul.o)
                0x00011864                __mulsi3
 .text          0x0001188c      0x110 c:/altera/13.1/nios2eds/bin/gnu/h-i686-mingw32/bin/../lib/gcc/nios2-elf/4.7.3/mno-hw-mul\libgcc.a(_muldi3.o)
                0x0001188c                __muldi3
 .text          0x0001199c       0xac c:/altera/13.1/nios2eds/bin/gnu/h-i686-mingw32/bin/../lib/gcc/nios2-elf/4.7.3/mno-hw-mul\libgcc.a(_clzsi2.o)
                0x0001199c                __clzsi2
 .text          0x00011a48      0x12c c:/altera/13.1/nios2eds/bin/gnu/h-i686-mingw32/bin/../lib/gcc/nios2-elf/4.7.3/mno-hw-mul\libgcc.a(_pack_sf.o)
                0x00011a48                __pack_f
 .text          0x00011b74       0xc8 c:/altera/13.1/nios2eds/bin/gnu/h-i686-mingw32/bin/../lib/gcc/nios2-elf/4.7.3/mno-hw-mul\libgcc.a(_unpack_sf.o)
                0x00011b74                __unpack_f
 .text          0x00011c3c       0xbc c:/altera/13.1/nios2eds/bin/gnu/h-i686-mingw32/bin/../lib/gcc/nios2-elf/4.7.3/mno-hw-mul\libgcc.a(_fpcmp_parts_sf.o)
                0x00011c3c                __fpcmp_parts_f
 .text          0x00011cf8        0x0 c:/altera/13.1/nios2eds/bin/gnu/h-i686-mingw32/bin/../lib/gcc/nios2-elf/4.7.3/mno-hw-mul\libgcc.a(_clz.o)
 .text          0x00011cf8       0x28 c:/altera/13.1/nios2eds/bin/gnu/h-i686-mingw32/bin/../lib/gcc/nios2-elf/4.7.3/../../../../../H-i686-mingw32/nios2-elf/lib/mno-hw-mul\libsmallc.a(lib_a-memcpy.o)
                0x00011cf8                memcpy
 .text          0x00011d20       0x88 c:/altera/13.1/nios2eds/bin/gnu/h-i686-mingw32/bin/../lib/gcc/nios2-elf/4.7.3/../../../../../H-i686-mingw32/nios2-elf/lib/mno-hw-mul\libsmallc.a(lib_a-printf.o)
                0x00011d20                _printf_r
                0x00011d5c                printf
 .text          0x00011da8       0x94 c:/altera/13.1/nios2eds/bin/gnu/h-i686-mingw32/bin/../lib/gcc/nios2-elf/4.7.3/../../../../../H-i686-mingw32/nios2-elf/lib/mno-hw-mul\libsmallc.a(lib_a-puts.o)
                0x00011da8                _puts_r
                0x00011e28                puts
 .text          0x00011e3c       0x28 c:/altera/13.1/nios2eds/bin/gnu/h-i686-mingw32/bin/../lib/gcc/nios2-elf/4.7.3/../../../../../H-i686-mingw32/nios2-elf/lib/mno-hw-mul\libsmallc.a(lib_a-strlen.o)
                0x00011e3c                strlen
 .text          0x00011e64      0x758 c:/altera/13.1/nios2eds/bin/gnu/h-i686-mingw32/bin/../lib/gcc/nios2-elf/4.7.3/../../../../../H-i686-mingw32/nios2-elf/lib/mno-hw-mul\libsmallc.a(lib_a-vfprintf.o)
                0x00011e64                ___vfprintf_internal_r
                0x00012598                __vfprintf_internal
 .text          0x000125bc       0xe0 c:/altera/13.1/nios2eds/bin/gnu/h-i686-mingw32/bin/../lib/gcc/nios2-elf/4.7.3/../../../../../H-i686-mingw32/nios2-elf/lib/mno-hw-mul\libsmallc.a(lib_a-fvwrite_small_dev.o)
                0x000125bc                __sfvwrite_small_dev
 .text          0x0001269c        0x0 c:/altera/13.1/nios2eds/bin/gnu/h-i686-mingw32/bin/../lib/gcc/nios2-elf/4.7.3/../../../../../H-i686-mingw32/nios2-elf/lib/mno-hw-mul\libsmallc.a(lib_a-impure.o)
 .text          0x0001269c       0x6c c:/altera/13.1/nios2eds/bin/gnu/h-i686-mingw32/bin/../lib/gcc/nios2-elf/4.7.3/../../../../../H-i686-mingw32/nios2-elf/lib/mno-hw-mul\libsmallc.a(lib_a-writer.o)
                0x0001269c                _write_r
 .text          0x00012708        0x0 c:/altera/13.1/nios2eds/bin/gnu/h-i686-mingw32/bin/../lib/gcc/nios2-elf/4.7.3/../../../../../H-i686-mingw32/nios2-elf/lib/mno-hw-mul\libsmallc.a(lib_a-int_errno.o)
 .text          0x00012708      0x130 c:/altera/13.1/nios2eds/bin/gnu/h-i686-mingw32/bin/../lib/gcc/nios2-elf/4.7.3/mno-hw-mul\libgcc.a(lib2-divmod.o)
                0x0001277c                __divsi3
                0x000127cc                __modsi3
                0x00012828                __udivsi3
                0x00012830                __umodsi3
 .text          0x00012838       0xec ../stage5_bsp/\libhal_bsp.a(alt_load.o)
                0x000128a4                alt_load
 .text          0x00012924       0x78 ../stage5_bsp/\libhal_bsp.a(alt_main.o)
                0x00012924                alt_main
 .text          0x0001299c      0x140 ../stage5_bsp/\libhal_bsp.a(alt_write.o)
                0x000129ec                write
 .text          0x00012adc       0xd4 ../stage5_bsp/\libhal_bsp.a(alt_sys_init.o)
                0x00012b14                alt_irq_init
                0x00012b48                alt_sys_init
 .text          0x00012bb0       0xc0 ../stage5_bsp/\libhal_bsp.a(altera_avalon_jtag_uart_fd.o)
                0x00012bb0                altera_avalon_jtag_uart_read_fd
                0x00012c10                altera_avalon_jtag_uart_write_fd
 .text          0x00012c70       0xf4 ../stage5_bsp/\libhal_bsp.a(altera_avalon_jtag_uart_read.o)
                0x00012c70                altera_avalon_jtag_uart_read
 .text          0x00012d64       0x98 ../stage5_bsp/\libhal_bsp.a(altera_avalon_jtag_uart_write.o)
                0x00012d64                altera_avalon_jtag_uart_write
 .text          0x00012dfc      0x140 ../stage5_bsp/\libhal_bsp.a(altera_avalon_timer_ts.o)
                0x00012dfc                alt_timestamp_start
                0x00012e84                alt_timestamp
                0x00012f14                alt_timestamp_freq
 .text          0x00012f3c        0x0 ../stage5_bsp/\libhal_bsp.a(altera_avalon_timer_vars.o)
 .text          0x00012f3c      0x11c ../stage5_bsp/\libhal_bsp.a(alt_close.o)
                0x00012f8c                close
 .text          0x00013058       0x1c ../stage5_bsp/\libhal_bsp.a(alt_dcache_flush_all.o)
                0x00013058                alt_dcache_flush_all
 .text          0x00013074       0x2c ../stage5_bsp/\libhal_bsp.a(alt_dev.o)
 .text          0x000130a0       0xf0 ../stage5_bsp/\libhal_bsp.a(alt_dev_llist_insert.o)
                0x000130f0                alt_dev_llist_insert
 .text          0x00013190       0x5c ../stage5_bsp/\libhal_bsp.a(alt_do_ctors.o)
                0x00013190                _do_ctors
 .text          0x000131ec       0x5c ../stage5_bsp/\libhal_bsp.a(alt_do_dtors.o)
                0x000131ec                _do_dtors
 .text          0x00013248        0x0 ../stage5_bsp/\libhal_bsp.a(alt_errno.o)
 .text          0x00013248       0x1c ../stage5_bsp/\libhal_bsp.a(alt_icache_flush_all.o)
                0x00013248                alt_icache_flush_all
 .text          0x00013264      0x158 ../stage5_bsp/\libhal_bsp.a(alt_io_redirect.o)
                0x00013344                alt_io_redirect
 .text          0x000133bc      0x298 ../stage5_bsp/\libhal_bsp.a(alt_open.o)
                0x000134fc                open
 .text          0x00013654       0x80 ../stage5_bsp/\libhal_bsp.a(alt_release_fd.o)
                0x00013654                alt_release_fd
 .text          0x000136d4       0x20 ../stage5_bsp/\libhal_bsp.a(altera_nios2_qsys_irq.o)
                0x000136d4                altera_nios2_qsys_irq_init
 .text          0x000136f4       0x90 ../stage5_bsp/\libhal_bsp.a(alt_find_dev.o)
                0x000136f4                alt_find_dev
 .text          0x00013784      0x114 ../stage5_bsp/\libhal_bsp.a(alt_find_file.o)
                0x00013784                alt_find_file
 .text          0x00013898       0xd4 ../stage5_bsp/\libhal_bsp.a(alt_get_fd.o)
                0x00013898                alt_get_fd
 .text          0x0001396c       0x14 c:/altera/13.1/nios2eds/bin/gnu/h-i686-mingw32/bin/../lib/gcc/nios2-elf/4.7.3/../../../../../H-i686-mingw32/nios2-elf/lib/mno-hw-mul\libsmallc.a(lib_a-atexit.o)
                0x0001396c                atexit
 .text          0x00013980       0x20 c:/altera/13.1/nios2eds/bin/gnu/h-i686-mingw32/bin/../lib/gcc/nios2-elf/4.7.3/../../../../../H-i686-mingw32/nios2-elf/lib/mno-hw-mul\libsmallc.a(lib_a-exit.o)
                0x00013980                exit
 .text          0x000139a0       0x48 c:/altera/13.1/nios2eds/bin/gnu/h-i686-mingw32/bin/../lib/gcc/nios2-elf/4.7.3/../../../../../H-i686-mingw32/nios2-elf/lib/mno-hw-mul\libsmallc.a(lib_a-memcmp.o)
                0x000139a0                memcmp
 .text          0x000139e8      0x188 c:/altera/13.1/nios2eds/bin/gnu/h-i686-mingw32/bin/../lib/gcc/nios2-elf/4.7.3/../../../../../H-i686-mingw32/nios2-elf/lib/mno-hw-mul\libsmallc.a(lib_a-__atexit.o)
                0x000139e8                __register_exitproc
 .text          0x00013b70      0x1d8 c:/altera/13.1/nios2eds/bin/gnu/h-i686-mingw32/bin/../lib/gcc/nios2-elf/4.7.3/../../../../../H-i686-mingw32/nios2-elf/lib/mno-hw-mul\libsmallc.a(lib_a-__call_atexit.o)
                0x00013b70                __call_exitprocs
 .text          0x00013d48       0x3c ../stage5_bsp/\libhal_bsp.a(alt_exit.o)
                0x00013d48                _exit
 *(.gnu.warning.*)
 *(.fini)
                0x00013d84                PROVIDE (__etext, ABSOLUTE (.))
                0x00013d84                PROVIDE (_etext, ABSOLUTE (.))
                0x00013d84                PROVIDE (etext, ABSOLUTE (.))
 *(.eh_frame_hdr)
                0x00013d84                . = ALIGN (0x4)
                0x00013d84                PROVIDE (__preinit_array_start, ABSOLUTE (.))
 *(.preinit_array)
                0x00013d84                PROVIDE (__preinit_array_end, ABSOLUTE (.))
                0x00013d84                PROVIDE (__init_array_start, ABSOLUTE (.))
 *(.init_array)
                0x00013d84                PROVIDE (__init_array_end, ABSOLUTE (.))
                0x00013d84                PROVIDE (__fini_array_start, ABSOLUTE (.))
 *(.fini_array)
                0x00013d84                PROVIDE (__fini_array_end, ABSOLUTE (.))
 *(.eh_frame)
 *(.gcc_except_table .gcc_except_table.*)
 *(.dynamic)
                0x00013d84                PROVIDE (__CTOR_LIST__, ABSOLUTE (.))
 *(.ctors)
 *(SORT(.ctors.*))
                0x00013d84                PROVIDE (__CTOR_END__, ABSOLUTE (.))
                0x00013d84                PROVIDE (__DTOR_LIST__, ABSOLUTE (.))
 *(.dtors)
 *(SORT(.dtors.*))
                0x00013d84                PROVIDE (__DTOR_END__, ABSOLUTE (.))
 *(.jcr)
                0x00013d84                . = ALIGN (0x4)

.rodata         0x00013d84      0x3c8
                0x00013d84                PROVIDE (__ram_rodata_start, ABSOLUTE (.))
                0x00013d84                . = ALIGN (0x4)
 *(.rodata .rodata.* .gnu.linkonce.r.*)
 .rodata        0x00013d84      0x164 obj/default/huffdata.o
 .rodata        0x00013ee8      0x11c obj/default/main.o
 .rodata        0x00014004       0x10 c:/altera/13.1/nios2eds/bin/gnu/h-i686-mingw32/bin/../lib/gcc/nios2-elf/4.7.3/mno-hw-mul\libgcc.a(_thenan_sf.o)
                0x00014004                __thenan_sf
 .rodata        0x00014014      0x100 c:/altera/13.1/nios2eds/bin/gnu/h-i686-mingw32/bin/../lib/gcc/nios2-elf/4.7.3/mno-hw-mul\libgcc.a(_clz.o)
                0x00014014                __clz_tab
 .rodata.str1.4
                0x00014114        0x4 c:/altera/13.1/nios2eds/bin/gnu/h-i686-mingw32/bin/../lib/gcc/nios2-elf/4.7.3/../../../../../H-i686-mingw32/nios2-elf/lib/mno-hw-mul\libsmallc.a(lib_a-puts.o)
 .rodata        0x00014118       0x14 ../stage5_bsp/\libhal_bsp.a(alt_main.o)
 .rodata        0x0001412c       0x14 ../stage5_bsp/\libhal_bsp.a(alt_sys_init.o)
 .rodata        0x00014140        0xc ../stage5_bsp/\libhal_bsp.a(alt_dev.o)
 *(.rodata1)
                0x0001414c                . = ALIGN (0x4)
                0x0001414c                PROVIDE (__ram_rodata_end, ABSOLUTE (.))
                0x00013d84                PROVIDE (__flash_rodata_start, LOADADDR (.rodata))

.rwdata         0x0001414c      0x4d8 load address 0x00014624
                0x0001414c                PROVIDE (__ram_rwdata_start, ABSOLUTE (.))
                0x0001414c                . = ALIGN (0x4)
 *(.got.plt)
 *(.got)
 *(.data1)
 *(.data .data.* .gnu.linkonce.d.*)
 .data          0x0001414c        0x0 ../stage5_bsp//obj/HAL/src/crt0.o
 .data          0x0001414c       0x60 obj/default/huffdata.o
                0x0001414c                luminance_dc_code_table
                0x00014164                luminance_dc_size_table
                0x0001417c                chrominance_dc_code_table
                0x00014194                chrominance_dc_size_table
 .data          0x000141ac        0x0 obj/default/huffman.o
 .data          0x000141ac        0x0 obj/default/main.o
 .data          0x000141ac      0x1a4 obj/default/markdata.o
                0x000141ac                markerdata
 .data          0x00014350        0x0 obj/default/nios2_common/fifo_io.o
 .data          0x00014350        0x0 c:/altera/13.1/nios2eds/bin/gnu/h-i686-mingw32/bin/../lib/gcc/nios2-elf/4.7.3/mno-hw-mul\libgcc.a(_fixunssfsi.o)
 .data          0x00014350        0x0 c:/altera/13.1/nios2eds/bin/gnu/h-i686-mingw32/bin/../lib/gcc/nios2-elf/4.7.3/mno-hw-mul\libgcc.a(_addsub_sf.o)
 .data          0x00014350        0x0 c:/altera/13.1/nios2eds/bin/gnu/h-i686-mingw32/bin/../lib/gcc/nios2-elf/4.7.3/mno-hw-mul\libgcc.a(_mul_sf.o)
 .data          0x00014350        0x0 c:/altera/13.1/nios2eds/bin/gnu/h-i686-mingw32/bin/../lib/gcc/nios2-elf/4.7.3/mno-hw-mul\libgcc.a(_div_sf.o)
 .data          0x00014350        0x0 c:/altera/13.1/nios2eds/bin/gnu/h-i686-mingw32/bin/../lib/gcc/nios2-elf/4.7.3/mno-hw-mul\libgcc.a(_ge_sf.o)
 .data          0x00014350        0x0 c:/altera/13.1/nios2eds/bin/gnu/h-i686-mingw32/bin/../lib/gcc/nios2-elf/4.7.3/mno-hw-mul\libgcc.a(_si_to_sf.o)
 .data          0x00014350        0x0 c:/altera/13.1/nios2eds/bin/gnu/h-i686-mingw32/bin/../lib/gcc/nios2-elf/4.7.3/mno-hw-mul\libgcc.a(_sf_to_si.o)
 .data          0x00014350        0x0 c:/altera/13.1/nios2eds/bin/gnu/h-i686-mingw32/bin/../lib/gcc/nios2-elf/4.7.3/mno-hw-mul\libgcc.a(_thenan_sf.o)
 .data          0x00014350        0x0 c:/altera/13.1/nios2eds/bin/gnu/h-i686-mingw32/bin/../lib/gcc/nios2-elf/4.7.3/mno-hw-mul\libgcc.a(_usi_to_sf.o)
 .data          0x00014350        0x0 c:/altera/13.1/nios2eds/bin/gnu/h-i686-mingw32/bin/../lib/gcc/nios2-elf/4.7.3/mno-hw-mul\libgcc.a(lib2-mul.o)
 .data          0x00014350        0x0 c:/altera/13.1/nios2eds/bin/gnu/h-i686-mingw32/bin/../lib/gcc/nios2-elf/4.7.3/mno-hw-mul\libgcc.a(_muldi3.o)
 .data          0x00014350        0x0 c:/altera/13.1/nios2eds/bin/gnu/h-i686-mingw32/bin/../lib/gcc/nios2-elf/4.7.3/mno-hw-mul\libgcc.a(_clzsi2.o)
 .data          0x00014350        0x0 c:/altera/13.1/nios2eds/bin/gnu/h-i686-mingw32/bin/../lib/gcc/nios2-elf/4.7.3/mno-hw-mul\libgcc.a(_pack_sf.o)
 .data          0x00014350        0x0 c:/altera/13.1/nios2eds/bin/gnu/h-i686-mingw32/bin/../lib/gcc/nios2-elf/4.7.3/mno-hw-mul\libgcc.a(_unpack_sf.o)
 .data          0x00014350        0x0 c:/altera/13.1/nios2eds/bin/gnu/h-i686-mingw32/bin/../lib/gcc/nios2-elf/4.7.3/mno-hw-mul\libgcc.a(_fpcmp_parts_sf.o)
 .data          0x00014350        0x0 c:/altera/13.1/nios2eds/bin/gnu/h-i686-mingw32/bin/../lib/gcc/nios2-elf/4.7.3/mno-hw-mul\libgcc.a(_clz.o)
 .data          0x00014350        0x0 c:/altera/13.1/nios2eds/bin/gnu/h-i686-mingw32/bin/../lib/gcc/nios2-elf/4.7.3/../../../../../H-i686-mingw32/nios2-elf/lib/mno-hw-mul\libsmallc.a(lib_a-memcpy.o)
 .data          0x00014350        0x0 c:/altera/13.1/nios2eds/bin/gnu/h-i686-mingw32/bin/../lib/gcc/nios2-elf/4.7.3/../../../../../H-i686-mingw32/nios2-elf/lib/mno-hw-mul\libsmallc.a(lib_a-printf.o)
 .data          0x00014350        0x0 c:/altera/13.1/nios2eds/bin/gnu/h-i686-mingw32/bin/../lib/gcc/nios2-elf/4.7.3/../../../../../H-i686-mingw32/nios2-elf/lib/mno-hw-mul\libsmallc.a(lib_a-puts.o)
 .data          0x00014350        0x0 c:/altera/13.1/nios2eds/bin/gnu/h-i686-mingw32/bin/../lib/gcc/nios2-elf/4.7.3/../../../../../H-i686-mingw32/nios2-elf/lib/mno-hw-mul\libsmallc.a(lib_a-strlen.o)
 .data          0x00014350        0x0 c:/altera/13.1/nios2eds/bin/gnu/h-i686-mingw32/bin/../lib/gcc/nios2-elf/4.7.3/../../../../../H-i686-mingw32/nios2-elf/lib/mno-hw-mul\libsmallc.a(lib_a-vfprintf.o)
 .data          0x00014350        0x0 c:/altera/13.1/nios2eds/bin/gnu/h-i686-mingw32/bin/../lib/gcc/nios2-elf/4.7.3/../../../../../H-i686-mingw32/nios2-elf/lib/mno-hw-mul\libsmallc.a(lib_a-fvwrite_small_dev.o)
 .data          0x00014350       0xe0 c:/altera/13.1/nios2eds/bin/gnu/h-i686-mingw32/bin/../lib/gcc/nios2-elf/4.7.3/../../../../../H-i686-mingw32/nios2-elf/lib/mno-hw-mul\libsmallc.a(lib_a-impure.o)
 .data          0x00014430        0x0 c:/altera/13.1/nios2eds/bin/gnu/h-i686-mingw32/bin/../lib/gcc/nios2-elf/4.7.3/../../../../../H-i686-mingw32/nios2-elf/lib/mno-hw-mul\libsmallc.a(lib_a-writer.o)
 .data          0x00014430        0x0 c:/altera/13.1/nios2eds/bin/gnu/h-i686-mingw32/bin/../lib/gcc/nios2-elf/4.7.3/../../../../../H-i686-mingw32/nios2-elf/lib/mno-hw-mul\libsmallc.a(lib_a-int_errno.o)
 .data          0x00014430        0x0 c:/altera/13.1/nios2eds/bin/gnu/h-i686-mingw32/bin/../lib/gcc/nios2-elf/4.7.3/mno-hw-mul\libgcc.a(lib2-divmod.o)
 .data          0x00014430        0x0 ../stage5_bsp/\libhal_bsp.a(alt_load.o)
 .data          0x00014430        0x0 ../stage5_bsp/\libhal_bsp.a(alt_main.o)
 .data          0x00014430        0x0 ../stage5_bsp/\libhal_bsp.a(alt_write.o)
 .data          0x00014430       0x2c ../stage5_bsp/\libhal_bsp.a(alt_sys_init.o)
 .data          0x0001445c        0x0 ../stage5_bsp/\libhal_bsp.a(altera_avalon_jtag_uart_fd.o)
 .data          0x0001445c        0x0 ../stage5_bsp/\libhal_bsp.a(altera_avalon_jtag_uart_read.o)
 .data          0x0001445c        0x0 ../stage5_bsp/\libhal_bsp.a(altera_avalon_jtag_uart_write.o)
 .data          0x0001445c        0x0 ../stage5_bsp/\libhal_bsp.a(altera_avalon_timer_ts.o)
 .data          0x0001445c        0x0 ../stage5_bsp/\libhal_bsp.a(altera_avalon_timer_vars.o)
 .data          0x0001445c        0x0 ../stage5_bsp/\libhal_bsp.a(alt_close.o)
 .data          0x0001445c        0x0 ../stage5_bsp/\libhal_bsp.a(alt_dcache_flush_all.o)
 .data          0x0001445c      0x1a8 ../stage5_bsp/\libhal_bsp.a(alt_dev.o)
                0x0001445c                alt_dev_null
                0x00014484                alt_fd_list
 .data          0x00014604        0x0 ../stage5_bsp/\libhal_bsp.a(alt_dev_llist_insert.o)
 .data          0x00014604        0x0 ../stage5_bsp/\libhal_bsp.a(alt_do_ctors.o)
 .data          0x00014604        0x0 ../stage5_bsp/\libhal_bsp.a(alt_do_dtors.o)
 .data          0x00014604        0x0 ../stage5_bsp/\libhal_bsp.a(alt_errno.o)
 .data          0x00014604        0x0 ../stage5_bsp/\libhal_bsp.a(alt_icache_flush_all.o)
 .data          0x00014604        0x0 ../stage5_bsp/\libhal_bsp.a(alt_io_redirect.o)
 .data          0x00014604        0x0 ../stage5_bsp/\libhal_bsp.a(alt_open.o)
 .data          0x00014604        0x0 ../stage5_bsp/\libhal_bsp.a(alt_release_fd.o)
 .data          0x00014604        0x0 ../stage5_bsp/\libhal_bsp.a(altera_nios2_qsys_irq.o)
 .data          0x00014604        0x0 ../stage5_bsp/\libhal_bsp.a(alt_find_dev.o)
 .data          0x00014604        0x0 ../stage5_bsp/\libhal_bsp.a(alt_find_file.o)
 .data          0x00014604        0x0 ../stage5_bsp/\libhal_bsp.a(alt_get_fd.o)
 .data          0x00014604        0x0 c:/altera/13.1/nios2eds/bin/gnu/h-i686-mingw32/bin/../lib/gcc/nios2-elf/4.7.3/../../../../../H-i686-mingw32/nios2-elf/lib/mno-hw-mul\libsmallc.a(lib_a-atexit.o)
 .data          0x00014604        0x0 c:/altera/13.1/nios2eds/bin/gnu/h-i686-mingw32/bin/../lib/gcc/nios2-elf/4.7.3/../../../../../H-i686-mingw32/nios2-elf/lib/mno-hw-mul\libsmallc.a(lib_a-exit.o)
 .data          0x00014604        0x0 c:/altera/13.1/nios2eds/bin/gnu/h-i686-mingw32/bin/../lib/gcc/nios2-elf/4.7.3/../../../../../H-i686-mingw32/nios2-elf/lib/mno-hw-mul\libsmallc.a(lib_a-memcmp.o)
 .data          0x00014604        0x0 c:/altera/13.1/nios2eds/bin/gnu/h-i686-mingw32/bin/../lib/gcc/nios2-elf/4.7.3/../../../../../H-i686-mingw32/nios2-elf/lib/mno-hw-mul\libsmallc.a(lib_a-__atexit.o)
 .data          0x00014604        0x0 c:/altera/13.1/nios2eds/bin/gnu/h-i686-mingw32/bin/../lib/gcc/nios2-elf/4.7.3/../../../../../H-i686-mingw32/nios2-elf/lib/mno-hw-mul\libsmallc.a(lib_a-__call_atexit.o)
 .data          0x00014604        0x0 ../stage5_bsp/\libhal_bsp.a(alt_exit.o)
                0x0001c604                _gp = ABSOLUTE ((. + 0x8000))
                0x0001c604                PROVIDE (gp, _gp)
 *(.rwdata .rwdata.*)
 *(.sdata .sdata.* .gnu.linkonce.s.*)
 .sdata         0x00014604        0x8 c:/altera/13.1/nios2eds/bin/gnu/h-i686-mingw32/bin/../lib/gcc/nios2-elf/4.7.3/../../../../../H-i686-mingw32/nios2-elf/lib/mno-hw-mul\libsmallc.a(lib_a-impure.o)
                0x00014604                _global_impure_ptr
                0x00014608                _impure_ptr
 .sdata         0x0001460c       0x14 ../stage5_bsp/\libhal_bsp.a(alt_dev.o)
                0x0001460c                alt_fs_list
                0x00014614                alt_dev_list
                0x0001461c                alt_max_fd
 .sdata         0x00014620        0x4 ../stage5_bsp/\libhal_bsp.a(alt_errno.o)
                0x00014620                alt_errno
 *(.sdata2 .sdata2.* .gnu.linkonce.s2.*)
                0x00014624                . = ALIGN (0x4)
                0x00014624                _edata = ABSOLUTE (.)
                0x00014624                PROVIDE (edata, ABSOLUTE (.))
                0x00014624                PROVIDE (__ram_rwdata_end, ABSOLUTE (.))
                0x00014624                PROVIDE (__flash_rwdata_start, LOADADDR (.rwdata))

.bss            0x00014afc      0xab4
                0x00014afc                __bss_start = ABSOLUTE (.)
                0x00014afc                PROVIDE (__sbss_start, ABSOLUTE (.))
                0x00014afc                PROVIDE (___sbss_start, ABSOLUTE (.))
 *(.dynsbss)
 *(.sbss .sbss.* .gnu.linkonce.sb.*)
 .sbss          0x00014afc       0x10 obj/default/huffman.o
                0x00014afc                bit_buffer
                0x00014b00                bit_count
                0x00014b04                byte_buffer
                0x00014b08                has_odd_byte
 .sbss          0x00014b0c        0x4 c:/altera/13.1/nios2eds/bin/gnu/h-i686-mingw32/bin/../lib/gcc/nios2-elf/4.7.3/../../../../../H-i686-mingw32/nios2-elf/lib/mno-hw-mul\libsmallc.a(lib_a-int_errno.o)
                0x00014b0c                errno
 .sbss          0x00014b10        0xc ../stage5_bsp/\libhal_bsp.a(alt_main.o)
                0x00014b10                alt_argc
                0x00014b14                alt_argv
                0x00014b18                alt_envp
 .sbss          0x00014b1c        0x8 ../stage5_bsp/\libhal_bsp.a(altera_avalon_timer_vars.o)
                0x00014b1c                altera_avalon_timer_ts_base
                0x00014b20                altera_avalon_timer_ts_freq
 *(.sbss2 .sbss2.* .gnu.linkonce.sb2.*)
 *(.scommon)
                0x00014b24                PROVIDE (__sbss_end, ABSOLUTE (.))
                0x00014b24                PROVIDE (___sbss_end, ABSOLUTE (.))
 *(.dynbss)
 *(.bss .bss.* .gnu.linkonce.b.*)
 .bss           0x00014b24        0x0 ../stage5_bsp//obj/HAL/src/crt0.o
 .bss           0x00014b24        0x0 obj/default/huffdata.o
 .bss           0x00014b24        0x0 obj/default/huffman.o
 .bss           0x00014b24        0x0 obj/default/main.o
 .bss           0x00014b24        0x0 obj/default/markdata.o
 .bss           0x00014b24        0x0 obj/default/nios2_common/fifo_io.o
 .bss           0x00014b24        0x0 c:/altera/13.1/nios2eds/bin/gnu/h-i686-mingw32/bin/../lib/gcc/nios2-elf/4.7.3/mno-hw-mul\libgcc.a(_fixunssfsi.o)
 .bss           0x00014b24        0x0 c:/altera/13.1/nios2eds/bin/gnu/h-i686-mingw32/bin/../lib/gcc/nios2-elf/4.7.3/mno-hw-mul\libgcc.a(_addsub_sf.o)
 .bss           0x00014b24        0x0 c:/altera/13.1/nios2eds/bin/gnu/h-i686-mingw32/bin/../lib/gcc/nios2-elf/4.7.3/mno-hw-mul\libgcc.a(_mul_sf.o)
 .bss           0x00014b24        0x0 c:/altera/13.1/nios2eds/bin/gnu/h-i686-mingw32/bin/../lib/gcc/nios2-elf/4.7.3/mno-hw-mul\libgcc.a(_div_sf.o)
 .bss           0x00014b24        0x0 c:/altera/13.1/nios2eds/bin/gnu/h-i686-mingw32/bin/../lib/gcc/nios2-elf/4.7.3/mno-hw-mul\libgcc.a(_ge_sf.o)
 .bss           0x00014b24        0x0 c:/altera/13.1/nios2eds/bin/gnu/h-i686-mingw32/bin/../lib/gcc/nios2-elf/4.7.3/mno-hw-mul\libgcc.a(_si_to_sf.o)
 .bss           0x00014b24        0x0 c:/altera/13.1/nios2eds/bin/gnu/h-i686-mingw32/bin/../lib/gcc/nios2-elf/4.7.3/mno-hw-mul\libgcc.a(_sf_to_si.o)
 .bss           0x00014b24        0x0 c:/altera/13.1/nios2eds/bin/gnu/h-i686-mingw32/bin/../lib/gcc/nios2-elf/4.7.3/mno-hw-mul\libgcc.a(_thenan_sf.o)
 .bss           0x00014b24        0x0 c:/altera/13.1/nios2eds/bin/gnu/h-i686-mingw32/bin/../lib/gcc/nios2-elf/4.7.3/mno-hw-mul\libgcc.a(_usi_to_sf.o)
 .bss           0x00014b24        0x0 c:/altera/13.1/nios2eds/bin/gnu/h-i686-mingw32/bin/../lib/gcc/nios2-elf/4.7.3/mno-hw-mul\libgcc.a(lib2-mul.o)
 .bss           0x00014b24        0x0 c:/altera/13.1/nios2eds/bin/gnu/h-i686-mingw32/bin/../lib/gcc/nios2-elf/4.7.3/mno-hw-mul\libgcc.a(_muldi3.o)
 .bss           0x00014b24        0x0 c:/altera/13.1/nios2eds/bin/gnu/h-i686-mingw32/bin/../lib/gcc/nios2-elf/4.7.3/mno-hw-mul\libgcc.a(_clzsi2.o)
 .bss           0x00014b24        0x0 c:/altera/13.1/nios2eds/bin/gnu/h-i686-mingw32/bin/../lib/gcc/nios2-elf/4.7.3/mno-hw-mul\libgcc.a(_pack_sf.o)
 .bss           0x00014b24        0x0 c:/altera/13.1/nios2eds/bin/gnu/h-i686-mingw32/bin/../lib/gcc/nios2-elf/4.7.3/mno-hw-mul\libgcc.a(_unpack_sf.o)
 .bss           0x00014b24        0x0 c:/altera/13.1/nios2eds/bin/gnu/h-i686-mingw32/bin/../lib/gcc/nios2-elf/4.7.3/mno-hw-mul\libgcc.a(_fpcmp_parts_sf.o)
 .bss           0x00014b24        0x0 c:/altera/13.1/nios2eds/bin/gnu/h-i686-mingw32/bin/../lib/gcc/nios2-elf/4.7.3/mno-hw-mul\libgcc.a(_clz.o)
 .bss           0x00014b24        0x0 c:/altera/13.1/nios2eds/bin/gnu/h-i686-mingw32/bin/../lib/gcc/nios2-elf/4.7.3/../../../../../H-i686-mingw32/nios2-elf/lib/mno-hw-mul\libsmallc.a(lib_a-memcpy.o)
 .bss           0x00014b24        0x0 c:/altera/13.1/nios2eds/bin/gnu/h-i686-mingw32/bin/../lib/gcc/nios2-elf/4.7.3/../../../../../H-i686-mingw32/nios2-elf/lib/mno-hw-mul\libsmallc.a(lib_a-printf.o)
 .bss           0x00014b24        0x0 c:/altera/13.1/nios2eds/bin/gnu/h-i686-mingw32/bin/../lib/gcc/nios2-elf/4.7.3/../../../../../H-i686-mingw32/nios2-elf/lib/mno-hw-mul\libsmallc.a(lib_a-puts.o)
 .bss           0x00014b24        0x0 c:/altera/13.1/nios2eds/bin/gnu/h-i686-mingw32/bin/../lib/gcc/nios2-elf/4.7.3/../../../../../H-i686-mingw32/nios2-elf/lib/mno-hw-mul\libsmallc.a(lib_a-strlen.o)
 .bss           0x00014b24        0x0 c:/altera/13.1/nios2eds/bin/gnu/h-i686-mingw32/bin/../lib/gcc/nios2-elf/4.7.3/../../../../../H-i686-mingw32/nios2-elf/lib/mno-hw-mul\libsmallc.a(lib_a-vfprintf.o)
 .bss           0x00014b24        0x0 c:/altera/13.1/nios2eds/bin/gnu/h-i686-mingw32/bin/../lib/gcc/nios2-elf/4.7.3/../../../../../H-i686-mingw32/nios2-elf/lib/mno-hw-mul\libsmallc.a(lib_a-fvwrite_small_dev.o)
 .bss           0x00014b24        0x0 c:/altera/13.1/nios2eds/bin/gnu/h-i686-mingw32/bin/../lib/gcc/nios2-elf/4.7.3/../../../../../H-i686-mingw32/nios2-elf/lib/mno-hw-mul\libsmallc.a(lib_a-impure.o)
 .bss           0x00014b24        0x0 c:/altera/13.1/nios2eds/bin/gnu/h-i686-mingw32/bin/../lib/gcc/nios2-elf/4.7.3/../../../../../H-i686-mingw32/nios2-elf/lib/mno-hw-mul\libsmallc.a(lib_a-writer.o)
 .bss           0x00014b24        0x0 c:/altera/13.1/nios2eds/bin/gnu/h-i686-mingw32/bin/../lib/gcc/nios2-elf/4.7.3/../../../../../H-i686-mingw32/nios2-elf/lib/mno-hw-mul\libsmallc.a(lib_a-int_errno.o)
 .bss           0x00014b24        0x0 c:/altera/13.1/nios2eds/bin/gnu/h-i686-mingw32/bin/../lib/gcc/nios2-elf/4.7.3/mno-hw-mul\libgcc.a(lib2-divmod.o)
 .bss           0x00014b24        0x0 ../stage5_bsp/\libhal_bsp.a(alt_load.o)
 .bss           0x00014b24        0x0 ../stage5_bsp/\libhal_bsp.a(alt_main.o)
 .bss           0x00014b24        0x0 ../stage5_bsp/\libhal_bsp.a(alt_write.o)
 .bss           0x00014b24        0x0 ../stage5_bsp/\libhal_bsp.a(alt_sys_init.o)
 .bss           0x00014b24        0x0 ../stage5_bsp/\libhal_bsp.a(altera_avalon_jtag_uart_fd.o)
 .bss           0x00014b24        0x0 ../stage5_bsp/\libhal_bsp.a(altera_avalon_jtag_uart_read.o)
 .bss           0x00014b24        0x0 ../stage5_bsp/\libhal_bsp.a(altera_avalon_jtag_uart_write.o)
 .bss           0x00014b24        0x0 ../stage5_bsp/\libhal_bsp.a(altera_avalon_timer_ts.o)
 .bss           0x00014b24        0x0 ../stage5_bsp/\libhal_bsp.a(altera_avalon_timer_vars.o)
 .bss           0x00014b24        0x0 ../stage5_bsp/\libhal_bsp.a(alt_close.o)
 .bss           0x00014b24        0x0 ../stage5_bsp/\libhal_bsp.a(alt_dcache_flush_all.o)
 .bss           0x00014b24        0x0 ../stage5_bsp/\libhal_bsp.a(alt_dev.o)
 .bss           0x00014b24        0x0 ../stage5_bsp/\libhal_bsp.a(alt_dev_llist_insert.o)
 .bss           0x00014b24        0x0 ../stage5_bsp/\libhal_bsp.a(alt_do_ctors.o)
 .bss           0x00014b24        0x0 ../stage5_bsp/\libhal_bsp.a(alt_do_dtors.o)
 .bss           0x00014b24        0x0 ../stage5_bsp/\libhal_bsp.a(alt_errno.o)
 .bss           0x00014b24        0x0 ../stage5_bsp/\libhal_bsp.a(alt_icache_flush_all.o)
 .bss           0x00014b24        0x0 ../stage5_bsp/\libhal_bsp.a(alt_io_redirect.o)
 .bss           0x00014b24        0x0 ../stage5_bsp/\libhal_bsp.a(alt_open.o)
 .bss           0x00014b24        0x0 ../stage5_bsp/\libhal_bsp.a(alt_release_fd.o)
 .bss           0x00014b24        0x0 ../stage5_bsp/\libhal_bsp.a(altera_nios2_qsys_irq.o)
 .bss           0x00014b24        0x0 ../stage5_bsp/\libhal_bsp.a(alt_find_dev.o)
 .bss           0x00014b24        0x0 ../stage5_bsp/\libhal_bsp.a(alt_find_file.o)
 .bss           0x00014b24        0x0 ../stage5_bsp/\libhal_bsp.a(alt_get_fd.o)
 .bss           0x00014b24        0x0 c:/altera/13.1/nios2eds/bin/gnu/h-i686-mingw32/bin/../lib/gcc/nios2-elf/4.7.3/../../../../../H-i686-mingw32/nios2-elf/lib/mno-hw-mul\libsmallc.a(lib_a-atexit.o)
 .bss           0x00014b24        0x0 c:/altera/13.1/nios2eds/bin/gnu/h-i686-mingw32/bin/../lib/gcc/nios2-elf/4.7.3/../../../../../H-i686-mingw32/nios2-elf/lib/mno-hw-mul\libsmallc.a(lib_a-exit.o)
 .bss           0x00014b24        0x0 c:/altera/13.1/nios2eds/bin/gnu/h-i686-mingw32/bin/../lib/gcc/nios2-elf/4.7.3/../../../../../H-i686-mingw32/nios2-elf/lib/mno-hw-mul\libsmallc.a(lib_a-memcmp.o)
 .bss           0x00014b24        0x0 c:/altera/13.1/nios2eds/bin/gnu/h-i686-mingw32/bin/../lib/gcc/nios2-elf/4.7.3/../../../../../H-i686-mingw32/nios2-elf/lib/mno-hw-mul\libsmallc.a(lib_a-__atexit.o)
 .bss           0x00014b24        0x0 c:/altera/13.1/nios2eds/bin/gnu/h-i686-mingw32/bin/../lib/gcc/nios2-elf/4.7.3/../../../../../H-i686-mingw32/nios2-elf/lib/mno-hw-mul\libsmallc.a(lib_a-__call_atexit.o)
 .bss           0x00014b24        0x0 ../stage5_bsp/\libhal_bsp.a(alt_exit.o)
 *(COMMON)
 COMMON         0x00014b24      0x800 obj/default/huffdata.o
                0x00014b24                chrominance_ac_code_table
                0x00014d24                chrominance_ac_size_table
                0x00014f24                luminance_ac_size_table
                0x00015124                luminance_ac_code_table
 COMMON         0x00015324      0x200 obj/default/main.o
                0x00015324                stream_buffer
 COMMON         0x00015524       0x8c c:/altera/13.1/nios2eds/bin/gnu/h-i686-mingw32/bin/../lib/gcc/nios2-elf/4.7.3/../../../../../H-i686-mingw32/nios2-elf/lib/mno-hw-mul\libsmallc.a(lib_a-atexit.o)
                0x00015524                _atexit0
                0x000155b0                . = ALIGN (0x4)
                0x000155b0                __bss_end = ABSOLUTE (.)

.mem_5          0x000155b0        0x0
                0x000155b0                PROVIDE (_alt_partition_mem_5_start, ABSOLUTE (.))
 *(.mem_5 .mem_5. mem_5.*)
                0x000155b0                . = ALIGN (0x4)
                0x000155b0                PROVIDE (_alt_partition_mem_5_end, ABSOLUTE (.))
                0x000155b0                _end = ABSOLUTE (.)
                0x000155b0                end = ABSOLUTE (.)
                0x000155b0                __alt_stack_base = ABSOLUTE (.)
                0x000155b0                PROVIDE (_alt_partition_mem_5_load_addr, LOADADDR (.mem_5))

.stab
 *(.stab)

.stabstr
 *(.stabstr)

.stab.excl
 *(.stab.excl)

.stab.exclstr
 *(.stab.exclstr)

.stab.index
 *(.stab.index)

.stab.indexstr
 *(.stab.indexstr)

.comment        0x00000000       0x23
 *(.comment)
 .comment       0x00000000       0x23 obj/default/huffdata.o
                                 0x24 (size before relaxing)
 .comment       0x00000000       0x24 obj/default/huffman.o
 .comment       0x00000000       0x24 obj/default/main.o
 .comment       0x00000000       0x24 obj/default/markdata.o
 .comment       0x00000000       0x24 obj/default/nios2_common/fifo_io.o
 .comment       0x00000000       0x24 c:/altera/13.1/nios2eds/bin/gnu/h-i686-mingw32/bin/../lib/gcc/nios2-elf/4.7.3/mno-hw-mul\libgcc.a(_fixunssfsi.o)
 .comment       0x00000000       0x24 c:/altera/13.1/nios2eds/bin/gnu/h-i686-mingw32/bin/../lib/gcc/nios2-elf/4.7.3/mno-hw-mul\libgcc.a(_addsub_sf.o)
 .comment       0x00000000       0x24 c:/altera/13.1/nios2eds/bin/gnu/h-i686-mingw32/bin/../lib/gcc/nios2-elf/4.7.3/mno-hw-mul\libgcc.a(_mul_sf.o)
 .comment       0x00000000       0x24 c:/altera/13.1/nios2eds/bin/gnu/h-i686-mingw32/bin/../lib/gcc/nios2-elf/4.7.3/mno-hw-mul\libgcc.a(_div_sf.o)
 .comment       0x00000000       0x24 c:/altera/13.1/nios2eds/bin/gnu/h-i686-mingw32/bin/../lib/gcc/nios2-elf/4.7.3/mno-hw-mul\libgcc.a(_ge_sf.o)
 .comment       0x00000000       0x24 c:/altera/13.1/nios2eds/bin/gnu/h-i686-mingw32/bin/../lib/gcc/nios2-elf/4.7.3/mno-hw-mul\libgcc.a(_si_to_sf.o)
 .comment       0x00000000       0x24 c:/altera/13.1/nios2eds/bin/gnu/h-i686-mingw32/bin/../lib/gcc/nios2-elf/4.7.3/mno-hw-mul\libgcc.a(_sf_to_si.o)
 .comment       0x00000000       0x24 c:/altera/13.1/nios2eds/bin/gnu/h-i686-mingw32/bin/../lib/gcc/nios2-elf/4.7.3/mno-hw-mul\libgcc.a(_thenan_sf.o)
 .comment       0x00000000       0x24 c:/altera/13.1/nios2eds/bin/gnu/h-i686-mingw32/bin/../lib/gcc/nios2-elf/4.7.3/mno-hw-mul\libgcc.a(_usi_to_sf.o)
 .comment       0x00000000       0x24 c:/altera/13.1/nios2eds/bin/gnu/h-i686-mingw32/bin/../lib/gcc/nios2-elf/4.7.3/mno-hw-mul\libgcc.a(lib2-mul.o)
 .comment       0x00000000       0x24 c:/altera/13.1/nios2eds/bin/gnu/h-i686-mingw32/bin/../lib/gcc/nios2-elf/4.7.3/mno-hw-mul\libgcc.a(_muldi3.o)
 .comment       0x00000000       0x24 c:/altera/13.1/nios2eds/bin/gnu/h-i686-mingw32/bin/../lib/gcc/nios2-elf/4.7.3/mno-hw-mul\libgcc.a(_clzsi2.o)
 .comment       0x00000000       0x24 c:/altera/13.1/nios2eds/bin/gnu/h-i686-mingw32/bin/../lib/gcc/nios2-elf/4.7.3/mno-hw-mul\libgcc.a(_pack_sf.o)
 .comment       0x00000000       0x24 c:/altera/13.1/nios2eds/bin/gnu/h-i686-mingw32/bin/../lib/gcc/nios2-elf/4.7.3/mno-hw-mul\libgcc.a(_unpack_sf.o)
 .comment       0x00000000       0x24 c:/altera/13.1/nios2eds/bin/gnu/h-i686-mingw32/bin/../lib/gcc/nios2-elf/4.7.3/mno-hw-mul\libgcc.a(_fpcmp_parts_sf.o)
 .comment       0x00000000       0x24 c:/altera/13.1/nios2eds/bin/gnu/h-i686-mingw32/bin/../lib/gcc/nios2-elf/4.7.3/mno-hw-mul\libgcc.a(_clz.o)
 .comment       0x00000000       0x24 c:/altera/13.1/nios2eds/bin/gnu/h-i686-mingw32/bin/../lib/gcc/nios2-elf/4.7.3/../../../../../H-i686-mingw32/nios2-elf/lib/mno-hw-mul\libsmallc.a(lib_a-memcpy.o)
 .comment       0x00000000       0x24 c:/altera/13.1/nios2eds/bin/gnu/h-i686-mingw32/bin/../lib/gcc/nios2-elf/4.7.3/../../../../../H-i686-mingw32/nios2-elf/lib/mno-hw-mul\libsmallc.a(lib_a-printf.o)
 .comment       0x00000000       0x24 c:/altera/13.1/nios2eds/bin/gnu/h-i686-mingw32/bin/../lib/gcc/nios2-elf/4.7.3/../../../../../H-i686-mingw32/nios2-elf/lib/mno-hw-mul\libsmallc.a(lib_a-puts.o)
 .comment       0x00000000       0x24 c:/altera/13.1/nios2eds/bin/gnu/h-i686-mingw32/bin/../lib/gcc/nios2-elf/4.7.3/../../../../../H-i686-mingw32/nios2-elf/lib/mno-hw-mul\libsmallc.a(lib_a-strlen.o)
 .comment       0x00000000       0x24 c:/altera/13.1/nios2eds/bin/gnu/h-i686-mingw32/bin/../lib/gcc/nios2-elf/4.7.3/../../../../../H-i686-mingw32/nios2-elf/lib/mno-hw-mul\libsmallc.a(lib_a-vfprintf.o)
 .comment       0x00000000       0x24 c:/altera/13.1/nios2eds/bin/gnu/h-i686-mingw32/bin/../lib/gcc/nios2-elf/4.7.3/../../../../../H-i686-mingw32/nios2-elf/lib/mno-hw-mul\libsmallc.a(lib_a-fvwrite_small_dev.o)
 .comment       0x00000000       0x24 c:/altera/13.1/nios2eds/bin/gnu/h-i686-mingw32/bin/../lib/gcc/nios2-elf/4.7.3/../../../../../H-i686-mingw32/nios2-elf/lib/mno-hw-mul\libsmallc.a(lib_a-impure.o)
 .comment       0x00000000       0x24 c:/altera/13.1/nios2eds/bin/gnu/h-i686-mingw32/bin/../lib/gcc/nios2-elf/4.7.3/../../../../../H-i686-mingw32/nios2-elf/lib/mno-hw-mul\libsmallc.a(lib_a-writer.o)
 .comment       0x00000000       0x24 c:/altera/13.1/nios2eds/bin/gnu/h-i686-mingw32/bin/../lib/gcc/nios2-elf/4.7.3/../../../../../H-i686-mingw32/nios2-elf/lib/mno-hw-mul\libsmallc.a(lib_a-int_errno.o)
 .comment       0x00000000       0x24 c:/altera/13.1/nios2eds/bin/gnu/h-i686-mingw32/bin/../lib/gcc/nios2-elf/4.7.3/mno-hw-mul\libgcc.a(lib2-divmod.o)
 .comment       0x00000000       0x24 ../stage5_bsp/\libhal_bsp.a(alt_load.o)
 .comment       0x00000000       0x24 ../stage5_bsp/\libhal_bsp.a(alt_main.o)
 .comment       0x00000000       0x24 ../stage5_bsp/\libhal_bsp.a(alt_write.o)
 .comment       0x00000000       0x24 ../stage5_bsp/\libhal_bsp.a(alt_sys_init.o)
 .comment       0x00000000       0x24 ../stage5_bsp/\libhal_bsp.a(altera_avalon_jtag_uart_fd.o)
 .comment       0x00000000       0x24 ../stage5_bsp/\libhal_bsp.a(altera_avalon_jtag_uart_read.o)
 .comment       0x00000000       0x24 ../stage5_bsp/\libhal_bsp.a(altera_avalon_jtag_uart_write.o)
 .comment       0x00000000       0x24 ../stage5_bsp/\libhal_bsp.a(altera_avalon_timer_ts.o)
 .comment       0x00000000       0x24 ../stage5_bsp/\libhal_bsp.a(altera_avalon_timer_vars.o)
 .comment       0x00000000       0x24 ../stage5_bsp/\libhal_bsp.a(alt_close.o)
 .comment       0x00000000       0x24 ../stage5_bsp/\libhal_bsp.a(alt_dcache_flush_all.o)
 .comment       0x00000000       0x24 ../stage5_bsp/\libhal_bsp.a(alt_dev.o)
 .comment       0x00000000       0x24 ../stage5_bsp/\libhal_bsp.a(alt_dev_llist_insert.o)
 .comment       0x00000000       0x24 ../stage5_bsp/\libhal_bsp.a(alt_do_ctors.o)
 .comment       0x00000000       0x24 ../stage5_bsp/\libhal_bsp.a(alt_do_dtors.o)
 .comment       0x00000000       0x24 ../stage5_bsp/\libhal_bsp.a(alt_errno.o)
 .comment       0x00000000       0x24 ../stage5_bsp/\libhal_bsp.a(alt_icache_flush_all.o)
 .comment       0x00000000       0x24 ../stage5_bsp/\libhal_bsp.a(alt_io_redirect.o)
 .comment       0x00000000       0x24 ../stage5_bsp/\libhal_bsp.a(alt_open.o)
 .comment       0x00000000       0x24 ../stage5_bsp/\libhal_bsp.a(alt_release_fd.o)
 .comment       0x00000000       0x24 ../stage5_bsp/\libhal_bsp.a(altera_nios2_qsys_irq.o)
 .comment       0x00000000       0x24 ../stage5_bsp/\libhal_bsp.a(alt_find_dev.o)
 .comment       0x00000000       0x24 ../stage5_bsp/\libhal_bsp.a(alt_find_file.o)
 .comment       0x00000000       0x24 ../stage5_bsp/\libhal_bsp.a(alt_get_fd.o)
 .comment       0x00000000       0x24 c:/altera/13.1/nios2eds/bin/gnu/h-i686-mingw32/bin/../lib/gcc/nios2-elf/4.7.3/../../../../../H-i686-mingw32/nios2-elf/lib/mno-hw-mul\libsmallc.a(lib_a-atexit.o)
 .comment       0x00000000       0x24 c:/altera/13.1/nios2eds/bin/gnu/h-i686-mingw32/bin/../lib/gcc/nios2-elf/4.7.3/../../../../../H-i686-mingw32/nios2-elf/lib/mno-hw-mul\libsmallc.a(lib_a-exit.o)
 .comment       0x00000000       0x24 c:/altera/13.1/nios2eds/bin/gnu/h-i686-mingw32/bin/../lib/gcc/nios2-elf/4.7.3/../../../../../H-i686-mingw32/nios2-elf/lib/mno-hw-mul\libsmallc.a(lib_a-memcmp.o)
 .comment       0x00000000       0x24 c:/altera/13.1/nios2eds/bin/gnu/h-i686-mingw32/bin/../lib/gcc/nios2-elf/4.7.3/../../../../../H-i686-mingw32/nios2-elf/lib/mno-hw-mul\libsmallc.a(lib_a-__atexit.o)
 .comment       0x00000000       0x24 c:/altera/13.1/nios2eds/bin/gnu/h-i686-mingw32/bin/../lib/gcc/nios2-elf/4.7.3/../../../../../H-i686-mingw32/nios2-elf/lib/mno-hw-mul\libsmallc.a(lib_a-__call_atexit.o)
 .comment       0x00000000       0x24 ../stage5_bsp/\libhal_bsp.a(alt_exit.o)

.debug
 *(.debug)

.line
 *(.line)

.debug_srcinfo
 *(.debug_srcinfo)

.debug_sfnames
 *(.debug_sfnames)

.debug_aranges  0x00000000      0x790
 *(.debug_aranges)
 .debug_aranges
                0x00000000       0x28 ../stage5_bsp//obj/HAL/src/crt0.o
 .debug_aranges
                0x00000028       0x20 obj/default/huffdata.o
 .debug_aranges
                0x00000048       0x20 obj/default/huffman.o
 .debug_aranges
                0x00000068       0x20 obj/default/main.o
 .debug_aranges
                0x00000088       0x18 obj/default/markdata.o
 .debug_aranges
                0x000000a0       0x20 obj/default/nios2_common/fifo_io.o
 .debug_aranges
                0x000000c0       0x20 c:/altera/13.1/nios2eds/bin/gnu/h-i686-mingw32/bin/../lib/gcc/nios2-elf/4.7.3/mno-hw-mul\libgcc.a(_fixunssfsi.o)
 .debug_aranges
                0x000000e0       0x20 c:/altera/13.1/nios2eds/bin/gnu/h-i686-mingw32/bin/../lib/gcc/nios2-elf/4.7.3/mno-hw-mul\libgcc.a(_addsub_sf.o)
 .debug_aranges
                0x00000100       0x20 c:/altera/13.1/nios2eds/bin/gnu/h-i686-mingw32/bin/../lib/gcc/nios2-elf/4.7.3/mno-hw-mul\libgcc.a(_mul_sf.o)
 .debug_aranges
                0x00000120       0x20 c:/altera/13.1/nios2eds/bin/gnu/h-i686-mingw32/bin/../lib/gcc/nios2-elf/4.7.3/mno-hw-mul\libgcc.a(_div_sf.o)
 .debug_aranges
                0x00000140       0x20 c:/altera/13.1/nios2eds/bin/gnu/h-i686-mingw32/bin/../lib/gcc/nios2-elf/4.7.3/mno-hw-mul\libgcc.a(_ge_sf.o)
 .debug_aranges
                0x00000160       0x20 c:/altera/13.1/nios2eds/bin/gnu/h-i686-mingw32/bin/../lib/gcc/nios2-elf/4.7.3/mno-hw-mul\libgcc.a(_si_to_sf.o)
 .debug_aranges
                0x00000180       0x20 c:/altera/13.1/nios2eds/bin/gnu/h-i686-mingw32/bin/../lib/gcc/nios2-elf/4.7.3/mno-hw-mul\libgcc.a(_sf_to_si.o)
 .debug_aranges
                0x000001a0       0x18 c:/altera/13.1/nios2eds/bin/gnu/h-i686-mingw32/bin/../lib/gcc/nios2-elf/4.7.3/mno-hw-mul\libgcc.a(_thenan_sf.o)
 .debug_aranges
                0x000001b8       0x20 c:/altera/13.1/nios2eds/bin/gnu/h-i686-mingw32/bin/../lib/gcc/nios2-elf/4.7.3/mno-hw-mul\libgcc.a(_usi_to_sf.o)
 .debug_aranges
                0x000001d8       0x20 c:/altera/13.1/nios2eds/bin/gnu/h-i686-mingw32/bin/../lib/gcc/nios2-elf/4.7.3/mno-hw-mul\libgcc.a(lib2-mul.o)
 .debug_aranges
                0x000001f8       0x20 c:/altera/13.1/nios2eds/bin/gnu/h-i686-mingw32/bin/../lib/gcc/nios2-elf/4.7.3/mno-hw-mul\libgcc.a(_muldi3.o)
 .debug_aranges
                0x00000218       0x20 c:/altera/13.1/nios2eds/bin/gnu/h-i686-mingw32/bin/../lib/gcc/nios2-elf/4.7.3/mno-hw-mul\libgcc.a(_clzsi2.o)
 .debug_aranges
                0x00000238       0x20 c:/altera/13.1/nios2eds/bin/gnu/h-i686-mingw32/bin/../lib/gcc/nios2-elf/4.7.3/mno-hw-mul\libgcc.a(_pack_sf.o)
 .debug_aranges
                0x00000258       0x20 c:/altera/13.1/nios2eds/bin/gnu/h-i686-mingw32/bin/../lib/gcc/nios2-elf/4.7.3/mno-hw-mul\libgcc.a(_unpack_sf.o)
 .debug_aranges
                0x00000278       0x20 c:/altera/13.1/nios2eds/bin/gnu/h-i686-mingw32/bin/../lib/gcc/nios2-elf/4.7.3/mno-hw-mul\libgcc.a(_fpcmp_parts_sf.o)
 .debug_aranges
                0x00000298       0x18 c:/altera/13.1/nios2eds/bin/gnu/h-i686-mingw32/bin/../lib/gcc/nios2-elf/4.7.3/mno-hw-mul\libgcc.a(_clz.o)
 .debug_aranges
                0x000002b0       0x20 c:/altera/13.1/nios2eds/bin/gnu/h-i686-mingw32/bin/../lib/gcc/nios2-elf/4.7.3/../../../../../H-i686-mingw32/nios2-elf/lib/mno-hw-mul\libsmallc.a(lib_a-memcpy.o)
 .debug_aranges
                0x000002d0       0x20 c:/altera/13.1/nios2eds/bin/gnu/h-i686-mingw32/bin/../lib/gcc/nios2-elf/4.7.3/../../../../../H-i686-mingw32/nios2-elf/lib/mno-hw-mul\libsmallc.a(lib_a-printf.o)
 .debug_aranges
                0x000002f0       0x20 c:/altera/13.1/nios2eds/bin/gnu/h-i686-mingw32/bin/../lib/gcc/nios2-elf/4.7.3/../../../../../H-i686-mingw32/nios2-elf/lib/mno-hw-mul\libsmallc.a(lib_a-puts.o)
 .debug_aranges
                0x00000310       0x20 c:/altera/13.1/nios2eds/bin/gnu/h-i686-mingw32/bin/../lib/gcc/nios2-elf/4.7.3/../../../../../H-i686-mingw32/nios2-elf/lib/mno-hw-mul\libsmallc.a(lib_a-strlen.o)
 .debug_aranges
                0x00000330       0x20 c:/altera/13.1/nios2eds/bin/gnu/h-i686-mingw32/bin/../lib/gcc/nios2-elf/4.7.3/../../../../../H-i686-mingw32/nios2-elf/lib/mno-hw-mul\libsmallc.a(lib_a-vfprintf.o)
 .debug_aranges
                0x00000350       0x20 c:/altera/13.1/nios2eds/bin/gnu/h-i686-mingw32/bin/../lib/gcc/nios2-elf/4.7.3/../../../../../H-i686-mingw32/nios2-elf/lib/mno-hw-mul\libsmallc.a(lib_a-fvwrite_small_dev.o)
 .debug_aranges
                0x00000370       0x18 c:/altera/13.1/nios2eds/bin/gnu/h-i686-mingw32/bin/../lib/gcc/nios2-elf/4.7.3/../../../../../H-i686-mingw32/nios2-elf/lib/mno-hw-mul\libsmallc.a(lib_a-impure.o)
 .debug_aranges
                0x00000388       0x20 c:/altera/13.1/nios2eds/bin/gnu/h-i686-mingw32/bin/../lib/gcc/nios2-elf/4.7.3/../../../../../H-i686-mingw32/nios2-elf/lib/mno-hw-mul\libsmallc.a(lib_a-writer.o)
 .debug_aranges
                0x000003a8       0x18 c:/altera/13.1/nios2eds/bin/gnu/h-i686-mingw32/bin/../lib/gcc/nios2-elf/4.7.3/../../../../../H-i686-mingw32/nios2-elf/lib/mno-hw-mul\libsmallc.a(lib_a-int_errno.o)
 .debug_aranges
                0x000003c0       0x20 c:/altera/13.1/nios2eds/bin/gnu/h-i686-mingw32/bin/../lib/gcc/nios2-elf/4.7.3/mno-hw-mul\libgcc.a(lib2-divmod.o)
 .debug_aranges
                0x000003e0       0x20 ../stage5_bsp/\libhal_bsp.a(alt_load.o)
 .debug_aranges
                0x00000400       0x20 ../stage5_bsp/\libhal_bsp.a(alt_main.o)
 .debug_aranges
                0x00000420       0x20 ../stage5_bsp/\libhal_bsp.a(alt_write.o)
 .debug_aranges
                0x00000440       0x20 ../stage5_bsp/\libhal_bsp.a(alt_sys_init.o)
 .debug_aranges
                0x00000460       0x20 ../stage5_bsp/\libhal_bsp.a(altera_avalon_jtag_uart_fd.o)
 .debug_aranges
                0x00000480       0x20 ../stage5_bsp/\libhal_bsp.a(altera_avalon_jtag_uart_read.o)
 .debug_aranges
                0x000004a0       0x20 ../stage5_bsp/\libhal_bsp.a(altera_avalon_jtag_uart_write.o)
 .debug_aranges
                0x000004c0       0x20 ../stage5_bsp/\libhal_bsp.a(altera_avalon_timer_ts.o)
 .debug_aranges
                0x000004e0       0x18 ../stage5_bsp/\libhal_bsp.a(altera_avalon_timer_vars.o)
 .debug_aranges
                0x000004f8       0x20 ../stage5_bsp/\libhal_bsp.a(alt_close.o)
 .debug_aranges
                0x00000518       0x20 ../stage5_bsp/\libhal_bsp.a(alt_dcache_flush_all.o)
 .debug_aranges
                0x00000538       0x20 ../stage5_bsp/\libhal_bsp.a(alt_dev.o)
 .debug_aranges
                0x00000558       0x20 ../stage5_bsp/\libhal_bsp.a(alt_dev_llist_insert.o)
 .debug_aranges
                0x00000578       0x20 ../stage5_bsp/\libhal_bsp.a(alt_do_ctors.o)
 .debug_aranges
                0x00000598       0x20 ../stage5_bsp/\libhal_bsp.a(alt_do_dtors.o)
 .debug_aranges
                0x000005b8       0x18 ../stage5_bsp/\libhal_bsp.a(alt_errno.o)
 .debug_aranges
                0x000005d0       0x20 ../stage5_bsp/\libhal_bsp.a(alt_icache_flush_all.o)
 .debug_aranges
                0x000005f0       0x20 ../stage5_bsp/\libhal_bsp.a(alt_io_redirect.o)
 .debug_aranges
                0x00000610       0x20 ../stage5_bsp/\libhal_bsp.a(alt_open.o)
 .debug_aranges
                0x00000630       0x20 ../stage5_bsp/\libhal_bsp.a(alt_release_fd.o)
 .debug_aranges
                0x00000650       0x20 ../stage5_bsp/\libhal_bsp.a(altera_nios2_qsys_irq.o)
 .debug_aranges
                0x00000670       0x20 ../stage5_bsp/\libhal_bsp.a(alt_find_dev.o)
 .debug_aranges
                0x00000690       0x20 ../stage5_bsp/\libhal_bsp.a(alt_find_file.o)
 .debug_aranges
                0x000006b0       0x20 ../stage5_bsp/\libhal_bsp.a(alt_get_fd.o)
 .debug_aranges
                0x000006d0       0x20 c:/altera/13.1/nios2eds/bin/gnu/h-i686-mingw32/bin/../lib/gcc/nios2-elf/4.7.3/../../../../../H-i686-mingw32/nios2-elf/lib/mno-hw-mul\libsmallc.a(lib_a-atexit.o)
 .debug_aranges
                0x000006f0       0x20 c:/altera/13.1/nios2eds/bin/gnu/h-i686-mingw32/bin/../lib/gcc/nios2-elf/4.7.3/../../../../../H-i686-mingw32/nios2-elf/lib/mno-hw-mul\libsmallc.a(lib_a-exit.o)
 .debug_aranges
                0x00000710       0x20 c:/altera/13.1/nios2eds/bin/gnu/h-i686-mingw32/bin/../lib/gcc/nios2-elf/4.7.3/../../../../../H-i686-mingw32/nios2-elf/lib/mno-hw-mul\libsmallc.a(lib_a-memcmp.o)
 .debug_aranges
                0x00000730       0x20 c:/altera/13.1/nios2eds/bin/gnu/h-i686-mingw32/bin/../lib/gcc/nios2-elf/4.7.3/../../../../../H-i686-mingw32/nios2-elf/lib/mno-hw-mul\libsmallc.a(lib_a-__atexit.o)
 .debug_aranges
                0x00000750       0x20 c:/altera/13.1/nios2eds/bin/gnu/h-i686-mingw32/bin/../lib/gcc/nios2-elf/4.7.3/../../../../../H-i686-mingw32/nios2-elf/lib/mno-hw-mul\libsmallc.a(lib_a-__call_atexit.o)
 .debug_aranges
                0x00000770       0x20 ../stage5_bsp/\libhal_bsp.a(alt_exit.o)

.debug_pubnames
 *(.debug_pubnames)

.debug_info     0x00000000     0xafbc
 *(.debug_info .gnu.linkonce.wi.*)
 .debug_info    0x00000000       0x64 ../stage5_bsp//obj/HAL/src/crt0.o
 .debug_info    0x00000064      0x20c obj/default/huffdata.o
 .debug_info    0x00000270      0x373 obj/default/huffman.o
 .debug_info    0x000005e3      0x329 obj/default/main.o
 .debug_info    0x0000090c       0x7c obj/default/markdata.o
 .debug_info    0x00000988      0x172 obj/default/nios2_common/fifo_io.o
 .debug_info    0x00000afa       0xc5 c:/altera/13.1/nios2eds/bin/gnu/h-i686-mingw32/bin/../lib/gcc/nios2-elf/4.7.3/mno-hw-mul\libgcc.a(_fixunssfsi.o)
 .debug_info    0x00000bbf      0x57a c:/altera/13.1/nios2eds/bin/gnu/h-i686-mingw32/bin/../lib/gcc/nios2-elf/4.7.3/mno-hw-mul\libgcc.a(_addsub_sf.o)
 .debug_info    0x00001139      0x45d c:/altera/13.1/nios2eds/bin/gnu/h-i686-mingw32/bin/../lib/gcc/nios2-elf/4.7.3/mno-hw-mul\libgcc.a(_mul_sf.o)
 .debug_info    0x00001596      0x437 c:/altera/13.1/nios2eds/bin/gnu/h-i686-mingw32/bin/../lib/gcc/nios2-elf/4.7.3/mno-hw-mul\libgcc.a(_div_sf.o)
 .debug_info    0x000019cd      0x314 c:/altera/13.1/nios2eds/bin/gnu/h-i686-mingw32/bin/../lib/gcc/nios2-elf/4.7.3/mno-hw-mul\libgcc.a(_ge_sf.o)
 .debug_info    0x00001ce1      0x261 c:/altera/13.1/nios2eds/bin/gnu/h-i686-mingw32/bin/../lib/gcc/nios2-elf/4.7.3/mno-hw-mul\libgcc.a(_si_to_sf.o)
 .debug_info    0x00001f42      0x2ff c:/altera/13.1/nios2eds/bin/gnu/h-i686-mingw32/bin/../lib/gcc/nios2-elf/4.7.3/mno-hw-mul\libgcc.a(_sf_to_si.o)
 .debug_info    0x00002241      0x155 c:/altera/13.1/nios2eds/bin/gnu/h-i686-mingw32/bin/../lib/gcc/nios2-elf/4.7.3/mno-hw-mul\libgcc.a(_thenan_sf.o)
 .debug_info    0x00002396      0x288 c:/altera/13.1/nios2eds/bin/gnu/h-i686-mingw32/bin/../lib/gcc/nios2-elf/4.7.3/mno-hw-mul\libgcc.a(_usi_to_sf.o)
 .debug_info    0x0000261e       0xb8 c:/altera/13.1/nios2eds/bin/gnu/h-i686-mingw32/bin/../lib/gcc/nios2-elf/4.7.3/mno-hw-mul\libgcc.a(lib2-mul.o)
 .debug_info    0x000026d6      0x1eb c:/altera/13.1/nios2eds/bin/gnu/h-i686-mingw32/bin/../lib/gcc/nios2-elf/4.7.3/mno-hw-mul\libgcc.a(_muldi3.o)
 .debug_info    0x000028c1      0x123 c:/altera/13.1/nios2eds/bin/gnu/h-i686-mingw32/bin/../lib/gcc/nios2-elf/4.7.3/mno-hw-mul\libgcc.a(_clzsi2.o)
 .debug_info    0x000029e4      0x2f2 c:/altera/13.1/nios2eds/bin/gnu/h-i686-mingw32/bin/../lib/gcc/nios2-elf/4.7.3/mno-hw-mul\libgcc.a(_pack_sf.o)
 .debug_info    0x00002cd6      0x26a c:/altera/13.1/nios2eds/bin/gnu/h-i686-mingw32/bin/../lib/gcc/nios2-elf/4.7.3/mno-hw-mul\libgcc.a(_unpack_sf.o)
 .debug_info    0x00002f40      0x226 c:/altera/13.1/nios2eds/bin/gnu/h-i686-mingw32/bin/../lib/gcc/nios2-elf/4.7.3/mno-hw-mul\libgcc.a(_fpcmp_parts_sf.o)
 .debug_info    0x00003166       0xac c:/altera/13.1/nios2eds/bin/gnu/h-i686-mingw32/bin/../lib/gcc/nios2-elf/4.7.3/mno-hw-mul\libgcc.a(_clz.o)
 .debug_info    0x00003212       0xcd c:/altera/13.1/nios2eds/bin/gnu/h-i686-mingw32/bin/../lib/gcc/nios2-elf/4.7.3/../../../../../H-i686-mingw32/nios2-elf/lib/mno-hw-mul\libsmallc.a(lib_a-memcpy.o)
 .debug_info    0x000032df      0x765 c:/altera/13.1/nios2eds/bin/gnu/h-i686-mingw32/bin/../lib/gcc/nios2-elf/4.7.3/../../../../../H-i686-mingw32/nios2-elf/lib/mno-hw-mul\libsmallc.a(lib_a-printf.o)
 .debug_info    0x00003a44      0x6f4 c:/altera/13.1/nios2eds/bin/gnu/h-i686-mingw32/bin/../lib/gcc/nios2-elf/4.7.3/../../../../../H-i686-mingw32/nios2-elf/lib/mno-hw-mul\libsmallc.a(lib_a-puts.o)
 .debug_info    0x00004138       0xc6 c:/altera/13.1/nios2eds/bin/gnu/h-i686-mingw32/bin/../lib/gcc/nios2-elf/4.7.3/../../../../../H-i686-mingw32/nios2-elf/lib/mno-hw-mul\libsmallc.a(lib_a-strlen.o)
 .debug_info    0x000041fe      0xc69 c:/altera/13.1/nios2eds/bin/gnu/h-i686-mingw32/bin/../lib/gcc/nios2-elf/4.7.3/../../../../../H-i686-mingw32/nios2-elf/lib/mno-hw-mul\libsmallc.a(lib_a-vfprintf.o)
 .debug_info    0x00004e67      0x6d9 c:/altera/13.1/nios2eds/bin/gnu/h-i686-mingw32/bin/../lib/gcc/nios2-elf/4.7.3/../../../../../H-i686-mingw32/nios2-elf/lib/mno-hw-mul\libsmallc.a(lib_a-fvwrite_small_dev.o)
 .debug_info    0x00005540      0x631 c:/altera/13.1/nios2eds/bin/gnu/h-i686-mingw32/bin/../lib/gcc/nios2-elf/4.7.3/../../../../../H-i686-mingw32/nios2-elf/lib/mno-hw-mul\libsmallc.a(lib_a-impure.o)
 .debug_info    0x00005b71      0x6cb c:/altera/13.1/nios2eds/bin/gnu/h-i686-mingw32/bin/../lib/gcc/nios2-elf/4.7.3/../../../../../H-i686-mingw32/nios2-elf/lib/mno-hw-mul\libsmallc.a(lib_a-writer.o)
 .debug_info    0x0000623c       0x84 c:/altera/13.1/nios2eds/bin/gnu/h-i686-mingw32/bin/../lib/gcc/nios2-elf/4.7.3/../../../../../H-i686-mingw32/nios2-elf/lib/mno-hw-mul\libsmallc.a(lib_a-int_errno.o)
 .debug_info    0x000062c0      0x289 c:/altera/13.1/nios2eds/bin/gnu/h-i686-mingw32/bin/../lib/gcc/nios2-elf/4.7.3/mno-hw-mul\libgcc.a(lib2-divmod.o)
 .debug_info    0x00006549      0x135 ../stage5_bsp/\libhal_bsp.a(alt_load.o)
 .debug_info    0x0000667e      0x139 ../stage5_bsp/\libhal_bsp.a(alt_main.o)
 .debug_info    0x000067b7      0x507 ../stage5_bsp/\libhal_bsp.a(alt_write.o)
 .debug_info    0x00006cbe      0x420 ../stage5_bsp/\libhal_bsp.a(alt_sys_init.o)
 .debug_info    0x000070de      0x3da ../stage5_bsp/\libhal_bsp.a(altera_avalon_jtag_uart_fd.o)
 .debug_info    0x000074b8      0x1bc ../stage5_bsp/\libhal_bsp.a(altera_avalon_jtag_uart_read.o)
 .debug_info    0x00007674      0x19f ../stage5_bsp/\libhal_bsp.a(altera_avalon_jtag_uart_write.o)
 .debug_info    0x00007813      0x18d ../stage5_bsp/\libhal_bsp.a(altera_avalon_timer_ts.o)
 .debug_info    0x000079a0       0xea ../stage5_bsp/\libhal_bsp.a(altera_avalon_timer_vars.o)
 .debug_info    0x00007a8a      0x350 ../stage5_bsp/\libhal_bsp.a(alt_close.o)
 .debug_info    0x00007dda       0x90 ../stage5_bsp/\libhal_bsp.a(alt_dcache_flush_all.o)
 .debug_info    0x00007e6a      0x4e3 ../stage5_bsp/\libhal_bsp.a(alt_dev.o)
 .debug_info    0x0000834d      0x1b9 ../stage5_bsp/\libhal_bsp.a(alt_dev_llist_insert.o)
 .debug_info    0x00008506       0x8d ../stage5_bsp/\libhal_bsp.a(alt_do_ctors.o)
 .debug_info    0x00008593       0x8d ../stage5_bsp/\libhal_bsp.a(alt_do_dtors.o)
 .debug_info    0x00008620       0xa3 ../stage5_bsp/\libhal_bsp.a(alt_errno.o)
 .debug_info    0x000086c3       0x90 ../stage5_bsp/\libhal_bsp.a(alt_icache_flush_all.o)
 .debug_info    0x00008753      0x4f0 ../stage5_bsp/\libhal_bsp.a(alt_io_redirect.o)
 .debug_info    0x00008c43      0x3f0 ../stage5_bsp/\libhal_bsp.a(alt_open.o)
 .debug_info    0x00009033      0x2dd ../stage5_bsp/\libhal_bsp.a(alt_release_fd.o)
 .debug_info    0x00009310       0x90 ../stage5_bsp/\libhal_bsp.a(altera_nios2_qsys_irq.o)
 .debug_info    0x000093a0      0x30d ../stage5_bsp/\libhal_bsp.a(alt_find_dev.o)
 .debug_info    0x000096ad      0x30c ../stage5_bsp/\libhal_bsp.a(alt_find_file.o)
 .debug_info    0x000099b9      0x339 ../stage5_bsp/\libhal_bsp.a(alt_get_fd.o)
 .debug_info    0x00009cf2      0x1eb c:/altera/13.1/nios2eds/bin/gnu/h-i686-mingw32/bin/../lib/gcc/nios2-elf/4.7.3/../../../../../H-i686-mingw32/nios2-elf/lib/mno-hw-mul\libsmallc.a(lib_a-atexit.o)
 .debug_info    0x00009edd       0xf8 c:/altera/13.1/nios2eds/bin/gnu/h-i686-mingw32/bin/../lib/gcc/nios2-elf/4.7.3/../../../../../H-i686-mingw32/nios2-elf/lib/mno-hw-mul\libsmallc.a(lib_a-exit.o)
 .debug_info    0x00009fd5       0xf1 c:/altera/13.1/nios2eds/bin/gnu/h-i686-mingw32/bin/../lib/gcc/nios2-elf/4.7.3/../../../../../H-i686-mingw32/nios2-elf/lib/mno-hw-mul\libsmallc.a(lib_a-memcmp.o)
 .debug_info    0x0000a0c6      0x6fc c:/altera/13.1/nios2eds/bin/gnu/h-i686-mingw32/bin/../lib/gcc/nios2-elf/4.7.3/../../../../../H-i686-mingw32/nios2-elf/lib/mno-hw-mul\libsmallc.a(lib_a-__atexit.o)
 .debug_info    0x0000a7c2      0x70e c:/altera/13.1/nios2eds/bin/gnu/h-i686-mingw32/bin/../lib/gcc/nios2-elf/4.7.3/../../../../../H-i686-mingw32/nios2-elf/lib/mno-hw-mul\libsmallc.a(lib_a-__call_atexit.o)
 .debug_info    0x0000aed0       0xec ../stage5_bsp/\libhal_bsp.a(alt_exit.o)

.debug_abbrev   0x00000000     0x3feb
 *(.debug_abbrev)
 .debug_abbrev  0x00000000       0x12 ../stage5_bsp//obj/HAL/src/crt0.o
 .debug_abbrev  0x00000012       0xa4 obj/default/huffdata.o
 .debug_abbrev  0x000000b6      0x10b obj/default/huffman.o
 .debug_abbrev  0x000001c1       0xe9 obj/default/main.o
 .debug_abbrev  0x000002aa       0x56 obj/default/markdata.o
 .debug_abbrev  0x00000300       0x90 obj/default/nios2_common/fifo_io.o
 .debug_abbrev  0x00000390       0x60 c:/altera/13.1/nios2eds/bin/gnu/h-i686-mingw32/bin/../lib/gcc/nios2-elf/4.7.3/mno-hw-mul\libgcc.a(_fixunssfsi.o)
 .debug_abbrev  0x000003f0      0x22d c:/altera/13.1/nios2eds/bin/gnu/h-i686-mingw32/bin/../lib/gcc/nios2-elf/4.7.3/mno-hw-mul\libgcc.a(_addsub_sf.o)
 .debug_abbrev  0x0000061d      0x23b c:/altera/13.1/nios2eds/bin/gnu/h-i686-mingw32/bin/../lib/gcc/nios2-elf/4.7.3/mno-hw-mul\libgcc.a(_mul_sf.o)
 .debug_abbrev  0x00000858      0x245 c:/altera/13.1/nios2eds/bin/gnu/h-i686-mingw32/bin/../lib/gcc/nios2-elf/4.7.3/mno-hw-mul\libgcc.a(_div_sf.o)
 .debug_abbrev  0x00000a9d      0x1a5 c:/altera/13.1/nios2eds/bin/gnu/h-i686-mingw32/bin/../lib/gcc/nios2-elf/4.7.3/mno-hw-mul\libgcc.a(_ge_sf.o)
 .debug_abbrev  0x00000c42      0x19c c:/altera/13.1/nios2eds/bin/gnu/h-i686-mingw32/bin/../lib/gcc/nios2-elf/4.7.3/mno-hw-mul\libgcc.a(_si_to_sf.o)
 .debug_abbrev  0x00000dde      0x1ae c:/altera/13.1/nios2eds/bin/gnu/h-i686-mingw32/bin/../lib/gcc/nios2-elf/4.7.3/mno-hw-mul\libgcc.a(_sf_to_si.o)
 .debug_abbrev  0x00000f8c       0xb6 c:/altera/13.1/nios2eds/bin/gnu/h-i686-mingw32/bin/../lib/gcc/nios2-elf/4.7.3/mno-hw-mul\libgcc.a(_thenan_sf.o)
 .debug_abbrev  0x00001042      0x1b2 c:/altera/13.1/nios2eds/bin/gnu/h-i686-mingw32/bin/../lib/gcc/nios2-elf/4.7.3/mno-hw-mul\libgcc.a(_usi_to_sf.o)
 .debug_abbrev  0x000011f4       0x6f c:/altera/13.1/nios2eds/bin/gnu/h-i686-mingw32/bin/../lib/gcc/nios2-elf/4.7.3/mno-hw-mul\libgcc.a(lib2-mul.o)
 .debug_abbrev  0x00001263       0xe0 c:/altera/13.1/nios2eds/bin/gnu/h-i686-mingw32/bin/../lib/gcc/nios2-elf/4.7.3/mno-hw-mul\libgcc.a(_muldi3.o)
 .debug_abbrev  0x00001343       0xbe c:/altera/13.1/nios2eds/bin/gnu/h-i686-mingw32/bin/../lib/gcc/nios2-elf/4.7.3/mno-hw-mul\libgcc.a(_clzsi2.o)
 .debug_abbrev  0x00001401      0x1b1 c:/altera/13.1/nios2eds/bin/gnu/h-i686-mingw32/bin/../lib/gcc/nios2-elf/4.7.3/mno-hw-mul\libgcc.a(_pack_sf.o)
 .debug_abbrev  0x000015b2      0x15f c:/altera/13.1/nios2eds/bin/gnu/h-i686-mingw32/bin/../lib/gcc/nios2-elf/4.7.3/mno-hw-mul\libgcc.a(_unpack_sf.o)
 .debug_abbrev  0x00001711      0x146 c:/altera/13.1/nios2eds/bin/gnu/h-i686-mingw32/bin/../lib/gcc/nios2-elf/4.7.3/mno-hw-mul\libgcc.a(_fpcmp_parts_sf.o)
 .debug_abbrev  0x00001857       0x5d c:/altera/13.1/nios2eds/bin/gnu/h-i686-mingw32/bin/../lib/gcc/nios2-elf/4.7.3/mno-hw-mul\libgcc.a(_clz.o)
 .debug_abbrev  0x000018b4       0x95 c:/altera/13.1/nios2eds/bin/gnu/h-i686-mingw32/bin/../lib/gcc/nios2-elf/4.7.3/../../../../../H-i686-mingw32/nios2-elf/lib/mno-hw-mul\libsmallc.a(lib_a-memcpy.o)
 .debug_abbrev  0x00001949      0x1e2 c:/altera/13.1/nios2eds/bin/gnu/h-i686-mingw32/bin/../lib/gcc/nios2-elf/4.7.3/../../../../../H-i686-mingw32/nios2-elf/lib/mno-hw-mul\libsmallc.a(lib_a-printf.o)
 .debug_abbrev  0x00001b2b      0x1d4 c:/altera/13.1/nios2eds/bin/gnu/h-i686-mingw32/bin/../lib/gcc/nios2-elf/4.7.3/../../../../../H-i686-mingw32/nios2-elf/lib/mno-hw-mul\libsmallc.a(lib_a-puts.o)
 .debug_abbrev  0x00001cff       0x7f c:/altera/13.1/nios2eds/bin/gnu/h-i686-mingw32/bin/../lib/gcc/nios2-elf/4.7.3/../../../../../H-i686-mingw32/nios2-elf/lib/mno-hw-mul\libsmallc.a(lib_a-strlen.o)
 .debug_abbrev  0x00001d7e      0x2db c:/altera/13.1/nios2eds/bin/gnu/h-i686-mingw32/bin/../lib/gcc/nios2-elf/4.7.3/../../../../../H-i686-mingw32/nios2-elf/lib/mno-hw-mul\libsmallc.a(lib_a-vfprintf.o)
 .debug_abbrev  0x00002059      0x1a8 c:/altera/13.1/nios2eds/bin/gnu/h-i686-mingw32/bin/../lib/gcc/nios2-elf/4.7.3/../../../../../H-i686-mingw32/nios2-elf/lib/mno-hw-mul\libsmallc.a(lib_a-fvwrite_small_dev.o)
 .debug_abbrev  0x00002201      0x13b c:/altera/13.1/nios2eds/bin/gnu/h-i686-mingw32/bin/../lib/gcc/nios2-elf/4.7.3/../../../../../H-i686-mingw32/nios2-elf/lib/mno-hw-mul\libsmallc.a(lib_a-impure.o)
 .debug_abbrev  0x0000233c      0x199 c:/altera/13.1/nios2eds/bin/gnu/h-i686-mingw32/bin/../lib/gcc/nios2-elf/4.7.3/../../../../../H-i686-mingw32/nios2-elf/lib/mno-hw-mul\libsmallc.a(lib_a-writer.o)
 .debug_abbrev  0x000024d5       0x37 c:/altera/13.1/nios2eds/bin/gnu/h-i686-mingw32/bin/../lib/gcc/nios2-elf/4.7.3/../../../../../H-i686-mingw32/nios2-elf/lib/mno-hw-mul\libsmallc.a(lib_a-int_errno.o)
 .debug_abbrev  0x0000250c      0x112 c:/altera/13.1/nios2eds/bin/gnu/h-i686-mingw32/bin/../lib/gcc/nios2-elf/4.7.3/mno-hw-mul\libgcc.a(lib2-divmod.o)
 .debug_abbrev  0x0000261e       0x9d ../stage5_bsp/\libhal_bsp.a(alt_load.o)
 .debug_abbrev  0x000026bb       0xba ../stage5_bsp/\libhal_bsp.a(alt_main.o)
 .debug_abbrev  0x00002775      0x133 ../stage5_bsp/\libhal_bsp.a(alt_write.o)
 .debug_abbrev  0x000028a8      0x155 ../stage5_bsp/\libhal_bsp.a(alt_sys_init.o)
 .debug_abbrev  0x000029fd       0xf7 ../stage5_bsp/\libhal_bsp.a(altera_avalon_jtag_uart_fd.o)
 .debug_abbrev  0x00002af4       0xd5 ../stage5_bsp/\libhal_bsp.a(altera_avalon_jtag_uart_read.o)
 .debug_abbrev  0x00002bc9       0xd5 ../stage5_bsp/\libhal_bsp.a(altera_avalon_jtag_uart_write.o)
 .debug_abbrev  0x00002c9e       0xc4 ../stage5_bsp/\libhal_bsp.a(altera_avalon_timer_ts.o)
 .debug_abbrev  0x00002d62       0x83 ../stage5_bsp/\libhal_bsp.a(altera_avalon_timer_vars.o)
 .debug_abbrev  0x00002de5      0x11f ../stage5_bsp/\libhal_bsp.a(alt_close.o)
 .debug_abbrev  0x00002f04       0x42 ../stage5_bsp/\libhal_bsp.a(alt_dcache_flush_all.o)
 .debug_abbrev  0x00002f46       0xd9 ../stage5_bsp/\libhal_bsp.a(alt_dev.o)
 .debug_abbrev  0x0000301f      0x114 ../stage5_bsp/\libhal_bsp.a(alt_dev_llist_insert.o)
 .debug_abbrev  0x00003133       0x79 ../stage5_bsp/\libhal_bsp.a(alt_do_ctors.o)
 .debug_abbrev  0x000031ac       0x79 ../stage5_bsp/\libhal_bsp.a(alt_do_dtors.o)
 .debug_abbrev  0x00003225       0x5a ../stage5_bsp/\libhal_bsp.a(alt_errno.o)
 .debug_abbrev  0x0000327f       0x42 ../stage5_bsp/\libhal_bsp.a(alt_icache_flush_all.o)
 .debug_abbrev  0x000032c1      0x114 ../stage5_bsp/\libhal_bsp.a(alt_io_redirect.o)
 .debug_abbrev  0x000033d5      0x148 ../stage5_bsp/\libhal_bsp.a(alt_open.o)
 .debug_abbrev  0x0000351d       0xde ../stage5_bsp/\libhal_bsp.a(alt_release_fd.o)
 .debug_abbrev  0x000035fb       0x42 ../stage5_bsp/\libhal_bsp.a(altera_nios2_qsys_irq.o)
 .debug_abbrev  0x0000363d       0xf0 ../stage5_bsp/\libhal_bsp.a(alt_find_dev.o)
 .debug_abbrev  0x0000372d       0xf0 ../stage5_bsp/\libhal_bsp.a(alt_find_file.o)
 .debug_abbrev  0x0000381d      0x10d ../stage5_bsp/\libhal_bsp.a(alt_get_fd.o)
 .debug_abbrev  0x0000392a      0x115 c:/altera/13.1/nios2eds/bin/gnu/h-i686-mingw32/bin/../lib/gcc/nios2-elf/4.7.3/../../../../../H-i686-mingw32/nios2-elf/lib/mno-hw-mul\libsmallc.a(lib_a-atexit.o)
 .debug_abbrev  0x00003a3f       0xa9 c:/altera/13.1/nios2eds/bin/gnu/h-i686-mingw32/bin/../lib/gcc/nios2-elf/4.7.3/../../../../../H-i686-mingw32/nios2-elf/lib/mno-hw-mul\libsmallc.a(lib_a-exit.o)
 .debug_abbrev  0x00003ae8       0x7f c:/altera/13.1/nios2eds/bin/gnu/h-i686-mingw32/bin/../lib/gcc/nios2-elf/4.7.3/../../../../../H-i686-mingw32/nios2-elf/lib/mno-hw-mul\libsmallc.a(lib_a-memcmp.o)
 .debug_abbrev  0x00003b67      0x1f5 c:/altera/13.1/nios2eds/bin/gnu/h-i686-mingw32/bin/../lib/gcc/nios2-elf/4.7.3/../../../../../H-i686-mingw32/nios2-elf/lib/mno-hw-mul\libsmallc.a(lib_a-__atexit.o)
 .debug_abbrev  0x00003d5c      0x1e9 c:/altera/13.1/nios2eds/bin/gnu/h-i686-mingw32/bin/../lib/gcc/nios2-elf/4.7.3/../../../../../H-i686-mingw32/nios2-elf/lib/mno-hw-mul\libsmallc.a(lib_a-__call_atexit.o)
 .debug_abbrev  0x00003f45       0xa6 ../stage5_bsp/\libhal_bsp.a(alt_exit.o)

.debug_line     0x00000000     0x3db1
 *(.debug_line)
 .debug_line    0x00000000       0x66 ../stage5_bsp//obj/HAL/src/crt0.o
 .debug_line    0x00000066       0xf1 obj/default/huffdata.o
 .debug_line    0x00000157      0x19c obj/default/huffman.o
 .debug_line    0x000002f3      0x145 obj/default/main.o
 .debug_line    0x00000438       0x46 obj/default/markdata.o
 .debug_line    0x0000047e       0xab obj/default/nios2_common/fifo_io.o
 .debug_line    0x00000529       0x70 c:/altera/13.1/nios2eds/bin/gnu/h-i686-mingw32/bin/../lib/gcc/nios2-elf/4.7.3/mno-hw-mul\libgcc.a(_fixunssfsi.o)
 .debug_line    0x00000599      0x112 c:/altera/13.1/nios2eds/bin/gnu/h-i686-mingw32/bin/../lib/gcc/nios2-elf/4.7.3/mno-hw-mul\libgcc.a(_addsub_sf.o)
 .debug_line    0x000006ab       0xe2 c:/altera/13.1/nios2eds/bin/gnu/h-i686-mingw32/bin/../lib/gcc/nios2-elf/4.7.3/mno-hw-mul\libgcc.a(_mul_sf.o)
 .debug_line    0x0000078d       0xcb c:/altera/13.1/nios2eds/bin/gnu/h-i686-mingw32/bin/../lib/gcc/nios2-elf/4.7.3/mno-hw-mul\libgcc.a(_div_sf.o)
 .debug_line    0x00000858       0x71 c:/altera/13.1/nios2eds/bin/gnu/h-i686-mingw32/bin/../lib/gcc/nios2-elf/4.7.3/mno-hw-mul\libgcc.a(_ge_sf.o)
 .debug_line    0x000008c9       0x95 c:/altera/13.1/nios2eds/bin/gnu/h-i686-mingw32/bin/../lib/gcc/nios2-elf/4.7.3/mno-hw-mul\libgcc.a(_si_to_sf.o)
 .debug_line    0x0000095e       0x90 c:/altera/13.1/nios2eds/bin/gnu/h-i686-mingw32/bin/../lib/gcc/nios2-elf/4.7.3/mno-hw-mul\libgcc.a(_sf_to_si.o)
 .debug_line    0x000009ee       0x54 c:/altera/13.1/nios2eds/bin/gnu/h-i686-mingw32/bin/../lib/gcc/nios2-elf/4.7.3/mno-hw-mul\libgcc.a(_thenan_sf.o)
 .debug_line    0x00000a42       0x99 c:/altera/13.1/nios2eds/bin/gnu/h-i686-mingw32/bin/../lib/gcc/nios2-elf/4.7.3/mno-hw-mul\libgcc.a(_usi_to_sf.o)
 .debug_line    0x00000adb       0x80 c:/altera/13.1/nios2eds/bin/gnu/h-i686-mingw32/bin/../lib/gcc/nios2-elf/4.7.3/mno-hw-mul\libgcc.a(lib2-mul.o)
 .debug_line    0x00000b5b       0xa2 c:/altera/13.1/nios2eds/bin/gnu/h-i686-mingw32/bin/../lib/gcc/nios2-elf/4.7.3/mno-hw-mul\libgcc.a(_muldi3.o)
 .debug_line    0x00000bfd       0x8f c:/altera/13.1/nios2eds/bin/gnu/h-i686-mingw32/bin/../lib/gcc/nios2-elf/4.7.3/mno-hw-mul\libgcc.a(_clzsi2.o)
 .debug_line    0x00000c8c       0xb5 c:/altera/13.1/nios2eds/bin/gnu/h-i686-mingw32/bin/../lib/gcc/nios2-elf/4.7.3/mno-hw-mul\libgcc.a(_pack_sf.o)
 .debug_line    0x00000d41       0x9d c:/altera/13.1/nios2eds/bin/gnu/h-i686-mingw32/bin/../lib/gcc/nios2-elf/4.7.3/mno-hw-mul\libgcc.a(_unpack_sf.o)
 .debug_line    0x00000dde       0x9d c:/altera/13.1/nios2eds/bin/gnu/h-i686-mingw32/bin/../lib/gcc/nios2-elf/4.7.3/mno-hw-mul\libgcc.a(_fpcmp_parts_sf.o)
 .debug_line    0x00000e7b       0x56 c:/altera/13.1/nios2eds/bin/gnu/h-i686-mingw32/bin/../lib/gcc/nios2-elf/4.7.3/mno-hw-mul\libgcc.a(_clz.o)
 .debug_line    0x00000ed1      0x100 c:/altera/13.1/nios2eds/bin/gnu/h-i686-mingw32/bin/../lib/gcc/nios2-elf/4.7.3/../../../../../H-i686-mingw32/nios2-elf/lib/mno-hw-mul\libsmallc.a(lib_a-memcpy.o)
 .debug_line    0x00000fd1      0x219 c:/altera/13.1/nios2eds/bin/gnu/h-i686-mingw32/bin/../lib/gcc/nios2-elf/4.7.3/../../../../../H-i686-mingw32/nios2-elf/lib/mno-hw-mul\libsmallc.a(lib_a-printf.o)
 .debug_line    0x000011ea      0x212 c:/altera/13.1/nios2eds/bin/gnu/h-i686-mingw32/bin/../lib/gcc/nios2-elf/4.7.3/../../../../../H-i686-mingw32/nios2-elf/lib/mno-hw-mul\libsmallc.a(lib_a-puts.o)
 .debug_line    0x000013fc      0x174 c:/altera/13.1/nios2eds/bin/gnu/h-i686-mingw32/bin/../lib/gcc/nios2-elf/4.7.3/../../../../../H-i686-mingw32/nios2-elf/lib/mno-hw-mul\libsmallc.a(lib_a-strlen.o)
 .debug_line    0x00001570      0x40e c:/altera/13.1/nios2eds/bin/gnu/h-i686-mingw32/bin/../lib/gcc/nios2-elf/4.7.3/../../../../../H-i686-mingw32/nios2-elf/lib/mno-hw-mul\libsmallc.a(lib_a-vfprintf.o)
 .debug_line    0x0000197e      0x225 c:/altera/13.1/nios2eds/bin/gnu/h-i686-mingw32/bin/../lib/gcc/nios2-elf/4.7.3/../../../../../H-i686-mingw32/nios2-elf/lib/mno-hw-mul\libsmallc.a(lib_a-fvwrite_small_dev.o)
 .debug_line    0x00001ba3      0x16c c:/altera/13.1/nios2eds/bin/gnu/h-i686-mingw32/bin/../lib/gcc/nios2-elf/4.7.3/../../../../../H-i686-mingw32/nios2-elf/lib/mno-hw-mul\libsmallc.a(lib_a-impure.o)
 .debug_line    0x00001d0f      0x20c c:/altera/13.1/nios2eds/bin/gnu/h-i686-mingw32/bin/../lib/gcc/nios2-elf/4.7.3/../../../../../H-i686-mingw32/nios2-elf/lib/mno-hw-mul\libsmallc.a(lib_a-writer.o)
 .debug_line    0x00001f1b       0x60 c:/altera/13.1/nios2eds/bin/gnu/h-i686-mingw32/bin/../lib/gcc/nios2-elf/4.7.3/../../../../../H-i686-mingw32/nios2-elf/lib/mno-hw-mul\libsmallc.a(lib_a-int_errno.o)
 .debug_line    0x00001f7b       0xd6 c:/altera/13.1/nios2eds/bin/gnu/h-i686-mingw32/bin/../lib/gcc/nios2-elf/4.7.3/mno-hw-mul\libgcc.a(lib2-divmod.o)
 .debug_line    0x00002051       0x92 ../stage5_bsp/\libhal_bsp.a(alt_load.o)
 .debug_line    0x000020e3       0xa4 ../stage5_bsp/\libhal_bsp.a(alt_main.o)
 .debug_line    0x00002187      0x1f8 ../stage5_bsp/\libhal_bsp.a(alt_write.o)
 .debug_line    0x0000237f      0x146 ../stage5_bsp/\libhal_bsp.a(alt_sys_init.o)
 .debug_line    0x000024c5      0x114 ../stage5_bsp/\libhal_bsp.a(altera_avalon_jtag_uart_fd.o)
 .debug_line    0x000025d9      0x101 ../stage5_bsp/\libhal_bsp.a(altera_avalon_jtag_uart_read.o)
 .debug_line    0x000026da       0xf8 ../stage5_bsp/\libhal_bsp.a(altera_avalon_jtag_uart_write.o)
 .debug_line    0x000027d2       0xdd ../stage5_bsp/\libhal_bsp.a(altera_avalon_timer_ts.o)
 .debug_line    0x000028af       0x8a ../stage5_bsp/\libhal_bsp.a(altera_avalon_timer_vars.o)
 .debug_line    0x00002939      0x186 ../stage5_bsp/\libhal_bsp.a(alt_close.o)
 .debug_line    0x00002abf       0x51 ../stage5_bsp/\libhal_bsp.a(alt_dcache_flush_all.o)
 .debug_line    0x00002b10      0x119 ../stage5_bsp/\libhal_bsp.a(alt_dev.o)
 .debug_line    0x00002c29       0xd0 ../stage5_bsp/\libhal_bsp.a(alt_dev_llist_insert.o)
 .debug_line    0x00002cf9       0x59 ../stage5_bsp/\libhal_bsp.a(alt_do_ctors.o)
 .debug_line    0x00002d52       0x59 ../stage5_bsp/\libhal_bsp.a(alt_do_dtors.o)
 .debug_line    0x00002dab       0x51 ../stage5_bsp/\libhal_bsp.a(alt_errno.o)
 .debug_line    0x00002dfc       0x4f ../stage5_bsp/\libhal_bsp.a(alt_icache_flush_all.o)
 .debug_line    0x00002e4b      0x156 ../stage5_bsp/\libhal_bsp.a(alt_io_redirect.o)
 .debug_line    0x00002fa1      0x128 ../stage5_bsp/\libhal_bsp.a(alt_open.o)
 .debug_line    0x000030c9       0xb0 ../stage5_bsp/\libhal_bsp.a(alt_release_fd.o)
 .debug_line    0x00003179       0x51 ../stage5_bsp/\libhal_bsp.a(altera_nios2_qsys_irq.o)
 .debug_line    0x000031ca       0xb9 ../stage5_bsp/\libhal_bsp.a(alt_find_dev.o)
 .debug_line    0x00003283       0xd5 ../stage5_bsp/\libhal_bsp.a(alt_find_file.o)
 .debug_line    0x00003358       0xd4 ../stage5_bsp/\libhal_bsp.a(alt_get_fd.o)
 .debug_line    0x0000342c      0x170 c:/altera/13.1/nios2eds/bin/gnu/h-i686-mingw32/bin/../lib/gcc/nios2-elf/4.7.3/../../../../../H-i686-mingw32/nios2-elf/lib/mno-hw-mul\libsmallc.a(lib_a-atexit.o)
 .debug_line    0x0000359c      0x170 c:/altera/13.1/nios2eds/bin/gnu/h-i686-mingw32/bin/../lib/gcc/nios2-elf/4.7.3/../../../../../H-i686-mingw32/nios2-elf/lib/mno-hw-mul\libsmallc.a(lib_a-exit.o)
 .debug_line    0x0000370c      0x17f c:/altera/13.1/nios2eds/bin/gnu/h-i686-mingw32/bin/../lib/gcc/nios2-elf/4.7.3/../../../../../H-i686-mingw32/nios2-elf/lib/mno-hw-mul\libsmallc.a(lib_a-memcmp.o)
 .debug_line    0x0000388b      0x24e c:/altera/13.1/nios2eds/bin/gnu/h-i686-mingw32/bin/../lib/gcc/nios2-elf/4.7.3/../../../../../H-i686-mingw32/nios2-elf/lib/mno-hw-mul\libsmallc.a(lib_a-__atexit.o)
 .debug_line    0x00003ad9      0x267 c:/altera/13.1/nios2eds/bin/gnu/h-i686-mingw32/bin/../lib/gcc/nios2-elf/4.7.3/../../../../../H-i686-mingw32/nios2-elf/lib/mno-hw-mul\libsmallc.a(lib_a-__call_atexit.o)
 .debug_line    0x00003d40       0x71 ../stage5_bsp/\libhal_bsp.a(alt_exit.o)

.debug_frame    0x00000000      0xba0
 *(.debug_frame)
 .debug_frame   0x00000000       0x30 obj/default/huffdata.o
 .debug_frame   0x00000030       0x80 obj/default/huffman.o
 .debug_frame   0x000000b0       0x4c obj/default/main.o
 .debug_frame   0x000000fc       0x64 obj/default/nios2_common/fifo_io.o
 .debug_frame   0x00000160       0x2c c:/altera/13.1/nios2eds/bin/gnu/h-i686-mingw32/bin/../lib/gcc/nios2-elf/4.7.3/mno-hw-mul\libgcc.a(_fixunssfsi.o)
 .debug_frame   0x0000018c       0x50 c:/altera/13.1/nios2eds/bin/gnu/h-i686-mingw32/bin/../lib/gcc/nios2-elf/4.7.3/mno-hw-mul\libgcc.a(_addsub_sf.o)
 .debug_frame   0x000001dc       0x28 c:/altera/13.1/nios2eds/bin/gnu/h-i686-mingw32/bin/../lib/gcc/nios2-elf/4.7.3/mno-hw-mul\libgcc.a(_mul_sf.o)
 .debug_frame   0x00000204       0x28 c:/altera/13.1/nios2eds/bin/gnu/h-i686-mingw32/bin/../lib/gcc/nios2-elf/4.7.3/mno-hw-mul\libgcc.a(_div_sf.o)
 .debug_frame   0x0000022c       0x28 c:/altera/13.1/nios2eds/bin/gnu/h-i686-mingw32/bin/../lib/gcc/nios2-elf/4.7.3/mno-hw-mul\libgcc.a(_ge_sf.o)
 .debug_frame   0x00000254       0x28 c:/altera/13.1/nios2eds/bin/gnu/h-i686-mingw32/bin/../lib/gcc/nios2-elf/4.7.3/mno-hw-mul\libgcc.a(_si_to_sf.o)
 .debug_frame   0x0000027c       0x28 c:/altera/13.1/nios2eds/bin/gnu/h-i686-mingw32/bin/../lib/gcc/nios2-elf/4.7.3/mno-hw-mul\libgcc.a(_sf_to_si.o)
 .debug_frame   0x000002a4       0x28 c:/altera/13.1/nios2eds/bin/gnu/h-i686-mingw32/bin/../lib/gcc/nios2-elf/4.7.3/mno-hw-mul\libgcc.a(_usi_to_sf.o)
 .debug_frame   0x000002cc       0x20 c:/altera/13.1/nios2eds/bin/gnu/h-i686-mingw32/bin/../lib/gcc/nios2-elf/4.7.3/mno-hw-mul\libgcc.a(lib2-mul.o)
 .debug_frame   0x000002ec       0x3c c:/altera/13.1/nios2eds/bin/gnu/h-i686-mingw32/bin/../lib/gcc/nios2-elf/4.7.3/mno-hw-mul\libgcc.a(_muldi3.o)
 .debug_frame   0x00000328       0x20 c:/altera/13.1/nios2eds/bin/gnu/h-i686-mingw32/bin/../lib/gcc/nios2-elf/4.7.3/mno-hw-mul\libgcc.a(_clzsi2.o)
 .debug_frame   0x00000348       0x20 c:/altera/13.1/nios2eds/bin/gnu/h-i686-mingw32/bin/../lib/gcc/nios2-elf/4.7.3/mno-hw-mul\libgcc.a(_pack_sf.o)
 .debug_frame   0x00000368       0x20 c:/altera/13.1/nios2eds/bin/gnu/h-i686-mingw32/bin/../lib/gcc/nios2-elf/4.7.3/mno-hw-mul\libgcc.a(_unpack_sf.o)
 .debug_frame   0x00000388       0x20 c:/altera/13.1/nios2eds/bin/gnu/h-i686-mingw32/bin/../lib/gcc/nios2-elf/4.7.3/mno-hw-mul\libgcc.a(_fpcmp_parts_sf.o)
 .debug_frame   0x000003a8       0x20 c:/altera/13.1/nios2eds/bin/gnu/h-i686-mingw32/bin/../lib/gcc/nios2-elf/4.7.3/../../../../../H-i686-mingw32/nios2-elf/lib/mno-hw-mul\libsmallc.a(lib_a-memcpy.o)
 .debug_frame   0x000003c8       0x40 c:/altera/13.1/nios2eds/bin/gnu/h-i686-mingw32/bin/../lib/gcc/nios2-elf/4.7.3/../../../../../H-i686-mingw32/nios2-elf/lib/mno-hw-mul\libsmallc.a(lib_a-printf.o)
 .debug_frame   0x00000408       0x3c c:/altera/13.1/nios2eds/bin/gnu/h-i686-mingw32/bin/../lib/gcc/nios2-elf/4.7.3/../../../../../H-i686-mingw32/nios2-elf/lib/mno-hw-mul\libsmallc.a(lib_a-puts.o)
 .debug_frame   0x00000444       0x20 c:/altera/13.1/nios2eds/bin/gnu/h-i686-mingw32/bin/../lib/gcc/nios2-elf/4.7.3/../../../../../H-i686-mingw32/nios2-elf/lib/mno-hw-mul\libsmallc.a(lib_a-strlen.o)
 .debug_frame   0x00000464       0x4c c:/altera/13.1/nios2eds/bin/gnu/h-i686-mingw32/bin/../lib/gcc/nios2-elf/4.7.3/../../../../../H-i686-mingw32/nios2-elf/lib/mno-hw-mul\libsmallc.a(lib_a-vfprintf.o)
 .debug_frame   0x000004b0       0x30 c:/altera/13.1/nios2eds/bin/gnu/h-i686-mingw32/bin/../lib/gcc/nios2-elf/4.7.3/../../../../../H-i686-mingw32/nios2-elf/lib/mno-hw-mul\libsmallc.a(lib_a-fvwrite_small_dev.o)
 .debug_frame   0x000004e0       0x2c c:/altera/13.1/nios2eds/bin/gnu/h-i686-mingw32/bin/../lib/gcc/nios2-elf/4.7.3/../../../../../H-i686-mingw32/nios2-elf/lib/mno-hw-mul\libsmallc.a(lib_a-writer.o)
 .debug_frame   0x0000050c       0x70 c:/altera/13.1/nios2eds/bin/gnu/h-i686-mingw32/bin/../lib/gcc/nios2-elf/4.7.3/mno-hw-mul\libgcc.a(lib2-divmod.o)
 .debug_frame   0x0000057c       0x48 ../stage5_bsp/\libhal_bsp.a(alt_load.o)
 .debug_frame   0x000005c4       0x2c ../stage5_bsp/\libhal_bsp.a(alt_main.o)
 .debug_frame   0x000005f0       0x48 ../stage5_bsp/\libhal_bsp.a(alt_write.o)
 .debug_frame   0x00000638       0x64 ../stage5_bsp/\libhal_bsp.a(alt_sys_init.o)
 .debug_frame   0x0000069c       0x48 ../stage5_bsp/\libhal_bsp.a(altera_avalon_jtag_uart_fd.o)
 .debug_frame   0x000006e4       0x2c ../stage5_bsp/\libhal_bsp.a(altera_avalon_jtag_uart_read.o)
 .debug_frame   0x00000710       0x2c ../stage5_bsp/\libhal_bsp.a(altera_avalon_jtag_uart_write.o)
 .debug_frame   0x0000073c       0x64 ../stage5_bsp/\libhal_bsp.a(altera_avalon_timer_ts.o)
 .debug_frame   0x000007a0       0x48 ../stage5_bsp/\libhal_bsp.a(alt_close.o)
 .debug_frame   0x000007e8       0x2c ../stage5_bsp/\libhal_bsp.a(alt_dcache_flush_all.o)
 .debug_frame   0x00000814       0x2c ../stage5_bsp/\libhal_bsp.a(alt_dev.o)
 .debug_frame   0x00000840       0x48 ../stage5_bsp/\libhal_bsp.a(alt_dev_llist_insert.o)
 .debug_frame   0x00000888       0x2c ../stage5_bsp/\libhal_bsp.a(alt_do_ctors.o)
 .debug_frame   0x000008b4       0x2c ../stage5_bsp/\libhal_bsp.a(alt_do_dtors.o)
 .debug_frame   0x000008e0       0x2c ../stage5_bsp/\libhal_bsp.a(alt_icache_flush_all.o)
 .debug_frame   0x0000090c       0x4c ../stage5_bsp/\libhal_bsp.a(alt_io_redirect.o)
 .debug_frame   0x00000958       0x68 ../stage5_bsp/\libhal_bsp.a(alt_open.o)
 .debug_frame   0x000009c0       0x30 ../stage5_bsp/\libhal_bsp.a(alt_release_fd.o)
 .debug_frame   0x000009f0       0x2c ../stage5_bsp/\libhal_bsp.a(altera_nios2_qsys_irq.o)
 .debug_frame   0x00000a1c       0x2c ../stage5_bsp/\libhal_bsp.a(alt_find_dev.o)
 .debug_frame   0x00000a48       0x2c ../stage5_bsp/\libhal_bsp.a(alt_find_file.o)
 .debug_frame   0x00000a74       0x30 ../stage5_bsp/\libhal_bsp.a(alt_get_fd.o)
 .debug_frame   0x00000aa4       0x20 c:/altera/13.1/nios2eds/bin/gnu/h-i686-mingw32/bin/../lib/gcc/nios2-elf/4.7.3/../../../../../H-i686-mingw32/nios2-elf/lib/mno-hw-mul\libsmallc.a(lib_a-atexit.o)
 .debug_frame   0x00000ac4       0x28 c:/altera/13.1/nios2eds/bin/gnu/h-i686-mingw32/bin/../lib/gcc/nios2-elf/4.7.3/../../../../../H-i686-mingw32/nios2-elf/lib/mno-hw-mul\libsmallc.a(lib_a-exit.o)
 .debug_frame   0x00000aec       0x20 c:/altera/13.1/nios2eds/bin/gnu/h-i686-mingw32/bin/../lib/gcc/nios2-elf/4.7.3/../../../../../H-i686-mingw32/nios2-elf/lib/mno-hw-mul\libsmallc.a(lib_a-memcmp.o)
 .debug_frame   0x00000b0c       0x30 c:/altera/13.1/nios2eds/bin/gnu/h-i686-mingw32/bin/../lib/gcc/nios2-elf/4.7.3/../../../../../H-i686-mingw32/nios2-elf/lib/mno-hw-mul\libsmallc.a(lib_a-__atexit.o)
 .debug_frame   0x00000b3c       0x38 c:/altera/13.1/nios2eds/bin/gnu/h-i686-mingw32/bin/../lib/gcc/nios2-elf/4.7.3/../../../../../H-i686-mingw32/nios2-elf/lib/mno-hw-mul\libsmallc.a(lib_a-__call_atexit.o)
 .debug_frame   0x00000b74       0x2c ../stage5_bsp/\libhal_bsp.a(alt_exit.o)

.debug_str      0x00000000     0x1cc5
 *(.debug_str)
 .debug_str     0x00000000      0x18a obj/default/huffdata.o
                                0x1a1 (size before relaxing)
 .debug_str     0x0000018a      0x131 obj/default/huffman.o
                                0x29a (size before relaxing)
 .debug_str     0x000002bb      0x127 obj/default/main.o
                                0x2c9 (size before relaxing)
 .debug_str     0x000003e2       0x16 obj/default/markdata.o
                                 0x9b (size before relaxing)
 .debug_str     0x000003f8       0x71 obj/default/nios2_common/fifo_io.o
                                0x13f (size before relaxing)
 .debug_str     0x00000469       0xed c:/altera/13.1/nios2eds/bin/gnu/h-i686-mingw32/bin/../lib/gcc/nios2-elf/4.7.3/mno-hw-mul\libgcc.a(_fixunssfsi.o)
                                0x176 (size before relaxing)
 .debug_str     0x00000556      0x16d c:/altera/13.1/nios2eds/bin/gnu/h-i686-mingw32/bin/../lib/gcc/nios2-elf/4.7.3/mno-hw-mul\libgcc.a(_addsub_sf.o)
                                0x2b1 (size before relaxing)
 .debug_str     0x000006c3       0x2a c:/altera/13.1/nios2eds/bin/gnu/h-i686-mingw32/bin/../lib/gcc/nios2-elf/4.7.3/mno-hw-mul\libgcc.a(_mul_sf.o)
                                0x268 (size before relaxing)
 .debug_str     0x000006ed       0x35 c:/altera/13.1/nios2eds/bin/gnu/h-i686-mingw32/bin/../lib/gcc/nios2-elf/4.7.3/mno-hw-mul\libgcc.a(_div_sf.o)
                                0x273 (size before relaxing)
 .debug_str     0x00000722       0x20 c:/altera/13.1/nios2eds/bin/gnu/h-i686-mingw32/bin/../lib/gcc/nios2-elf/4.7.3/mno-hw-mul\libgcc.a(_ge_sf.o)
                                0x240 (size before relaxing)
 .debug_str     0x00000742       0x27 c:/altera/13.1/nios2eds/bin/gnu/h-i686-mingw32/bin/../lib/gcc/nios2-elf/4.7.3/mno-hw-mul\libgcc.a(_si_to_sf.o)
                                0x21c (size before relaxing)
 .debug_str     0x00000769        0xa c:/altera/13.1/nios2eds/bin/gnu/h-i686-mingw32/bin/../lib/gcc/nios2-elf/4.7.3/mno-hw-mul\libgcc.a(_sf_to_si.o)
                                0x238 (size before relaxing)
 .debug_str     0x00000000      0x1cf c:/altera/13.1/nios2eds/bin/gnu/h-i686-mingw32/bin/../lib/gcc/nios2-elf/4.7.3/mno-hw-mul\libgcc.a(_thenan_sf.o)
 .debug_str     0x00000773       0x14 c:/altera/13.1/nios2eds/bin/gnu/h-i686-mingw32/bin/../lib/gcc/nios2-elf/4.7.3/mno-hw-mul\libgcc.a(_usi_to_sf.o)
                                0x218 (size before relaxing)
 .debug_str     0x00000787       0x40 c:/altera/13.1/nios2eds/bin/gnu/h-i686-mingw32/bin/../lib/gcc/nios2-elf/4.7.3/mno-hw-mul\libgcc.a(lib2-mul.o)
                                0x12a (size before relaxing)
 .debug_str     0x000007c7       0x42 c:/altera/13.1/nios2eds/bin/gnu/h-i686-mingw32/bin/../lib/gcc/nios2-elf/4.7.3/mno-hw-mul\libgcc.a(_muldi3.o)
                                0x1b0 (size before relaxing)
 .debug_str     0x00000809       0x17 c:/altera/13.1/nios2eds/bin/gnu/h-i686-mingw32/bin/../lib/gcc/nios2-elf/4.7.3/mno-hw-mul\libgcc.a(_clzsi2.o)
                                0x18b (size before relaxing)
 .debug_str     0x00000820        0x7 c:/altera/13.1/nios2eds/bin/gnu/h-i686-mingw32/bin/../lib/gcc/nios2-elf/4.7.3/mno-hw-mul\libgcc.a(_pack_sf.o)
                                0x22c (size before relaxing)
 .debug_str     0x00000000      0x20e c:/altera/13.1/nios2eds/bin/gnu/h-i686-mingw32/bin/../lib/gcc/nios2-elf/4.7.3/mno-hw-mul\libgcc.a(_unpack_sf.o)
 .debug_str     0x00000000      0x1f2 c:/altera/13.1/nios2eds/bin/gnu/h-i686-mingw32/bin/../lib/gcc/nios2-elf/4.7.3/mno-hw-mul\libgcc.a(_fpcmp_parts_sf.o)
 .debug_str     0x00000000      0x16e c:/altera/13.1/nios2eds/bin/gnu/h-i686-mingw32/bin/../lib/gcc/nios2-elf/4.7.3/mno-hw-mul\libgcc.a(_clz.o)
 .debug_str     0x00000827       0xf9 c:/altera/13.1/nios2eds/bin/gnu/h-i686-mingw32/bin/../lib/gcc/nios2-elf/4.7.3/../../../../../H-i686-mingw32/nios2-elf/lib/mno-hw-mul\libsmallc.a(lib_a-memcpy.o)
                                0x11e (size before relaxing)
 .debug_str     0x00000920      0x3d4 c:/altera/13.1/nios2eds/bin/gnu/h-i686-mingw32/bin/../lib/gcc/nios2-elf/4.7.3/../../../../../H-i686-mingw32/nios2-elf/lib/mno-hw-mul\libsmallc.a(lib_a-printf.o)
                                0x4b4 (size before relaxing)
 .debug_str     0x00000cf4       0x4f c:/altera/13.1/nios2eds/bin/gnu/h-i686-mingw32/bin/../lib/gcc/nios2-elf/4.7.3/../../../../../H-i686-mingw32/nios2-elf/lib/mno-hw-mul\libsmallc.a(lib_a-puts.o)
                                0x463 (size before relaxing)
 .debug_str     0x00000d43       0x3e c:/altera/13.1/nios2eds/bin/gnu/h-i686-mingw32/bin/../lib/gcc/nios2-elf/4.7.3/../../../../../H-i686-mingw32/nios2-elf/lib/mno-hw-mul\libsmallc.a(lib_a-strlen.o)
                                0x190 (size before relaxing)
 .debug_str     0x00000d81      0x190 c:/altera/13.1/nios2eds/bin/gnu/h-i686-mingw32/bin/../lib/gcc/nios2-elf/4.7.3/../../../../../H-i686-mingw32/nios2-elf/lib/mno-hw-mul\libsmallc.a(lib_a-vfprintf.o)
                                0x634 (size before relaxing)
 .debug_str     0x00000f11       0x82 c:/altera/13.1/nios2eds/bin/gnu/h-i686-mingw32/bin/../lib/gcc/nios2-elf/4.7.3/../../../../../H-i686-mingw32/nios2-elf/lib/mno-hw-mul\libsmallc.a(lib_a-fvwrite_small_dev.o)
                                0x48f (size before relaxing)
 .debug_str     0x00000f93       0xfb c:/altera/13.1/nios2eds/bin/gnu/h-i686-mingw32/bin/../lib/gcc/nios2-elf/4.7.3/../../../../../H-i686-mingw32/nios2-elf/lib/mno-hw-mul\libsmallc.a(lib_a-impure.o)
                                0x469 (size before relaxing)
 .debug_str     0x0000108e       0x3d c:/altera/13.1/nios2eds/bin/gnu/h-i686-mingw32/bin/../lib/gcc/nios2-elf/4.7.3/../../../../../H-i686-mingw32/nios2-elf/lib/mno-hw-mul\libsmallc.a(lib_a-writer.o)
                                0x463 (size before relaxing)
 .debug_str     0x000010cb       0x40 c:/altera/13.1/nios2eds/bin/gnu/h-i686-mingw32/bin/../lib/gcc/nios2-elf/4.7.3/../../../../../H-i686-mingw32/nios2-elf/lib/mno-hw-mul\libsmallc.a(lib_a-int_errno.o)
                                0x183 (size before relaxing)
 .debug_str     0x0000110b       0x7f c:/altera/13.1/nios2eds/bin/gnu/h-i686-mingw32/bin/../lib/gcc/nios2-elf/4.7.3/mno-hw-mul\libgcc.a(lib2-divmod.o)
                                0x169 (size before relaxing)
 .debug_str     0x0000118a      0x119 ../stage5_bsp/\libhal_bsp.a(alt_load.o)
                                0x1bf (size before relaxing)
 .debug_str     0x000012a3       0x44 ../stage5_bsp/\libhal_bsp.a(alt_main.o)
                                0x14a (size before relaxing)
 .debug_str     0x000012e7      0x15f ../stage5_bsp/\libhal_bsp.a(alt_write.o)
                                0x2a5 (size before relaxing)
 .debug_str     0x00001446      0x138 ../stage5_bsp/\libhal_bsp.a(alt_sys_init.o)
                                0x2b9 (size before relaxing)
 .debug_str     0x0000157e       0x70 ../stage5_bsp/\libhal_bsp.a(altera_avalon_jtag_uart_fd.o)
                                0x282 (size before relaxing)
 .debug_str     0x000015ee       0x48 ../stage5_bsp/\libhal_bsp.a(altera_avalon_jtag_uart_read.o)
                                0x1cc (size before relaxing)
 .debug_str     0x00001636       0x4a ../stage5_bsp/\libhal_bsp.a(altera_avalon_jtag_uart_write.o)
                                0x1c2 (size before relaxing)
 .debug_str     0x00001680       0x66 ../stage5_bsp/\libhal_bsp.a(altera_avalon_timer_ts.o)
                                0x1b1 (size before relaxing)
 .debug_str     0x000016e6       0x27 ../stage5_bsp/\libhal_bsp.a(altera_avalon_timer_vars.o)
                                0x166 (size before relaxing)
 .debug_str     0x0000170d       0x1b ../stage5_bsp/\libhal_bsp.a(alt_close.o)
                                0x1b8 (size before relaxing)
 .debug_str     0x00001728       0x34 ../stage5_bsp/\libhal_bsp.a(alt_dcache_flush_all.o)
                                0x102 (size before relaxing)
 .debug_str     0x0000175c       0x50 ../stage5_bsp/\libhal_bsp.a(alt_dev.o)
                                0x2b2 (size before relaxing)